Archive member included to satisfy reference by file (symbol)

c:/ti/ccs1220/ccs/tools/compiler/gcc-arm-none-eabi-9-2019-q4-major/bin/../lib/gcc/arm-none-eabi/9.2.1/../../../../arm-none-eabi/lib/thumb/v7e-m/nofp\libc.a(lib_a-exit.o)
                              c:/ti/ccs1220/ccs/tools/compiler/gcc-arm-none-eabi-9-2019-q4-major/bin/../lib/gcc/arm-none-eabi/9.2.1/../../../../arm-none-eabi/lib/thumb/v7e-m/nofp/crt0.o (exit)
c:/ti/ccs1220/ccs/tools/compiler/gcc-arm-none-eabi-9-2019-q4-major/bin/../lib/gcc/arm-none-eabi/9.2.1/../../../../arm-none-eabi/lib/thumb/v7e-m/nofp\libc.a(lib_a-impure.o)
                              c:/ti/ccs1220/ccs/tools/compiler/gcc-arm-none-eabi-9-2019-q4-major/bin/../lib/gcc/arm-none-eabi/9.2.1/../../../../arm-none-eabi/lib/thumb/v7e-m/nofp\libc.a(lib_a-exit.o) (_global_impure_ptr)
c:/ti/ccs1220/ccs/tools/compiler/gcc-arm-none-eabi-9-2019-q4-major/bin/../lib/gcc/arm-none-eabi/9.2.1/../../../../arm-none-eabi/lib/thumb/v7e-m/nofp\libc.a(lib_a-init.o)
                              c:/ti/ccs1220/ccs/tools/compiler/gcc-arm-none-eabi-9-2019-q4-major/bin/../lib/gcc/arm-none-eabi/9.2.1/../../../../arm-none-eabi/lib/thumb/v7e-m/nofp/crt0.o (__libc_init_array)
c:/ti/ccs1220/ccs/tools/compiler/gcc-arm-none-eabi-9-2019-q4-major/bin/../lib/gcc/arm-none-eabi/9.2.1/../../../../arm-none-eabi/lib/thumb/v7e-m/nofp\libc.a(lib_a-memcpy.o)
                              ./Source/FreeRtos/queue.o (memcpy)
c:/ti/ccs1220/ccs/tools/compiler/gcc-arm-none-eabi-9-2019-q4-major/bin/../lib/gcc/arm-none-eabi/9.2.1/../../../../arm-none-eabi/lib/thumb/v7e-m/nofp\libc.a(lib_a-memset.o)
                              c:/ti/ccs1220/ccs/tools/compiler/gcc-arm-none-eabi-9-2019-q4-major/bin/../lib/gcc/arm-none-eabi/9.2.1/../../../../arm-none-eabi/lib/thumb/v7e-m/nofp/crt0.o (memset)
c:/ti/ccs1220/ccs/tools/compiler/gcc-arm-none-eabi-9-2019-q4-major/bin/../lib/gcc/arm-none-eabi/9.2.1/../../../../arm-none-eabi/lib/thumb/v7e-m/nofp\libc.a(lib_a-printf.o)
                              ./Source/FreeRtos/tasks.o (printf)
c:/ti/ccs1220/ccs/tools/compiler/gcc-arm-none-eabi-9-2019-q4-major/bin/../lib/gcc/arm-none-eabi/9.2.1/../../../../arm-none-eabi/lib/thumb/v7e-m/nofp\libc.a(lib_a-puts.o)
                              ./Source/FreeRtos/tasks.o (puts)
c:/ti/ccs1220/ccs/tools/compiler/gcc-arm-none-eabi-9-2019-q4-major/bin/../lib/gcc/arm-none-eabi/9.2.1/../../../../arm-none-eabi/lib/thumb/v7e-m/nofp\libc.a(lib_a-sprintf.o)
                              ./Source/App/Main/main.o (sprintf)
c:/ti/ccs1220/ccs/tools/compiler/gcc-arm-none-eabi-9-2019-q4-major/bin/../lib/gcc/arm-none-eabi/9.2.1/../../../../arm-none-eabi/lib/thumb/v7e-m/nofp\libc.a(lib_a-strcpy.o)
                              ./Source/FreeRtos/tasks.o (strcpy)
c:/ti/ccs1220/ccs/tools/compiler/gcc-arm-none-eabi-9-2019-q4-major/bin/../lib/gcc/arm-none-eabi/9.2.1/../../../../arm-none-eabi/lib/thumb/v7e-m/nofp\libc.a(lib_a-strlen.o)
                              ./Source/FreeRtos/tasks.o (strlen)
c:/ti/ccs1220/ccs/tools/compiler/gcc-arm-none-eabi-9-2019-q4-major/bin/../lib/gcc/arm-none-eabi/9.2.1/../../../../arm-none-eabi/lib/thumb/v7e-m/nofp\libc.a(lib_a-svfprintf.o)
                              c:/ti/ccs1220/ccs/tools/compiler/gcc-arm-none-eabi-9-2019-q4-major/bin/../lib/gcc/arm-none-eabi/9.2.1/../../../../arm-none-eabi/lib/thumb/v7e-m/nofp\libc.a(lib_a-sprintf.o) (_svfprintf_r)
c:/ti/ccs1220/ccs/tools/compiler/gcc-arm-none-eabi-9-2019-q4-major/bin/../lib/gcc/arm-none-eabi/9.2.1/../../../../arm-none-eabi/lib/thumb/v7e-m/nofp\libc.a(lib_a-vfprintf.o)
                              c:/ti/ccs1220/ccs/tools/compiler/gcc-arm-none-eabi-9-2019-q4-major/bin/../lib/gcc/arm-none-eabi/9.2.1/../../../../arm-none-eabi/lib/thumb/v7e-m/nofp\libc.a(lib_a-printf.o) (_vfprintf_r)
c:/ti/ccs1220/ccs/tools/compiler/gcc-arm-none-eabi-9-2019-q4-major/bin/../lib/gcc/arm-none-eabi/9.2.1/../../../../arm-none-eabi/lib/thumb/v7e-m/nofp\libc.a(lib_a-wsetup.o)
                              c:/ti/ccs1220/ccs/tools/compiler/gcc-arm-none-eabi-9-2019-q4-major/bin/../lib/gcc/arm-none-eabi/9.2.1/../../../../arm-none-eabi/lib/thumb/v7e-m/nofp\libc.a(lib_a-vfprintf.o) (__swsetup_r)
c:/ti/ccs1220/ccs/tools/compiler/gcc-arm-none-eabi-9-2019-q4-major/bin/../lib/gcc/arm-none-eabi/9.2.1/../../../../arm-none-eabi/lib/thumb/v7e-m/nofp\libc.a(lib_a-__call_atexit.o)
                              c:/ti/ccs1220/ccs/tools/compiler/gcc-arm-none-eabi-9-2019-q4-major/bin/../lib/gcc/arm-none-eabi/9.2.1/../../../../arm-none-eabi/lib/thumb/v7e-m/nofp\libc.a(lib_a-exit.o) (__call_exitprocs)
c:/ti/ccs1220/ccs/tools/compiler/gcc-arm-none-eabi-9-2019-q4-major/bin/../lib/gcc/arm-none-eabi/9.2.1/../../../../arm-none-eabi/lib/thumb/v7e-m/nofp\libc.a(lib_a-atexit.o)
                              c:/ti/ccs1220/ccs/tools/compiler/gcc-arm-none-eabi-9-2019-q4-major/bin/../lib/gcc/arm-none-eabi/9.2.1/../../../../arm-none-eabi/lib/thumb/v7e-m/nofp\libc.a(lib_a-__call_atexit.o) (atexit)
[...]
Memory Configuration

Name             Origin             Length             Attributes
ROM              0x00020000         0x00020000         xr
RAM              0x20002000         0x00006000         xrw
*default*        0x00000000         0xffffffff

Linker script and memory map

LOAD c:/ti/ccs1220/ccs/tools/compiler/gcc-arm-none-eabi-9-2019-q4-major/bin/../lib/gcc/arm-none-eabi/9.2.1/thumb/v7e-m/nofp/crti.o
LOAD c:/ti/ccs1220/ccs/tools/compiler/gcc-arm-none-eabi-9-2019-q4-major/bin/../lib/gcc/arm-none-eabi/9.2.1/thumb/v7e-m/nofp/crtbegin.o
LOAD c:/ti/ccs1220/ccs/tools/compiler/gcc-arm-none-eabi-9-2019-q4-major/bin/../lib/gcc/arm-none-eabi/9.2.1/../../../../arm-none-eabi/lib/thumb/v7e-m/nofp/crt0.o
LOAD ./Source/App/Main/main.o
LOAD ./Source/BSP/bsp.o
LOAD ./Source/BSP/startup_tm4c_gnu.o
LOAD ./Source/Driver/ADC/ADC_Driver.o
LOAD ./Source/Driver/CAN/CAN_Driver.o
LOAD ./Source/Driver/GPIO/GPIOdriver.o
LOAD ./Source/Driver/I2C/I2C.o
LOAD ./Source/Driver/LCD/LCD.o
LOAD ./Source/Driver/SPI/SPI.o
LOAD ./Source/Driver/Timer/Timer.o
LOAD ./Source/Driver/Timer/timercnter.o
LOAD ./Source/Driver/UART/UART.o
LOAD ./Source/FreeRtos/croutine.o
LOAD ./Source/FreeRtos/event_groups.o
LOAD ./Source/FreeRtos/list.o
LOAD ./Source/FreeRtos/queue.o
LOAD ./Source/FreeRtos/stream_buffer.o
LOAD ./Source/FreeRtos/tasks.o
LOAD ./Source/FreeRtos/timers.o
LOAD ./Source/FreeRtos/portable/Common/mpu_wrappers.o
LOAD ./Source/FreeRtos/portable/GCC/ARM_CM4F/port.o
LOAD ./Source/FreeRtos/portable/MemMang/heap_4.o
LOAD ./Source/Middleware/HCSR04/HCSR04.o
LOAD ./Source/Middleware/MCP3208/MCP3208.o
LOAD ./Source/Middleware/MPU9250/Compas.o
LOAD ./Source/Middleware/MPU9250/Complementary_filter.o
LOAD ./Source/Middleware/MPU9250/MPU9250.o
LOAD ./Source/Middleware/OLED_SSD1306/Font.o
LOAD ./Source/Middleware/OLED_SSD1306/SSD1306.o
LOAD ./Source/Middleware/RTC_DS3231/DS3231.o
                0x00001000                STACK_SIZE = 0x1000
                0x00000800                HEAP_SIZE = 0x800

.isr_vector     0x00020000      0x26c
 *(.isr_vector)
 .isr_vector    0x00020000      0x26c ./Source/BSP/startup_tm4c_gnu.o
                0x00020000                g_pfnVectors
                0x0002026c                . = ALIGN (0x4)

.eh_frame       0x0002026c        0x4
 .eh_frame      0x0002026c        0x0 c:/ti/ccs1220/ccs/tools/compiler/gcc-arm-none-eabi-9-2019-q4-major/bin/../lib/gcc/arm-none-eabi/9.2.1/thumb/v7e-m/nofp/crtbegin.o
 .eh_frame      0x0002026c        0x4 c:/ti/ccs1220/ccs/tools/compiler/gcc-arm-none-eabi-9-2019-q4-major/bin/../lib/gcc/arm-none-eabi/9.2.1/thumb/v7e-m/nofp/crtend.o

.ARM.extab      0x00020270        0x0
 .ARM.extab     0x00020270        0x0 c:/ti/ccs1220/ccs/tools/compiler/gcc-arm-none-eabi-9-2019-q4-major/bin/../lib/gcc/arm-none-eabi/9.2.1/../../../../arm-none-eabi/lib/thumb/v7e-m/nofp/crt0.o

.ARM.exidx      0x00020270        0x8
 .ARM.exidx     0x00020270        0x8 c:/ti/ccs1220/ccs/tools/compiler/gcc-arm-none-eabi-9-2019-q4-major/bin/../lib/gcc/arm-none-eabi/9.2.1/../../../../arm-none-eabi/lib/thumb/v7e-m/nofp/crt0.o

.text           0x00020280    0x18648
                0x00020280                . = ALIGN (0x4)
 *(.text)
 .text          0x00020280        0x0 c:/ti/ccs1220/ccs/tools/compiler/gcc-arm-none-eabi-9-2019-q4-major/bin/../lib/gcc/arm-none-eabi/9.2.1/thumb/v7e-m/nofp/crti.o
 .text          0x00020280       0x40 c:/ti/ccs1220/ccs/tools/compiler/gcc-arm-none-eabi-9-2019-q4-major/bin/../lib/gcc/arm-none-eabi/9.2.1/thumb/v7e-m/nofp/crtbegin.o
 .text          0x000202c0       0x74 c:/ti/ccs1220/ccs/tools/compiler/gcc-arm-none-eabi-9-2019-q4-major/bin/../lib/gcc/arm-none-eabi/9.2.1/../../../../arm-none-eabi/lib/thumb/v7e-m/nofp/crt0.o
                0x000202c0                _start
                0x000202c0                _mainCRTStartup
 .text          0x00020334        0x0 ./Source/App/Main/main.o
 .text          0x00020334        0x0 ./Source/BSP/bsp.o
 .text          0x00020334        0x0 ./Source/BSP/startup_tm4c_gnu.o
 .text          0x00020334        0x0 ./Source/Driver/ADC/ADC_Driver.o
 .text          0x00020334        0x0 ./Source/Driver/CAN/CAN_Driver.o
 .text          0x00020334        0x0 ./Source/Driver/GPIO/GPIOdriver.o
 .text          0x00020334        0x0 ./Source/Driver/I2C/I2C.o
 .text          0x00020334        0x0 ./Source/Driver/LCD/LCD.o
 .text          0x00020334        0x0 ./Source/Driver/SPI/SPI.o
 .text          0x00020334        0x0 ./Source/Driver/Timer/Timer.o
 .text          0x00020334        0x0 ./Source/Driver/Timer/timercnter.o
 .text          0x00020334        0x0 ./Source/Driver/UART/UART.o
 .text          0x00020334        0x0 ./Source/FreeRtos/croutine.o
 .text          0x00020334        0x0 ./Source/FreeRtos/event_groups.o
 .text          0x00020334        0x0 ./Source/FreeRtos/list.o
 .text          0x00020334        0x0 ./Source/FreeRtos/queue.o
 .text          0x00020334        0x0 ./Source/FreeRtos/stream_buffer.o
 .text          0x00020334        0x0 ./Source/FreeRtos/tasks.o
 .text          0x00020334        0x0 ./Source/FreeRtos/timers.o
 .text          0x00020334        0x0 ./Source/FreeRtos/portable/Common/mpu_wrappers.o
 .text          0x00020334        0x0 ./Source/FreeRtos/portable/GCC/ARM_CM4F/port.o
 .text          0x00020334        0x0 ./Source/FreeRtos/portable/MemMang/heap_4.o
 .text          0x00020334        0x0 ./Source/Middleware/HCSR04/HCSR04.o
 .text          0x00020334        0x0 ./Source/Middleware/MCP3208/MCP3208.o
 .text          0x00020334        0x0 ./Source/Middleware/MPU9250/Compas.o
 .text          0x00020334        0x0 ./Source/Middleware/MPU9250/Complementary_filter.o
 .text          0x00020334        0x0 ./Source/Middleware/MPU9250/MPU9250.o
 .text          0x00020334        0x0 ./Source/Middleware/OLED_SSD1306/Font.o
 .text          0x00020334        0x0 ./Source/Middleware/OLED_SSD1306/SSD1306.o
 .text          0x00020334        0x0 ./Source/Middleware/RTC_DS3231/DS3231.o
 .text          0x00020334        0x0 c:/ti/ccs1220/ccs/tools/compiler/gcc-arm-none-eabi-9-2019-q4-major/bin/../lib/gcc/arm-none-eabi/9.2.1/../../../../arm-none-eabi/lib/thumb/v7e-m/nofp\libc.a(lib_a-exit.o)
 .text          0x00020334        0x0 c:/ti/ccs1220/ccs/tools/compiler/gcc-arm-none-eabi-9-2019-q4-major/bin/../lib/gcc/arm-none-eabi/9.2.1/../../../../arm-none-eabi/lib/thumb/v7e-m/nofp\libc.a(lib_a-impure.o)
 .text          0x00020334        0x0 c:/ti/ccs1220/ccs/tools/compiler/gcc-arm-none-eabi-9-2019-q4-major/bin/../lib/gcc/arm-none-eabi/9.2.1/../../../../arm-none-eabi/lib/thumb/v7e-m/nofp\libc.a(lib_a-init.o)
 .text          0x00020334      0x134 c:/ti/ccs1220/ccs/tools/compiler/gcc-arm-none-eabi-9-2019-q4-major/bin/../lib/gcc/arm-none-eabi/9.2.1/../../../../arm-none-eabi/lib/thumb/v7e-m/nofp\libc.a(lib_a-memcpy.o)
                0x00020334                memcpy
 .text          0x00020468        0x0 c:/ti/ccs1220/ccs/tools/compiler/gcc-arm-none-eabi-9-2019-q4-major/bin/../lib/gcc/arm-none-eabi/9.2.1/../../../../arm-none-eabi/lib/thumb/v7e-m/nofp\libc.a(lib_a-memset.o)
 .text          0x00020468        0x0 c:/ti/ccs1220/ccs/tools/compiler/gcc-arm-none-eabi-9-2019-q4-major/bin/../lib/gcc/arm-none-eabi/9.2.1/../../../../arm-none-eabi/lib/thumb/v7e-m/nofp\libc.a(lib_a-printf.o)
 .text          0x00020468        0x0 c:/ti/ccs1220/ccs/tools/compiler/gcc-arm-none-eabi-9-2019-q4-major/bin/../lib/gcc/arm-none-eabi/9.2.1/../../../../arm-none-eabi/lib/thumb/v7e-m/nofp\libc.a(lib_a-puts.o)
 .text          0x00020468        0x0 c:/ti/ccs1220/ccs/tools/compiler/gcc-arm-none-eabi-9-2019-q4-major/bin/../lib/gcc/arm-none-eabi/9.2.1/../../../../arm-none-eabi/lib/thumb/v7e-m/nofp\libc.a(lib_a-sprintf.o)
 .text          0x00020468        0x0 c:/ti/ccs1220/ccs/tools/compiler/gcc-arm-none-eabi-9-2019-q4-major/bin/../lib/gcc/arm-none-eabi/9.2.1/../../../../arm-none-eabi/lib/thumb/v7e-m/nofp\libc.a(lib_a-strcpy.o)
 *fill*         0x00020468       0x18 
 .text          0x00020480       0xdc c:/ti/ccs1220/ccs/tools/compiler/gcc-arm-none-eabi-9-2019-q4-major/bin/../lib/gcc/arm-none-eabi/9.2.1/../../../../arm-none-eabi/lib/thumb/v7e-m/nofp\libc.a(lib_a-strlen.o)
                0x00020480                strlen
 .text          0x0002055c        0x0 c:/ti/ccs1220/ccs/tools/compiler/gcc-arm-none-eabi-9-2019-q4-major/bin/../lib/gcc/arm-none-eabi/9.2.1/../../../../arm-none-eabi/lib/thumb/v7e-m/nofp\libc.a(lib_a-svfprintf.o)
 .text          0x0002055c        0x0 c:/ti/ccs1220/ccs/tools/compiler/gcc-arm-none-eabi-9-2019-q4-major/bin/../lib/gcc/arm-none-eabi/9.2.1/../../../../arm-none-eabi/lib/thumb/v7e-m/nofp\libc.a(lib_a-vfprintf.o)
 .text          0x0002055c        0x0 c:/ti/ccs1220/ccs/tools/compiler/gcc-arm-none-eabi-9-2019-q4-major/bin/../lib/gcc/arm-none-eabi/9.2.1/../../../../arm-none-eabi/lib/thumb/v7e-m/nofp\libc.a(lib_a-wsetup.o)
 .text          0x0002055c        0x0 c:/ti/ccs1220/ccs/tools/compiler/gcc-arm-none-eabi-9-2019-q4-major/bin/../lib/gcc/arm-none-eabi/9.2.1/../../../../arm-none-eabi/lib/thumb/v7e-m/nofp\libc.a(lib_a-__call_atexit.o)
 .text          0x0002055c        0x0 c:/ti/ccs1220/ccs/tools/compiler/gcc-arm-none-eabi-9-2019-q4-major/bin/../lib/gcc/arm-none-eabi/9.2.1/../../../../arm-none-eabi/lib/thumb/v7e-m/nofp\libc.a(lib_a-atexit.o)
 .text          0x0002055c        0x0 c:/ti/ccs1220/ccs/tools/compiler/gcc-arm-none-eabi-9-2019-q4-major/bin/../lib/gcc/arm-none-eabi/9.2.1/../../../../arm-none-eabi/lib/thumb/v7e-m/nofp\libc.a(lib_a-dtoa.o)
 .text          0x0002055c        0x0 c:/ti/ccs1220/ccs/tools/compiler/gcc-arm-none-eabi-9-2019-q4-major/bin/../lib/gcc/arm-none-eabi/9.2.1/../../../../arm-none-eabi/lib/thumb/v7e-m/nofp\libc.a(lib_a-fflush.o)
 .text          0x0002055c        0x0 c:/ti/ccs1220/ccs/tools/compiler/gcc-arm-none-eabi-9-2019-q4-major/bin/../lib/gcc/arm-none-eabi/9.2.1/../../../../arm-none-eabi/lib/thumb/v7e-m/nofp\libc.a(lib_a-findfp.o)
 .text          0x0002055c        0x0 c:/ti/ccs1220/ccs/tools/compiler/gcc-arm-none-eabi-9-2019-q4-major/bin/../lib/gcc/arm-none-eabi/9.2.1/../../../../arm-none-eabi/lib/thumb/v7e-m/nofp\libc.a(lib_a-fini.o)
 .text          0x0002055c        0x0 c:/ti/ccs1220/ccs/tools/compiler/gcc-arm-none-eabi-9-2019-q4-major/bin/../lib/gcc/arm-none-eabi/9.2.1/../../../../arm-none-eabi/lib/thumb/v7e-m/nofp\libc.a(lib_a-freer.o)
 .text          0x0002055c        0x0 c:/ti/ccs1220/ccs/tools/compiler/gcc-arm-none-eabi-9-2019-q4-major/bin/../lib/gcc/arm-none-eabi/9.2.1/../../../../arm-none-eabi/lib/thumb/v7e-m/nofp\libc.a(lib_a-fvwrite.o)
 .text          0x0002055c        0x0 c:/ti/ccs1220/ccs/tools/compiler/gcc-arm-none-eabi-9-2019-q4-major/bin/../lib/gcc/arm-none-eabi/9.2.1/../../../../arm-none-eabi/lib/thumb/v7e-m/nofp\libc.a(lib_a-fwalk.o)
 .text          0x0002055c        0x0 c:/ti/ccs1220/ccs/tools/compiler/gcc-arm-none-eabi-9-2019-q4-major/bin/../lib/gcc/arm-none-eabi/9.2.1/../../../../arm-none-eabi/lib/thumb/v7e-m/nofp\libc.a(lib_a-localeconv.o)
 .text          0x0002055c        0x0 c:/ti/ccs1220/ccs/tools/compiler/gcc-arm-none-eabi-9-2019-q4-major/bin/../lib/gcc/arm-none-eabi/9.2.1/../../../../arm-none-eabi/lib/thumb/v7e-m/nofp\libc.a(lib_a-lock.o)
 .text          0x0002055c        0x0 c:/ti/ccs1220/ccs/tools/compiler/gcc-arm-none-eabi-9-2019-q4-major/bin/../lib/gcc/arm-none-eabi/9.2.1/../../../../arm-none-eabi/lib/thumb/v7e-m/nofp\libc.a(lib_a-makebuf.o)
 .text          0x0002055c        0x0 c:/ti/ccs1220/ccs/tools/compiler/gcc-arm-none-eabi-9-2019-q4-major/bin/../lib/gcc/arm-none-eabi/9.2.1/../../../../arm-none-eabi/lib/thumb/v7e-m/nofp\libc.a(lib_a-mallocr.o)
 *fill*         0x0002055c        0x4 
 .text          0x00020560       0xa0 c:/ti/ccs1220/ccs/tools/compiler/gcc-arm-none-eabi-9-2019-q4-major/bin/../lib/gcc/arm-none-eabi/9.2.1/../../../../arm-none-eabi/lib/thumb/v7e-m/nofp\libc.a(lib_a-memchr.o)
                0x00020560                memchr
 .text          0x00020600        0x0 c:/ti/ccs1220/ccs/tools/compiler/gcc-arm-none-eabi-9-2019-q4-major/bin/../lib/gcc/arm-none-eabi/9.2.1/../../../../arm-none-eabi/lib/thumb/v7e-m/nofp\libc.a(lib_a-memmove.o)
 .text          0x00020600        0x0 c:/ti/ccs1220/ccs/tools/compiler/gcc-arm-none-eabi-9-2019-q4-major/bin/../lib/gcc/arm-none-eabi/9.2.1/../../../../arm-none-eabi/lib/thumb/v7e-m/nofp\libc.a(lib_a-mlock.o)
 .text          0x00020600        0x0 c:/ti/ccs1220/ccs/tools/compiler/gcc-arm-none-eabi-9-2019-q4-major/bin/../lib/gcc/arm-none-eabi/9.2.1/../../../../arm-none-eabi/lib/thumb/v7e-m/nofp\libc.a(lib_a-mprec.o)
 .text          0x00020600        0x0 c:/ti/ccs1220/ccs/tools/compiler/gcc-arm-none-eabi-9-2019-q4-major/bin/../lib/gcc/arm-none-eabi/9.2.1/../../../../arm-none-eabi/lib/thumb/v7e-m/nofp\libc.a(lib_a-reallocr.o)
 .text          0x00020600        0x0 c:/ti/ccs1220/ccs/tools/compiler/gcc-arm-none-eabi-9-2019-q4-major/bin/../lib/gcc/arm-none-eabi/9.2.1/../../../../arm-none-eabi/lib/thumb/v7e-m/nofp\libc.a(lib_a-s_frexp.o)
 .text          0x00020600        0x0 c:/ti/ccs1220/ccs/tools/compiler/gcc-arm-none-eabi-9-2019-q4-major/bin/../lib/gcc/arm-none-eabi/9.2.1/../../../../arm-none-eabi/lib/thumb/v7e-m/nofp\libc.a(lib_a-sbrkr.o)
 .text          0x00020600        0x0 c:/ti/ccs1220/ccs/tools/compiler/gcc-arm-none-eabi-9-2019-q4-major/bin/../lib/gcc/arm-none-eabi/9.2.1/../../../../arm-none-eabi/lib/thumb/v7e-m/nofp\libc.a(lib_a-stdio.o)
 .text          0x00020600        0x0 c:/ti/ccs1220/ccs/tools/compiler/gcc-arm-none-eabi-9-2019-q4-major/bin/../lib/gcc/arm-none-eabi/9.2.1/../../../../arm-none-eabi/lib/thumb/v7e-m/nofp\libc.a(lib_a-strncpy.o)
 .text          0x00020600        0x0 c:/ti/ccs1220/ccs/tools/compiler/gcc-arm-none-eabi-9-2019-q4-major/bin/../lib/gcc/arm-none-eabi/9.2.1/../../../../arm-none-eabi/lib/thumb/v7e-m/nofp\libc.a(lib_a-svfiprintf.o)
 .text          0x00020600        0x0 c:/ti/ccs1220/ccs/tools/compiler/gcc-arm-none-eabi-9-2019-q4-major/bin/../lib/gcc/arm-none-eabi/9.2.1/../../../../arm-none-eabi/lib/thumb/v7e-m/nofp\libc.a(lib_a-vfiprintf.o)
 .text          0x00020600        0x0 c:/ti/ccs1220/ccs/tools/compiler/gcc-arm-none-eabi-9-2019-q4-major/bin/../lib/gcc/arm-none-eabi/9.2.1/../../../../arm-none-eabi/lib/thumb/v7e-m/nofp\libc.a(lib_a-writer.o)
 .text          0x00020600        0x0 c:/ti/ccs1220/ccs/tools/compiler/gcc-arm-none-eabi-9-2019-q4-major/bin/../lib/gcc/arm-none-eabi/9.2.1/../../../../arm-none-eabi/lib/thumb/v7e-m/nofp\libc.a(lib_a-__atexit.o)
 .text          0x00020600        0x0 c:/ti/ccs1220/ccs/tools/compiler/gcc-arm-none-eabi-9-2019-q4-major/bin/../lib/gcc/arm-none-eabi/9.2.1/../../../../arm-none-eabi/lib/thumb/v7e-m/nofp\libc.a(lib_a-callocr.o)
 .text          0x00020600        0x0 c:/ti/ccs1220/ccs/tools/compiler/gcc-arm-none-eabi-9-2019-q4-major/bin/../lib/gcc/arm-none-eabi/9.2.1/../../../../arm-none-eabi/lib/thumb/v7e-m/nofp\libc.a(lib_a-closer.o)
 .text          0x00020600        0x0 c:/ti/ccs1220/ccs/tools/compiler/gcc-arm-none-eabi-9-2019-q4-major/bin/../lib/gcc/arm-none-eabi/9.2.1/../../../../arm-none-eabi/lib/thumb/v7e-m/nofp\libc.a(lib_a-fclose.o)
 .text          0x00020600        0x0 c:/ti/ccs1220/ccs/tools/compiler/gcc-arm-none-eabi-9-2019-q4-major/bin/../lib/gcc/arm-none-eabi/9.2.1/../../../../arm-none-eabi/lib/thumb/v7e-m/nofp\libc.a(lib_a-fputwc.o)
 .text          0x00020600        0x0 c:/ti/ccs1220/ccs/tools/compiler/gcc-arm-none-eabi-9-2019-q4-major/bin/../lib/gcc/arm-none-eabi/9.2.1/../../../../arm-none-eabi/lib/thumb/v7e-m/nofp\libc.a(lib_a-fstatr.o)
 .text          0x00020600        0x0 c:/ti/ccs1220/ccs/tools/compiler/gcc-arm-none-eabi-9-2019-q4-major/bin/../lib/gcc/arm-none-eabi/9.2.1/../../../../arm-none-eabi/lib/thumb/v7e-m/nofp\libc.a(lib_a-isattyr.o)
 .text          0x00020600        0x0 c:/ti/ccs1220/ccs/tools/compiler/gcc-arm-none-eabi-9-2019-q4-major/bin/../lib/gcc/arm-none-eabi/9.2.1/../../../../arm-none-eabi/lib/thumb/v7e-m/nofp\libc.a(lib_a-locale.o)
 .text          0x00020600        0x0 c:/ti/ccs1220/ccs/tools/compiler/gcc-arm-none-eabi-9-2019-q4-major/bin/../lib/gcc/arm-none-eabi/9.2.1/../../../../arm-none-eabi/lib/thumb/v7e-m/nofp\libc.a(lib_a-lseekr.o)
 .text          0x00020600        0x0 c:/ti/ccs1220/ccs/tools/compiler/gcc-arm-none-eabi-9-2019-q4-major/bin/../lib/gcc/arm-none-eabi/9.2.1/../../../../arm-none-eabi/lib/thumb/v7e-m/nofp\libc.a(lib_a-mbtowc_r.o)
 .text          0x00020600        0x0 c:/ti/ccs1220/ccs/tools/compiler/gcc-arm-none-eabi-9-2019-q4-major/bin/../lib/gcc/arm-none-eabi/9.2.1/../../../../arm-none-eabi/lib/thumb/v7e-m/nofp\libc.a(lib_a-readr.o)
 .text          0x00020600        0x0 c:/ti/ccs1220/ccs/tools/compiler/gcc-arm-none-eabi-9-2019-q4-major/bin/../lib/gcc/arm-none-eabi/9.2.1/../../../../arm-none-eabi/lib/thumb/v7e-m/nofp\libc.a(lib_a-reent.o)
 .text          0x00020600      0x2dc c:/ti/ccs1220/ccs/tools/compiler/gcc-arm-none-eabi-9-2019-q4-major/bin/../lib/gcc/arm-none-eabi/9.2.1/../../../../arm-none-eabi/lib/thumb/v7e-m/nofp\libc.a(lib_a-strcmp.o)
                0x00020608                strcmp
 .text          0x000208dc        0x0 c:/ti/ccs1220/ccs/tools/compiler/gcc-arm-none-eabi-9-2019-q4-major/bin/../lib/gcc/arm-none-eabi/9.2.1/../../../../arm-none-eabi/lib/thumb/v7e-m/nofp\libc.a(lib_a-wbuf.o)
 .text          0x000208dc        0x0 c:/ti/ccs1220/ccs/tools/compiler/gcc-arm-none-eabi-9-2019-q4-major/bin/../lib/gcc/arm-none-eabi/9.2.1/../../../../arm-none-eabi/lib/thumb/v7e-m/nofp\libc.a(lib_a-wcrtomb.o)
 .text          0x000208dc        0x0 c:/ti/ccs1220/ccs/tools/compiler/gcc-arm-none-eabi-9-2019-q4-major/bin/../lib/gcc/arm-none-eabi/9.2.1/../../../../arm-none-eabi/lib/thumb/v7e-m/nofp\libc.a(lib_a-wctomb_r.o)
 .text          0x000208dc        0x0 c:/ti/ccs1220/ccs/tools/compiler/gcc-arm-none-eabi-9-2019-q4-major/bin/../lib/gcc/arm-none-eabi/9.2.1/../../../../arm-none-eabi/lib/thumb/v7e-m/nofp\libc.a(lib_a-ctype_.o)
 .text          0x000208dc        0x0 c:/ti/ccs1220/ccs/tools/compiler/gcc-arm-none-eabi-9-2019-q4-major/bin/../lib/gcc/arm-none-eabi/9.2.1/../../../../arm-none-eabi/lib/thumb/v7e-m/nofp\libm.a(lib_a-s_cos.o)
 .text          0x000208dc        0x0 c:/ti/ccs1220/ccs/tools/compiler/gcc-arm-none-eabi-9-2019-q4-major/bin/../lib/gcc/arm-none-eabi/9.2.1/../../../../arm-none-eabi/lib/thumb/v7e-m/nofp\libm.a(lib_a-s_sin.o)
 .text          0x000208dc        0x0 c:/ti/ccs1220/ccs/tools/compiler/gcc-arm-none-eabi-9-2019-q4-major/bin/../lib/gcc/arm-none-eabi/9.2.1/../../../../arm-none-eabi/lib/thumb/v7e-m/nofp\libm.a(lib_a-w_atan2.o)
 .text          0x000208dc        0x0 c:/ti/ccs1220/ccs/tools/compiler/gcc-arm-none-eabi-9-2019-q4-major/bin/../lib/gcc/arm-none-eabi/9.2.1/../../../../arm-none-eabi/lib/thumb/v7e-m/nofp\libm.a(lib_a-w_sqrt.o)
 .text          0x000208dc        0x0 c:/ti/ccs1220/ccs/tools/compiler/gcc-arm-none-eabi-9-2019-q4-major/bin/../lib/gcc/arm-none-eabi/9.2.1/../../../../arm-none-eabi/lib/thumb/v7e-m/nofp\libm.a(lib_a-e_atan2.o)
 .text          0x000208dc        0x0 c:/ti/ccs1220/ccs/tools/compiler/gcc-arm-none-eabi-9-2019-q4-major/bin/../lib/gcc/arm-none-eabi/9.2.1/../../../../arm-none-eabi/lib/thumb/v7e-m/nofp\libm.a(lib_a-e_rem_pio2.o)
 .text          0x000208dc        0x0 c:/ti/ccs1220/ccs/tools/compiler/gcc-arm-none-eabi-9-2019-q4-major/bin/../lib/gcc/arm-none-eabi/9.2.1/../../../../arm-none-eabi/lib/thumb/v7e-m/nofp\libm.a(lib_a-e_sqrt.o)
 .text          0x000208dc        0x0 c:/ti/ccs1220/ccs/tools/compiler/gcc-arm-none-eabi-9-2019-q4-major/bin/../lib/gcc/arm-none-eabi/9.2.1/../../../../arm-none-eabi/lib/thumb/v7e-m/nofp\libm.a(lib_a-k_cos.o)
 .text          0x000208dc        0x0 c:/ti/ccs1220/ccs/tools/compiler/gcc-arm-none-eabi-9-2019-q4-major/bin/../lib/gcc/arm-none-eabi/9.2.1/../../../../arm-none-eabi/lib/thumb/v7e-m/nofp\libm.a(lib_a-k_rem_pio2.o)
 .text          0x000208dc        0x0 c:/ti/ccs1220/ccs/tools/compiler/gcc-arm-none-eabi-9-2019-q4-major/bin/../lib/gcc/arm-none-eabi/9.2.1/../../../../arm-none-eabi/lib/thumb/v7e-m/nofp\libm.a(lib_a-k_sin.o)
 .text          0x000208dc        0x0 c:/ti/ccs1220/ccs/tools/compiler/gcc-arm-none-eabi-9-2019-q4-major/bin/../lib/gcc/arm-none-eabi/9.2.1/../../../../arm-none-eabi/lib/thumb/v7e-m/nofp\libm.a(lib_a-s_atan.o)
 .text          0x000208dc        0x0 c:/ti/ccs1220/ccs/tools/compiler/gcc-arm-none-eabi-9-2019-q4-major/bin/../lib/gcc/arm-none-eabi/9.2.1/../../../../arm-none-eabi/lib/thumb/v7e-m/nofp\libm.a(lib_a-s_fabs.o)
 .text          0x000208dc        0x0 c:/ti/ccs1220/ccs/tools/compiler/gcc-arm-none-eabi-9-2019-q4-major/bin/../lib/gcc/arm-none-eabi/9.2.1/../../../../arm-none-eabi/lib/thumb/v7e-m/nofp\libm.a(lib_a-s_floor.o)
 .text          0x000208dc        0x0 c:/ti/ccs1220/ccs/tools/compiler/gcc-arm-none-eabi-9-2019-q4-major/bin/../lib/gcc/arm-none-eabi/9.2.1/../../../../arm-none-eabi/lib/thumb/v7e-m/nofp\libm.a(lib_a-s_lib_ver.o)
 .text          0x000208dc        0x0 c:/ti/ccs1220/ccs/tools/compiler/gcc-arm-none-eabi-9-2019-q4-major/bin/../lib/gcc/arm-none-eabi/9.2.1/../../../../arm-none-eabi/lib/thumb/v7e-m/nofp\libm.a(lib_a-s_matherr.o)
 .text          0x000208dc        0x0 c:/ti/ccs1220/ccs/tools/compiler/gcc-arm-none-eabi-9-2019-q4-major/bin/../lib/gcc/arm-none-eabi/9.2.1/../../../../arm-none-eabi/lib/thumb/v7e-m/nofp\libm.a(lib_a-s_scalbn.o)
 .text          0x000208dc      0x254 c:/ti/ccs1220/ccs/tools/compiler/gcc-arm-none-eabi-9-2019-q4-major/bin/../lib/gcc/arm-none-eabi/9.2.1/thumb/v7e-m/nofp\libgcc.a(_arm_muldf3.o)
 .text          0x00020b30      0x378 c:/ti/ccs1220/ccs/tools/compiler/gcc-arm-none-eabi-9-2019-q4-major/bin/../lib/gcc/arm-none-eabi/9.2.1/thumb/v7e-m/nofp\libgcc.a(_arm_addsubdf3.o)
                0x00020b30                __aeabi_drsub
                0x00020b38                __aeabi_dsub
                0x00020b38                __subdf3
                0x00020b3c                __aeabi_dadd
                0x00020b3c                __adddf3
                0x00020db4                __floatunsidf
                0x00020db4                __aeabi_ui2d
                0x00020dd4                __floatsidf
                0x00020dd4                __aeabi_i2d
                0x00020df8                __aeabi_f2d
                0x00020df8                __extendsfdf2
                0x00020e3c                __floatundidf
                0x00020e3c                __aeabi_ul2d
                0x00020e4c                __floatdidf
                0x00020e4c                __aeabi_l2d
 .text          0x00020ea8      0x424 c:/ti/ccs1220/ccs/tools/compiler/gcc-arm-none-eabi-9-2019-q4-major/bin/../lib/gcc/arm-none-eabi/9.2.1/thumb/v7e-m/nofp\libgcc.a(_arm_muldivdf3.o)
                0x00020ea8                __aeabi_dmul
                0x00020ea8                __muldf3
                0x000210fc                __divdf3
                0x000210fc                __aeabi_ddiv
 .text          0x000212cc      0x110 c:/ti/ccs1220/ccs/tools/compiler/gcc-arm-none-eabi-9-2019-q4-major/bin/../lib/gcc/arm-none-eabi/9.2.1/thumb/v7e-m/nofp\libgcc.a(_arm_cmpdf2.o)
                0x000212cc                __gtdf2
                0x000212cc                __gedf2
                0x000212d4                __ltdf2
                0x000212d4                __ledf2
                0x000212dc                __nedf2
                0x000212dc                __eqdf2
                0x000212dc                __cmpdf2
                0x00021358                __aeabi_cdrcmple
                0x00021368                __aeabi_cdcmpeq
                0x00021368                __aeabi_cdcmple
                0x00021378                __aeabi_dcmpeq
                0x0002138c                __aeabi_dcmplt
                0x000213a0                __aeabi_dcmple
                0x000213b4                __aeabi_dcmpge
                0x000213c8                __aeabi_dcmpgt
 .text          0x000213dc       0x2c c:/ti/ccs1220/ccs/tools/compiler/gcc-arm-none-eabi-9-2019-q4-major/bin/../lib/gcc/arm-none-eabi/9.2.1/thumb/v7e-m/nofp\libgcc.a(_arm_unorddf2.o)
                0x000213dc                __unorddf2
                0x000213dc                __aeabi_dcmpun
 .text          0x00021408       0x50 c:/ti/ccs1220/ccs/tools/compiler/gcc-arm-none-eabi-9-2019-q4-major/bin/../lib/gcc/arm-none-eabi/9.2.1/thumb/v7e-m/nofp\libgcc.a(_arm_fixdfsi.o)
                0x00021408                __aeabi_d2iz
                0x00021408                __fixdfsi
 .text          0x00021458       0xa0 c:/ti/ccs1220/ccs/tools/compiler/gcc-arm-none-eabi-9-2019-q4-major/bin/../lib/gcc/arm-none-eabi/9.2.1/thumb/v7e-m/nofp\libgcc.a(_arm_truncdfsf2.o)
                0x00021458                __truncdfsf2
                0x00021458                __aeabi_d2f
 .text          0x000214f8       0x30 c:/ti/ccs1220/ccs/tools/compiler/gcc-arm-none-eabi-9-2019-q4-major/bin/../lib/gcc/arm-none-eabi/9.2.1/thumb/v7e-m/nofp\libgcc.a(_aeabi_uldivmod.o)
                0x000214f8                __aeabi_uldivmod
 .text          0x00021528      0x2c0 c:/ti/ccs1220/ccs/tools/compiler/gcc-arm-none-eabi-9-2019-q4-major/bin/../lib/gcc/arm-none-eabi/9.2.1/thumb/v7e-m/nofp\libgcc.a(_udivmoddi4.o)
                0x00021528                __udivmoddi4
 .text          0x000217e8        0x4 c:/ti/ccs1220/ccs/tools/compiler/gcc-arm-none-eabi-9-2019-q4-major/bin/../lib/gcc/arm-none-eabi/9.2.1/thumb/v7e-m/nofp\libgcc.a(_dvmd_tls.o)
                0x000217e8                __aeabi_idiv0
                0x000217e8                __aeabi_ldiv0
 .text          0x000217ec        0x0 c:/ti/ccs1220/ccs/tools/compiler/gcc-arm-none-eabi-9-2019-q4-major/bin/../lib/gcc/arm-none-eabi/9.2.1/../../../../arm-none-eabi/lib/thumb/v7e-m/nofp\libc.a(lib_a-errno.o)
 .text          0x000217ec        0x0 c:/ti/ccs1220/ccs/tools/compiler/gcc-arm-none-eabi-9-2019-q4-major/bin/../lib/gcc/arm-none-eabi/9.2.1/../../../../arm-none-eabi/lib/thumb/v7e-m/nofp\libnosys.a(close.o)
 .text          0x000217ec        0x0 c:/ti/ccs1220/ccs/tools/compiler/gcc-arm-none-eabi-9-2019-q4-major/bin/../lib/gcc/arm-none-eabi/9.2.1/../../../../arm-none-eabi/lib/thumb/v7e-m/nofp\libnosys.a(fstat.o)
 .text          0x000217ec        0x0 c:/ti/ccs1220/ccs/tools/compiler/gcc-arm-none-eabi-9-2019-q4-major/bin/../lib/gcc/arm-none-eabi/9.2.1/../../../../arm-none-eabi/lib/thumb/v7e-m/nofp\libnosys.a(isatty.o)
 .text          0x000217ec        0x0 c:/ti/ccs1220/ccs/tools/compiler/gcc-arm-none-eabi-9-2019-q4-major/bin/../lib/gcc/arm-none-eabi/9.2.1/../../../../arm-none-eabi/lib/thumb/v7e-m/nofp\libnosys.a(lseek.o)
 .text          0x000217ec        0x0 c:/ti/ccs1220/ccs/tools/compiler/gcc-arm-none-eabi-9-2019-q4-major/bin/../lib/gcc/arm-none-eabi/9.2.1/../../../../arm-none-eabi/lib/thumb/v7e-m/nofp\libnosys.a(read.o)
 .text          0x000217ec        0x0 c:/ti/ccs1220/ccs/tools/compiler/gcc-arm-none-eabi-9-2019-q4-major/bin/../lib/gcc/arm-none-eabi/9.2.1/../../../../arm-none-eabi/lib/thumb/v7e-m/nofp\libnosys.a(sbrk.o)
 .text          0x000217ec        0x0 c:/ti/ccs1220/ccs/tools/compiler/gcc-arm-none-eabi-9-2019-q4-major/bin/../lib/gcc/arm-none-eabi/9.2.1/../../../../arm-none-eabi/lib/thumb/v7e-m/nofp\libnosys.a(write.o)
 .text          0x000217ec        0x0 c:/ti/ccs1220/ccs/tools/compiler/gcc-arm-none-eabi-9-2019-q4-major/bin/../lib/gcc/arm-none-eabi/9.2.1/../../../../arm-none-eabi/lib/thumb/v7e-m/nofp\libnosys.a(_exit.o)
 .text          0x000217ec        0x0 c:/ti/ccs1220/ccs/tools/compiler/gcc-arm-none-eabi-9-2019-q4-major/bin/../lib/gcc/arm-none-eabi/9.2.1/thumb/v7e-m/nofp/crtend.o
 .text          0x000217ec        0x0 c:/ti/ccs1220/ccs/tools/compiler/gcc-arm-none-eabi-9-2019-q4-major/bin/../lib/gcc/arm-none-eabi/9.2.1/thumb/v7e-m/nofp/crtn.o
 *(.text*)
 .text.main     0x000217ec       0xd4 ./Source/App/Main/main.o
                0x000217ec                main
 .text.NVIC_SystemReset
                0x000218c0       0x30 ./Source/BSP/bsp.o
 .text.assert_failed
                0x000218f0        0x6 ./Source/BSP/bsp.o
                0x000218f0                assert_failed
 *fill*         0x000218f6        0x2 
 .text.systick_init
                0x000218f8       0x28 ./Source/BSP/bsp.o
                0x000218f8                systick_init
 .text.BSP_init
                0x00021920        0xc ./Source/BSP/bsp.o
                0x00021920                BSP_init
 .text.fpu_init
                0x0002192c       0x24 ./Source/BSP/bsp.o
                0x0002192c                fpu_init
 .text.SystemInit
                0x00021950        0xc ./Source/BSP/bsp.o
                0x00021950                SystemInit
 .text.Reset_Handler
                0x0002195c       0x78 ./Source/BSP/startup_tm4c_gnu.o
                0x0002195c                Reset_Handler
 .text.NMI_Handler
                0x000219d4       0x18 ./Source/BSP/startup_tm4c_gnu.o
                0x000219d4                NMI_Handler
 .text.MemManage_Handler
                0x000219ec       0x1c ./Source/BSP/startup_tm4c_gnu.o
                0x000219ec                MemManage_Handler
 .text.HardFault_Handler
                0x00021a08       0x1c ./Source/BSP/startup_tm4c_gnu.o
                0x00021a08                HardFault_Handler
 .text.BusFault_Handler
                0x00021a24       0x1c ./Source/BSP/startup_tm4c_gnu.o
                0x00021a24                BusFault_Handler
 .text.UsageFault_Handler
                0x00021a40       0x20 ./Source/BSP/startup_tm4c_gnu.o
                0x00021a40                UsageFault_Handler
 .text.Default_Handler
                0x00021a60       0x1c ./Source/BSP/startup_tm4c_gnu.o
                0x00021a60                uDMAST_IRQHandler
                0x00021a60                GPIOPortP4_IRQHandler
                0x00021a60                PWM1Gen3_IRQHandler
                0x00021a60                WideTimer5B_IRQHandler
                0x00021a60                DebugMon_Handler
                0x00021a60                QEI2_IRQHandler
                0x00021a60                FlashCtrl_IRQHandler
                0x00021a60                GPIOPortP7_IRQHandler
                0x00021a60                Timer0B_IRQHandler
                0x00021a60                I2C0_IRQHandler
                0x00021a60                WideTimer4B_IRQHandler
                0x00021a60                I2C1_IRQHandler
                0x00021a60                GPIOPortP5_IRQHandler
                0x00021a60                PWMGen0_IRQHandler
                0x00021a60                UART1_IRQHandler
                0x00021a60                CAN1_IRQHandler
                0x00021a60                Timer1B_IRQHandler
                0x00021a60                Watchdog_IRQHandler
                0x00021a60                GPIOPortS_IRQHandler
                0x00021a60                GPIOPortQ7_IRQHandler
                0x00021a60                PWM1Gen2_IRQHandler
                0x00021a60                GPIOPortL_IRQHandler
                0x00021a60                SSI0_IRQHandler
                0x00021a60                GPIOPortM_IRQHandler
                0x00021a60                FPU_IRQHandler
                0x00021a60                ADCSeq1_IRQHandler
                0x00021a60                GPIOPortP0_IRQHandler
                0x00021a60                WideTimer0B_IRQHandler
                0x00021a60                PWMFault_IRQHandler
                0x00021a60                WideTimer1A_IRQHandler
                0x00021a60                I2C5_IRQHandler
                0x00021a60                I2C4_IRQHandler
                0x00021a60                GPIOPortQ5_IRQHandler
                0x00021a60                PWMGen1_IRQHandler
                0x00021a60                SSI1_IRQHandler
                0x00021a60                I2C2_IRQHandler
                0x00021a60                UART5_IRQHandler
                0x00021a60                GPIOPortC_IRQHandler
                0x00021a60                GPIOPortK_IRQHandler
                0x00021a60                ADCSeq2_IRQHandler
                0x00021a60                PWMGen2_IRQHandler
                0x00021a60                UART2_IRQHandler
                0x00021a60                GPIOPortP3_IRQHandler
                0x00021a60                ADC1Seq0_IRQHandler
                0x00021a60                UART4_IRQHandler
                0x00021a60                GPIOPortJ_IRQHandler
                0x00021a60                Default_Handler
                0x00021a60                WideTimer0A_IRQHandler
                0x00021a60                Timer5A_IRQHandler
                0x00021a60                WideTimer3B_IRQHandler
                0x00021a60                WideTimer2B_IRQHandler
                0x00021a60                WideTimer5A_IRQHandler
                0x00021a60                Timer4A_IRQHandler
                0x00021a60                QEI1_IRQHandler
                0x00021a60                PWM1Fault_IRQHandler
                0x00021a60                GPIOPortP6_IRQHandler
                0x00021a60                QEI0_IRQHandler
                0x00021a60                ADC1Seq2_IRQHandler
                0x00021a60                ADC1Seq1_IRQHandler
                0x00021a60                PWMGen3_IRQHandler
                0x00021a60                GPIOPortD_IRQHandler
                0x00021a60                USB0_IRQHandler
                0x00021a60                I2C3_IRQHandler
                0x00021a60                GPIOPortP2_IRQHandler
                0x00021a60                GPIOPortQ4_IRQHandler
                0x00021a60                Timer3B_IRQHandler
                0x00021a60                Timer3A_IRQHandler
                0x00021a60                GPIOPortA_IRQHandler
                0x00021a60                ADC1Seq3_IRQHandler
                0x00021a60                Timer0A_IRQHandler
                0x00021a60                GPIOPortP1_IRQHandler
                0x00021a60                ADCSeq0_IRQHandler
                0x00021a60                Timer1A_IRQHandler
                0x00021a60                GPIOPortG_IRQHandler
                0x00021a60                GPIOPortQ3_IRQHandler
                0x00021a60                GPIOPortQ1_IRQHandler
                0x00021a60                Timer5B_IRQHandler
                0x00021a60                ADCSeq3_IRQHandler
                0x00021a60                WideTimer4A_IRQHandler
                0x00021a60                GPIOPortE_IRQHandler
                0x00021a60                CAN0_IRQHandler
                0x00021a60                GPIOPortQ0_IRQHandler
                0x00021a60                Comp0_IRQHandler
                0x00021a60                Comp1_IRQHandler
                0x00021a60                Comp2_IRQHandler
                0x00021a60                GPIOPortQ6_IRQHandler
                0x00021a60                SSI2_IRQHandler
                0x00021a60                PWM1Gen0_IRQHandler
                0x00021a60                GPIOPortF_IRQHandler
                0x00021a60                UART7_IRQHandler
                0x00021a60                UART6_IRQHandler
                0x00021a60                WideTimer2A_IRQHandler
                0x00021a60                GPIOPortB_IRQHandler
                0x00021a60                WideTimer3A_IRQHandler
                0x00021a60                CAN2_IRQHandler
                0x00021a60                WideTimer1B_IRQHandler
                0x00021a60                GPIOPortH_IRQHandler
                0x00021a60                GPIOPortQ2_IRQHandler
                0x00021a60                GPIOPortR_IRQHandler
                0x00021a60                Timer4B_IRQHandler
                0x00021a60                Timer2A_IRQHandler
                0x00021a60                SSI3_IRQHandler
                0x00021a60                Timer2B_IRQHandler
                0x00021a60                uDMAError_IRQHandler
                0x00021a60                GPIOPortN_IRQHandler
                0x00021a60                UART3_IRQHandler
                0x00021a60                SysCtrl_IRQHandler
                0x00021a60                Hibernate_IRQHandler
                0x00021a60                PWM1Gen1_IRQHandler
 .text.ADC_Init
                0x00021a7c       0x40 ./Source/Driver/ADC/ADC_Driver.o
                0x00021a7c                ADC_Init
 .text.ADC_port_Init
                0x00021abc       0x9c ./Source/Driver/ADC/ADC_Driver.o
 .text.ADC_SS_Init
                0x00021b58       0x4c ./Source/Driver/ADC/ADC_Driver.o
                0x00021b58                ADC_SS_Init
 .text.analogRead
                0x00021ba4      0x180 ./Source/Driver/ADC/ADC_Driver.o
                0x00021ba4                analogRead
 .text.CAN0_Driver
                0x00021d24       0xc0 ./Source/Driver/CAN/CAN_Driver.o
                0x00021d24                CAN0_Driver
 .text.CAN0_Init
                0x00021de4       0xf8 ./Source/Driver/CAN/CAN_Driver.o
                0x00021de4                CAN0_Init
 .text.CAN0_Transmit_Obj
                0x00021edc       0xd4 ./Source/Driver/CAN/CAN_Driver.o
 .text.CAN0_Transmit_Data
                0x00021fb0       0xc8 ./Source/Driver/CAN/CAN_Driver.o
 .text.GPIO_Init
                0x00022078       0x64 ./Source/Driver/GPIO/GPIOdriver.o
                0x00022078                GPIO_Init
 .text.DigitalWrite
                0x000220dc      0x16c ./Source/Driver/GPIO/GPIOdriver.o
                0x000220dc                DigitalWrite
 .text.DigitalRead
                0x00022248      0x1ac ./Source/Driver/GPIO/GPIOdriver.o
                0x00022248                DigitalRead
 .text.I2C_Init
                0x000223f4      0x2c0 ./Source/Driver/I2C/I2C.o
                0x000223f4                I2C_Init
 .text.Check_I2C_BUS_busy
                0x000226b4        0xe ./Source/Driver/I2C/I2C.o
 *fill*         0x000226c2        0x2 
 .text.Check_I2C_busy
                0x000226c4       0x38 ./Source/Driver/I2C/I2C.o
 .text.Check_I2C_error
                0x000226fc       0x88 ./Source/Driver/I2C/I2C.o
 .text.I2C_Write
                0x00022784       0x34 ./Source/Driver/I2C/I2C.o
                0x00022784                I2C_Write
 .text.I2C_Write_Memory
                0x000227b8       0x40 ./Source/Driver/I2C/I2C.o
                0x000227b8                I2C_Write_Memory
 .text.I2C_Write_Memory_Multiple
                0x000227f8       0x68 ./Source/Driver/I2C/I2C.o
                0x000227f8                I2C_Write_Memory_Multiple
 .text.I2C_Begin
                0x00022860       0x44 ./Source/Driver/I2C/I2C.o
 .text.I2C_Transmit
                0x000228a4       0xc0 ./Source/Driver/I2C/I2C.o
 .text.I2C_Transmit_start_byte
                0x00022964       0x88 ./Source/Driver/I2C/I2C.o
 .text.I2C_Transmit_byte
                0x000229ec       0x80 ./Source/Driver/I2C/I2C.o
 .text.I2C_Transmit_end_byte
                0x00022a6c       0x50 ./Source/Driver/I2C/I2C.o
 .text.I2C_End  0x00022abc       0x2c ./Source/Driver/I2C/I2C.o
 .text.I2C_Read
                0x00022ae8       0x40 ./Source/Driver/I2C/I2C.o
                0x00022ae8                I2C_Read
 .text.I2C_Read_Multiple
                0x00022b28      0x198 ./Source/Driver/I2C/I2C.o
                0x00022b28                I2C_Read_Multiple
 .text.I2C_Read_Memory
                0x00022cc0       0x48 ./Source/Driver/I2C/I2C.o
                0x00022cc0                I2C_Read_Memory
 .text.I2C_Read_Memory_Multiple
                0x00022d08       0x48 ./Source/Driver/I2C/I2C.o
                0x00022d08                I2C_Read_Memory_Multiple
 .text.LCD_Setup
                0x00022d50       0x68 ./Source/Driver/LCD/LCD.o
                0x00022d50                LCD_Setup
 .text.LCD_Init
                0x00022db8       0x7a ./Source/Driver/LCD/LCD.o
                0x00022db8                LCD_Init
 .text.LCD_SetCursor
                0x00022e32       0x96 ./Source/Driver/LCD/LCD.o
                0x00022e32                LCD_SetCursor
 .text.LCD_Clear
                0x00022ec8        0xe ./Source/Driver/LCD/LCD.o
                0x00022ec8                LCD_Clear
 .text.LCD_Write
                0x00022ed6       0x3c ./Source/Driver/LCD/LCD.o
                0x00022ed6                LCD_Write
 *fill*         0x00022f12        0x2 
 .text.Data_Write
                0x00022f14       0x34 ./Source/Driver/LCD/LCD.o
 .text.Cmd_Write
                0x00022f48       0x34 ./Source/Driver/LCD/LCD.o
 .text.upper_nibble
                0x00022f7c       0xac ./Source/Driver/LCD/LCD.o
 .text.lower_nibble
                0x00023028       0xac ./Source/Driver/LCD/LCD.o
 .text.toggle_enable_signal
                0x000230d4       0x30 ./Source/Driver/LCD/LCD.o
 .text.delay    0x00023104       0x4a ./Source/Driver/LCD/LCD.o
 .text.LCD_nextline
                0x0002314e        0xe ./Source/Driver/LCD/LCD.o
                0x0002314e                LCD_nextline
 .text.SSI_2_Init
                0x0002315c       0xd4 ./Source/Driver/SPI/SPI.o
                0x0002315c                SSI_2_Init
 .text.SPI_Write
                0x00023230       0x58 ./Source/Driver/SPI/SPI.o
                0x00023230                SPI_Write
 .text.SPI_Read_Write
                0x00023288       0x58 ./Source/Driver/SPI/SPI.o
                0x00023288                SPI_Read_Write
 .text.Enable_Chip_Select
                0x000232e0       0x10 ./Source/Driver/SPI/SPI.o
                0x000232e0                Enable_Chip_Select
 .text.Disable_Chip_Select
                0x000232f0       0x10 ./Source/Driver/SPI/SPI.o
                0x000232f0                Disable_Chip_Select
 .text.Timer_Init
                0x00023300       0x6c ./Source/Driver/Timer/Timer.o
                0x00023300                Timer_Init
 .text.Start_Timer_0
                0x0002336c       0x20 ./Source/Driver/Timer/Timer.o
 .text.Stop_Timer_0
                0x0002338c       0x20 ./Source/Driver/Timer/Timer.o
                0x0002338c                Stop_Timer_0
 .text.Refresh_Timer_0
                0x000233ac       0x2c ./Source/Driver/Timer/Timer.o
                0x000233ac                Refresh_Timer_0
 .text.Timer_scheduler
                0x000233d8      0x194 ./Source/Driver/Timer/Timer.o
                0x000233d8                Timer_scheduler
 .text.Clear_Timer_Flag
                0x0002356c       0x64 ./Source/Driver/Timer/Timer.o
 .text.init_Timer_Counter
                0x000235d0       0x88 ./Source/Driver/Timer/timercnter.o
                0x000235d0                init_Timer_Counter
 .text.Start_Timer_counter
                0x00023658       0x28 ./Source/Driver/Timer/timercnter.o
                0x00023658                Start_Timer_counter
 .text.Stop_Timer_counter
                0x00023680       0x20 ./Source/Driver/Timer/timercnter.o
                0x00023680                Stop_Timer_counter
 .text.Refresh_Timer_counter
                0x000236a0       0x2c ./Source/Driver/Timer/timercnter.o
                0x000236a0                Refresh_Timer_counter
 .text.millis   0x000236cc       0x30 ./Source/Driver/Timer/timercnter.o
                0x000236cc                millis
 .text.micros   0x000236fc       0x80 ./Source/Driver/Timer/timercnter.o
                0x000236fc                micros
 .text.Delay_us
                0x0002377c       0x42 ./Source/Driver/Timer/timercnter.o
                0x0002377c                Delay_us
 .text.Delay_ms
                0x000237be       0x52 ./Source/Driver/Timer/timercnter.o
                0x000237be                Delay_ms
 .text.NVIC_EnableIRQ
                0x00023810       0x34 ./Source/Driver/UART/UART.o
 .text.NVIC_SetPriority
                0x00023844       0x54 ./Source/Driver/UART/UART.o
 .text.UART_init
                0x00023898      0x30c ./Source/Driver/UART/UART.o
                0x00023898                UART_init
 .text.uart_rx_irq_enable
                0x00023ba4       0xf4 ./Source/Driver/UART/UART.o
                0x00023ba4                uart_rx_irq_enable
 .text.UART0_IRQHandler
                0x00023c98       0x40 ./Source/Driver/UART/UART.o
                0x00023c98                UART0_IRQHandler
 .text.UART0_IRQHandler_temp
                0x00023cd8       0x16 ./Source/Driver/UART/UART.o
                0x00023cd8                UART0_IRQHandler_User
                0x00023cd8                UART0_IRQHandler_temp
 *fill*         0x00023cee        0x2 
 .text.UART_print_int
                0x00023cf0       0x48 ./Source/Driver/UART/UART.o
                0x00023cf0                UART_print_int
 .text.UART_print_float
                0x00023d38       0x50 ./Source/Driver/UART/UART.o
                0x00023d38                UART_print_float
 .text.UART_print_ch
                0x00023d88       0x2a ./Source/Driver/UART/UART.o
                0x00023d88                UART_print_ch
 .text.UART_print
                0x00023db2       0x32 ./Source/Driver/UART/UART.o
                0x00023db2                UART_print
 .text.UART_println
                0x00023de4       0x44 ./Source/Driver/UART/UART.o
                0x00023de4                UART_println
 .text.UART_Transmit
                0x00023e28       0x50 ./Source/Driver/UART/UART.o
                0x00023e28                UART_Transmit
 .text.Delay    0x00023e78       0x2e ./Source/Driver/UART/UART.o
                0x00023e78                Delay
 *fill*         0x00023ea6        0x2 
 .text.UART_Receive
                0x00023ea8       0x48 ./Source/Driver/UART/UART.o
                0x00023ea8                UART_Receive
 .text.UART_RxReady
                0x00023ef0       0x40 ./Source/Driver/UART/UART.o
                0x00023ef0                UART_RxReady
 .text.xEventGroupCreate
                0x00023f30       0x2e ./Source/FreeRtos/event_groups.o
                0x00023f30                xEventGroupCreate
 *fill*         0x00023f5e        0x2 
 .text.xEventGroupSync
                0x00023f60      0x15c ./Source/FreeRtos/event_groups.o
                0x00023f60                xEventGroupSync
 .text.xEventGroupWaitBits
                0x000240bc      0x19c ./Source/FreeRtos/event_groups.o
                0x000240bc                xEventGroupWaitBits
 .text.xEventGroupClearBits
                0x00024258       0x70 ./Source/FreeRtos/event_groups.o
                0x00024258                xEventGroupClearBits
 .text.xEventGroupGetBitsFromISR
                0x000242c8       0x48 ./Source/FreeRtos/event_groups.o
                0x000242c8                xEventGroupGetBitsFromISR
 .text.xEventGroupSetBits
                0x00024310      0x116 ./Source/FreeRtos/event_groups.o
                0x00024310                xEventGroupSetBits
 .text.vEventGroupDelete
                0x00024426       0x7e ./Source/FreeRtos/event_groups.o
                0x00024426                vEventGroupDelete
 .text.vEventGroupSetBitsCallback
                0x000244a4       0x1a ./Source/FreeRtos/event_groups.o
                0x000244a4                vEventGroupSetBitsCallback
 .text.vEventGroupClearBitsCallback
                0x000244be       0x1a ./Source/FreeRtos/event_groups.o
                0x000244be                vEventGroupClearBitsCallback
 .text.prvTestWaitCondition
                0x000244d8       0x44 ./Source/FreeRtos/event_groups.o
 .text.uxEventGroupGetNumber
                0x0002451c       0x2c ./Source/FreeRtos/event_groups.o
                0x0002451c                uxEventGroupGetNumber
 .text.vEventGroupSetNumber
                0x00024548       0x1c ./Source/FreeRtos/event_groups.o
                0x00024548                vEventGroupSetNumber
 .text.vListInitialise
                0x00024564       0x40 ./Source/FreeRtos/list.o
                0x00024564                vListInitialise
 .text.vListInitialiseItem
                0x000245a4       0x1a ./Source/FreeRtos/list.o
                0x000245a4                vListInitialiseItem
 .text.vListInsertEnd
                0x000245be       0x48 ./Source/FreeRtos/list.o
                0x000245be                vListInsertEnd
 .text.vListInsert
                0x00024606       0x72 ./Source/FreeRtos/list.o
                0x00024606                vListInsert
 .text.uxListRemove
                0x00024678       0x54 ./Source/FreeRtos/list.o
                0x00024678                uxListRemove
 .text.xQueueGenericReset
                0x000246cc      0x120 ./Source/FreeRtos/queue.o
                0x000246cc                xQueueGenericReset
 .text.xQueueGenericCreate
                0x000247ec       0x9c ./Source/FreeRtos/queue.o
                0x000247ec                xQueueGenericCreate
 .text.prvInitialiseNewQueue
                0x00024888       0x46 ./Source/FreeRtos/queue.o
 .text.prvInitialiseMutex
                0x000248ce       0x34 ./Source/FreeRtos/queue.o
 .text.xQueueCreateMutex
                0x00024902       0x30 ./Source/FreeRtos/queue.o
                0x00024902                xQueueCreateMutex
 .text.xQueueGiveMutexRecursive
                0x00024932       0x68 ./Source/FreeRtos/queue.o
                0x00024932                xQueueGiveMutexRecursive
 .text.xQueueTakeMutexRecursive
                0x0002499a       0x6c ./Source/FreeRtos/queue.o
                0x0002499a                xQueueTakeMutexRecursive
 .text.xQueueCreateCountingSemaphore
                0x00024a06       0x5c ./Source/FreeRtos/queue.o
                0x00024a06                xQueueCreateCountingSemaphore
 *fill*         0x00024a62        0x2 
 .text.xQueueGenericSend
                0x00024a64      0x1fc ./Source/FreeRtos/queue.o
                0x00024a64                xQueueGenericSend
 .text.xQueueGenericSendFromISR
                0x00024c60      0x164 ./Source/FreeRtos/queue.o
                0x00024c60                xQueueGenericSendFromISR
 .text.xQueueGiveFromISR
                0x00024dc4      0x148 ./Source/FreeRtos/queue.o
                0x00024dc4                xQueueGiveFromISR
 .text.xQueueReceive
                0x00024f0c      0x1c0 ./Source/FreeRtos/queue.o
                0x00024f0c                xQueueReceive
 .text.xQueueSemaphoreTake
                0x000250cc      0x1fc ./Source/FreeRtos/queue.o
                0x000250cc                xQueueSemaphoreTake
 .text.xQueuePeek
                0x000252c8      0x1c4 ./Source/FreeRtos/queue.o
                0x000252c8                xQueuePeek
 .text.xQueueReceiveFromISR
                0x0002548c      0x12e ./Source/FreeRtos/queue.o
                0x0002548c                xQueueReceiveFromISR
 .text.xQueuePeekFromISR
                0x000255ba       0xd2 ./Source/FreeRtos/queue.o
                0x000255ba                xQueuePeekFromISR
 .text.uxQueueMessagesWaiting
                0x0002568c       0x3c ./Source/FreeRtos/queue.o
                0x0002568c                uxQueueMessagesWaiting
 .text.uxQueueSpacesAvailable
                0x000256c8       0x46 ./Source/FreeRtos/queue.o
                0x000256c8                uxQueueSpacesAvailable
 .text.uxQueueMessagesWaitingFromISR
                0x0002570e       0x3c ./Source/FreeRtos/queue.o
                0x0002570e                uxQueueMessagesWaitingFromISR
 .text.vQueueDelete
                0x0002574a       0x3c ./Source/FreeRtos/queue.o
                0x0002574a                vQueueDelete
 .text.uxQueueGetQueueNumber
                0x00025786       0x18 ./Source/FreeRtos/queue.o
                0x00025786                uxQueueGetQueueNumber
 .text.vQueueSetQueueNumber
                0x0002579e       0x1c ./Source/FreeRtos/queue.o
                0x0002579e                vQueueSetQueueNumber
 .text.ucQueueGetQueueType
                0x000257ba       0x1a ./Source/FreeRtos/queue.o
                0x000257ba                ucQueueGetQueueType
 .text.prvGetDisinheritPriorityAfterTimeout
                0x000257d4       0x30 ./Source/FreeRtos/queue.o
 .text.prvCopyDataToQueue
                0x00025804       0xd4 ./Source/FreeRtos/queue.o
 .text.prvCopyDataFromQueue
                0x000258d8       0x4c ./Source/FreeRtos/queue.o
 .text.prvUnlockQueue
                0x00025924       0xa4 ./Source/FreeRtos/queue.o
 .text.prvIsQueueEmpty
                0x000259c8       0x2c ./Source/FreeRtos/queue.o
 .text.xQueueIsQueueEmptyFromISR
                0x000259f4       0x48 ./Source/FreeRtos/queue.o
                0x000259f4                xQueueIsQueueEmptyFromISR
 .text.prvIsQueueFull
                0x00025a3c       0x30 ./Source/FreeRtos/queue.o
 .text.xQueueIsQueueFullFromISR
                0x00025a6c       0x4c ./Source/FreeRtos/queue.o
                0x00025a6c                xQueueIsQueueFullFromISR
 .text.vQueueAddToRegistry
                0x00025ab8       0x9c ./Source/FreeRtos/queue.o
                0x00025ab8                vQueueAddToRegistry
 .text.pcQueueGetName
                0x00025b54       0x68 ./Source/FreeRtos/queue.o
                0x00025b54                pcQueueGetName
 .text.vQueueUnregisterQueue
                0x00025bbc       0x70 ./Source/FreeRtos/queue.o
                0x00025bbc                vQueueUnregisterQueue
 .text.vQueueWaitForMessageRestricted
                0x00025c2c       0x68 ./Source/FreeRtos/queue.o
                0x00025c2c                vQueueWaitForMessageRestricted
 .text.xStreamBufferGenericCreate
                0x00025c94       0xce ./Source/FreeRtos/stream_buffer.o
                0x00025c94                xStreamBufferGenericCreate
 .text.vStreamBufferDelete
                0x00025d62       0x4e ./Source/FreeRtos/stream_buffer.o
                0x00025d62                vStreamBufferDelete
 .text.xStreamBufferReset
                0x00025db0       0x8a ./Source/FreeRtos/stream_buffer.o
                0x00025db0                xStreamBufferReset
 .text.xStreamBufferSetTriggerLevel
                0x00025e3a       0x5c ./Source/FreeRtos/stream_buffer.o
                0x00025e3a                xStreamBufferSetTriggerLevel
 .text.xStreamBufferSpacesAvailable
                0x00025e96       0x76 ./Source/FreeRtos/stream_buffer.o
                0x00025e96                xStreamBufferSpacesAvailable
 .text.xStreamBufferBytesAvailable
                0x00025f0c       0x3a ./Source/FreeRtos/stream_buffer.o
                0x00025f0c                xStreamBufferBytesAvailable
 .text.xStreamBufferSend
                0x00025f46      0x19a ./Source/FreeRtos/stream_buffer.o
                0x00025f46                xStreamBufferSend
 .text.xStreamBufferSendFromISR
                0x000260e0       0xe6 ./Source/FreeRtos/stream_buffer.o
                0x000260e0                xStreamBufferSendFromISR
 .text.prvWriteMessageToBuffer
                0x000261c6       0x90 ./Source/FreeRtos/stream_buffer.o
 .text.xStreamBufferReceive
                0x00026256      0x130 ./Source/FreeRtos/stream_buffer.o
                0x00026256                xStreamBufferReceive
 .text.xStreamBufferNextMessageLengthBytes
                0x00026386       0x88 ./Source/FreeRtos/stream_buffer.o
                0x00026386                xStreamBufferNextMessageLengthBytes
 .text.xStreamBufferReceiveFromISR
                0x0002640e       0xde ./Source/FreeRtos/stream_buffer.o
                0x0002640e                xStreamBufferReceiveFromISR
 .text.prvReadMessageFromBuffer
                0x000264ec       0x7a ./Source/FreeRtos/stream_buffer.o
 .text.xStreamBufferIsEmpty
                0x00026566       0x50 ./Source/FreeRtos/stream_buffer.o
                0x00026566                xStreamBufferIsEmpty
 .text.xStreamBufferIsFull
                0x000265b6       0x60 ./Source/FreeRtos/stream_buffer.o
                0x000265b6                xStreamBufferIsFull
 .text.xStreamBufferSendCompletedFromISR
                0x00026616       0x8a ./Source/FreeRtos/stream_buffer.o
                0x00026616                xStreamBufferSendCompletedFromISR
 .text.xStreamBufferReceiveCompletedFromISR
                0x000266a0       0x8a ./Source/FreeRtos/stream_buffer.o
                0x000266a0                xStreamBufferReceiveCompletedFromISR
 .text.prvWriteBytesToBuffer
                0x0002672a       0xda ./Source/FreeRtos/stream_buffer.o
 .text.prvReadBytesFromBuffer
                0x00026804       0xd4 ./Source/FreeRtos/stream_buffer.o
 .text.prvBytesInBuffer
                0x000268d8       0x40 ./Source/FreeRtos/stream_buffer.o
 .text.prvInitialiseNewStreamBuffer
                0x00026918       0x66 ./Source/FreeRtos/stream_buffer.o
 .text.uxStreamBufferGetStreamBufferNumber
                0x0002697e       0x18 ./Source/FreeRtos/stream_buffer.o
                0x0002697e                uxStreamBufferGetStreamBufferNumber
 .text.vStreamBufferSetStreamBufferNumber
                0x00026996       0x1c ./Source/FreeRtos/stream_buffer.o
                0x00026996                vStreamBufferSetStreamBufferNumber
 .text.ucStreamBufferGetStreamBufferType
                0x000269b2       0x1e ./Source/FreeRtos/stream_buffer.o
                0x000269b2                ucStreamBufferGetStreamBufferType
 .text.xTaskCreate
                0x000269d0       0x8c ./Source/FreeRtos/tasks.o
                0x000269d0                xTaskCreate
 .text.prvInitialiseNewTask
                0x00026a5c      0x11c ./Source/FreeRtos/tasks.o
 .text.prvAddNewTaskToReadyList
                0x00026b78      0x12c ./Source/FreeRtos/tasks.o
 .text.vTaskDelete
                0x00026ca4      0x128 ./Source/FreeRtos/tasks.o
                0x00026ca4                vTaskDelete
 .text.xTaskDelayUntil
                0x00026dcc       0xfc ./Source/FreeRtos/tasks.o
                0x00026dcc                xTaskDelayUntil
 .text.vTaskDelay
                0x00026ec8       0x68 ./Source/FreeRtos/tasks.o
                0x00026ec8                vTaskDelay
 .text.eTaskGetState
                0x00026f30       0xf4 ./Source/FreeRtos/tasks.o
                0x00026f30                eTaskGetState
 .text.uxTaskPriorityGet
                0x00027024       0x34 ./Source/FreeRtos/tasks.o
                0x00027024                uxTaskPriorityGet
 .text.uxTaskPriorityGetFromISR
                0x00027058       0x58 ./Source/FreeRtos/tasks.o
                0x00027058                uxTaskPriorityGetFromISR
 .text.vTaskPrioritySet
                0x000270b0      0x1a4 ./Source/FreeRtos/tasks.o
                0x000270b0                vTaskPrioritySet
 .text.vTaskSuspend
                0x00027254      0x140 ./Source/FreeRtos/tasks.o
                0x00027254                vTaskSuspend
 .text.prvTaskIsTaskSuspended
                0x00027394       0x64 ./Source/FreeRtos/tasks.o
 .text.vTaskResume
                0x000273f8      0x10c ./Source/FreeRtos/tasks.o
                0x000273f8                vTaskResume
 .text.xTaskResumeFromISR
                0x00027504      0x13c ./Source/FreeRtos/tasks.o
                0x00027504                xTaskResumeFromISR
 .text.vTaskStartScheduler
                0x00027640       0xa4 ./Source/FreeRtos/tasks.o
                0x00027640                vTaskStartScheduler
 .text.vTaskEndScheduler
                0x000276e4       0x30 ./Source/FreeRtos/tasks.o
                0x000276e4                vTaskEndScheduler
 .text.vTaskSuspendAll
                0x00027714       0x1c ./Source/FreeRtos/tasks.o
                0x00027714                vTaskSuspendAll
 .text.xTaskResumeAll
                0x00027730      0x1f8 ./Source/FreeRtos/tasks.o
                0x00027730                xTaskResumeAll
 .text.xTaskGetTickCount
                0x00027928       0x20 ./Source/FreeRtos/tasks.o
                0x00027928                xTaskGetTickCount
 .text.xTaskGetTickCountFromISR
                0x00027948       0x24 ./Source/FreeRtos/tasks.o
                0x00027948                xTaskGetTickCountFromISR
 .text.uxTaskGetNumberOfTasks
                0x0002796c       0x18 ./Source/FreeRtos/tasks.o
                0x0002796c                uxTaskGetNumberOfTasks
 .text.pcTaskGetName
                0x00027984       0x48 ./Source/FreeRtos/tasks.o
                0x00027984                pcTaskGetName
 .text.uxTaskGetSystemState
                0x000279cc      0x11c ./Source/FreeRtos/tasks.o
                0x000279cc                uxTaskGetSystemState
 .text.xTaskCatchUpTicks
                0x00027ae8       0x58 ./Source/FreeRtos/tasks.o
                0x00027ae8                xTaskCatchUpTicks
 .text.xTaskIncrementTick
                0x00027b40      0x22c ./Source/FreeRtos/tasks.o
                0x00027b40                xTaskIncrementTick
 .text.vTaskSwitchContext
                0x00027d6c      0x100 ./Source/FreeRtos/tasks.o
                0x00027d6c                vTaskSwitchContext
 .text.vTaskPlaceOnEventList
                0x00027e6c       0x48 ./Source/FreeRtos/tasks.o
                0x00027e6c                vTaskPlaceOnEventList
 .text.vTaskPlaceOnUnorderedEventList
                0x00027eb4       0xac ./Source/FreeRtos/tasks.o
                0x00027eb4                vTaskPlaceOnUnorderedEventList
 .text.vTaskPlaceOnEventListRestricted
                0x00027f60       0x8c ./Source/FreeRtos/tasks.o
                0x00027f60                vTaskPlaceOnEventListRestricted
 .text.xTaskRemoveFromEventList
                0x00027fec      0x1ac ./Source/FreeRtos/tasks.o
                0x00027fec                xTaskRemoveFromEventList
 .text.vTaskRemoveFromUnorderedEventList
                0x00028198      0x180 ./Source/FreeRtos/tasks.o
                0x00028198                vTaskRemoveFromUnorderedEventList
 .text.vTaskSetTimeOutState
                0x00028318       0x4c ./Source/FreeRtos/tasks.o
                0x00028318                vTaskSetTimeOutState
 .text.vTaskInternalSetTimeOutState
                0x00028364       0x2c ./Source/FreeRtos/tasks.o
                0x00028364                vTaskInternalSetTimeOutState
 .text.xTaskCheckForTimeOut
                0x00028390       0xcc ./Source/FreeRtos/tasks.o
                0x00028390                xTaskCheckForTimeOut
 .text.vTaskMissedYield
                0x0002845c       0x18 ./Source/FreeRtos/tasks.o
                0x0002845c                vTaskMissedYield
 .text.uxTaskGetTaskNumber
                0x00028474       0x2c ./Source/FreeRtos/tasks.o
                0x00028474                uxTaskGetTaskNumber
 .text.vTaskSetTaskNumber
                0x000284a0       0x26 ./Source/FreeRtos/tasks.o
                0x000284a0                vTaskSetTaskNumber
 *fill*         0x000284c6        0x2 
 .text.prvIdleTask
                0x000284c8       0x30 ./Source/FreeRtos/tasks.o
 .text.prvInitialiseTaskLists
                0x000284f8       0x80 ./Source/FreeRtos/tasks.o
 .text.prvCheckTasksWaitingTermination
                0x00028578       0x5c ./Source/FreeRtos/tasks.o
 .text.vTaskGetInfo
                0x000285d4       0xcc ./Source/FreeRtos/tasks.o
                0x000285d4                vTaskGetInfo
 .text.prvListTasksWithinSingleList
                0x000286a0       0xa4 ./Source/FreeRtos/tasks.o
 .text.prvTaskCheckFreeStackSpace
                0x00028744       0x38 ./Source/FreeRtos/tasks.o
 .text.prvDeleteTCB
                0x0002877c       0x20 ./Source/FreeRtos/tasks.o
 .text.prvResetNextTaskUnblockTime
                0x0002879c       0x38 ./Source/FreeRtos/tasks.o
 .text.xTaskGetCurrentTaskHandle
                0x000287d4       0x20 ./Source/FreeRtos/tasks.o
                0x000287d4                xTaskGetCurrentTaskHandle
 .text.xTaskGetSchedulerState
                0x000287f4       0x3c ./Source/FreeRtos/tasks.o
                0x000287f4                xTaskGetSchedulerState
 .text.xTaskPriorityInherit
                0x00028830      0x13c ./Source/FreeRtos/tasks.o
                0x00028830                xTaskPriorityInherit
 .text.xTaskPriorityDisinherit
                0x0002896c      0x148 ./Source/FreeRtos/tasks.o
                0x0002896c                xTaskPriorityDisinherit
 .text.vTaskPriorityDisinheritAfterTimeout
                0x00028ab4      0x170 ./Source/FreeRtos/tasks.o
                0x00028ab4                vTaskPriorityDisinheritAfterTimeout
 .text.prvWriteNameToBuffer
                0x00028c24       0x4a ./Source/FreeRtos/tasks.o
 *fill*         0x00028c6e        0x2 
 .text.vTaskList
                0x00028c70      0x12c ./Source/FreeRtos/tasks.o
                0x00028c70                vTaskList
 .text.uxTaskResetEventItemValue
                0x00028d9c       0x30 ./Source/FreeRtos/tasks.o
                0x00028d9c                uxTaskResetEventItemValue
 .text.pvTaskIncrementMutexHeldCount
                0x00028dcc       0x28 ./Source/FreeRtos/tasks.o
                0x00028dcc                pvTaskIncrementMutexHeldCount
 .text.ulTaskGenericNotifyTake
                0x00028df4       0xd0 ./Source/FreeRtos/tasks.o
                0x00028df4                ulTaskGenericNotifyTake
 .text.xTaskGenericNotifyWait
                0x00028ec4      0x100 ./Source/FreeRtos/tasks.o
                0x00028ec4                xTaskGenericNotifyWait
 .text.xTaskGenericNotify
                0x00028fc4      0x244 ./Source/FreeRtos/tasks.o
                0x00028fc4                xTaskGenericNotify
 .text.xTaskGenericNotifyFromISR
                0x00029208      0x2b8 ./Source/FreeRtos/tasks.o
                0x00029208                xTaskGenericNotifyFromISR
 .text.vTaskGenericNotifyGiveFromISR
                0x000294c0      0x20c ./Source/FreeRtos/tasks.o
                0x000294c0                vTaskGenericNotifyGiveFromISR
 .text.xTaskGenericNotifyStateClear
                0x000296cc       0x74 ./Source/FreeRtos/tasks.o
                0x000296cc                xTaskGenericNotifyStateClear
 .text.ulTaskGenericNotifyValueClear
                0x00029740       0x5c ./Source/FreeRtos/tasks.o
                0x00029740                ulTaskGenericNotifyValueClear
 .text.prvAddCurrentTaskToDelayedList
                0x0002979c      0x100 ./Source/FreeRtos/tasks.o
 .text.vApplicationMallocFailedHook
                0x0002989c       0x28 ./Source/FreeRtos/tasks.o
                0x0002989c                vApplicationMallocFailedHook
 .text.vApplicationStackOverflowHook
                0x000298c4       0x2c ./Source/FreeRtos/tasks.o
                0x000298c4                vApplicationStackOverflowHook
 .text.xTimerCreateTimerTask
                0x000298f0       0x64 ./Source/FreeRtos/timers.o
                0x000298f0                xTimerCreateTimerTask
 .text.xTimerCreate
                0x00029954       0x42 ./Source/FreeRtos/timers.o
                0x00029954                xTimerCreate
 .text.prvInitialiseNewTimer
                0x00029996       0x70 ./Source/FreeRtos/timers.o
 *fill*         0x00029a06        0x2 
 .text.xTimerGenericCommand
                0x00029a08       0x9c ./Source/FreeRtos/timers.o
                0x00029a08                xTimerGenericCommand
 .text.xTimerGetTimerDaemonTaskHandle
                0x00029aa4       0x38 ./Source/FreeRtos/timers.o
                0x00029aa4                xTimerGetTimerDaemonTaskHandle
 .text.xTimerGetPeriod
                0x00029adc       0x38 ./Source/FreeRtos/timers.o
                0x00029adc                xTimerGetPeriod
 .text.vTimerSetReloadMode
                0x00029b14       0x66 ./Source/FreeRtos/timers.o
                0x00029b14                vTimerSetReloadMode
 .text.xTimerGetReloadMode
                0x00029b7a       0x52 ./Source/FreeRtos/timers.o
                0x00029b7a                xTimerGetReloadMode
 .text.uxTimerGetReloadMode
                0x00029bcc       0x18 ./Source/FreeRtos/timers.o
                0x00029bcc                uxTimerGetReloadMode
 .text.xTimerGetExpiryTime
                0x00029be4       0x3c ./Source/FreeRtos/timers.o
                0x00029be4                xTimerGetExpiryTime
 .text.pcTimerGetName
                0x00029c20       0x38 ./Source/FreeRtos/timers.o
                0x00029c20                pcTimerGetName
 .text.prvReloadTimer
                0x00029c58       0x42 ./Source/FreeRtos/timers.o
 *fill*         0x00029c9a        0x2 
 .text.prvProcessExpiredTimer
                0x00029c9c       0x60 ./Source/FreeRtos/timers.o
 .text.prvTimerTask
                0x00029cfc       0x24 ./Source/FreeRtos/timers.o
 .text.prvProcessTimerOrBlockTask
                0x00029d20       0x9c ./Source/FreeRtos/timers.o
 .text.prvGetNextExpireTime
                0x00029dbc       0x48 ./Source/FreeRtos/timers.o
 .text.prvSampleTimeNow
                0x00029e04       0x40 ./Source/FreeRtos/timers.o
 .text.prvInsertTimerInActiveList
                0x00029e44       0x84 ./Source/FreeRtos/timers.o
 .text.prvProcessReceivedCommands
                0x00029ec8      0x17c ./Source/FreeRtos/timers.o
 .text.prvSwitchTimerLists
                0x0002a044       0x4c ./Source/FreeRtos/timers.o
 .text.prvCheckForValidListAndQueue
                0x0002a090       0x6c ./Source/FreeRtos/timers.o
 .text.xTimerIsTimerActive
                0x0002a0fc       0x52 ./Source/FreeRtos/timers.o
                0x0002a0fc                xTimerIsTimerActive
 .text.pvTimerGetTimerID
                0x0002a14e       0x40 ./Source/FreeRtos/timers.o
                0x0002a14e                pvTimerGetTimerID
 .text.vTimerSetTimerID
                0x0002a18e       0x40 ./Source/FreeRtos/timers.o
                0x0002a18e                vTimerSetTimerID
 .text.uxTimerGetTimerNumber
                0x0002a1ce       0x18 ./Source/FreeRtos/timers.o
                0x0002a1ce                uxTimerGetTimerNumber
 .text.vTimerSetTimerNumber
                0x0002a1e6       0x1c ./Source/FreeRtos/timers.o
                0x0002a1e6                vTimerSetTimerNumber
 *fill*         0x0002a202        0x2 
 .text.pxPortInitialiseStack
                0x0002a204       0x68 ./Source/FreeRtos/portable/GCC/ARM_CM4F/port.o
                0x0002a204                pxPortInitialiseStack
 .text.prvTaskExitError
                0x0002a26c       0x58 ./Source/FreeRtos/portable/GCC/ARM_CM4F/port.o
 *fill*         0x0002a2c4        0xc 
 .text.SVC_Handler
                0x0002a2d0       0x28 ./Source/FreeRtos/portable/GCC/ARM_CM4F/port.o
                0x0002a2d0                SVC_Handler
 .text.prvPortStartFirstTask
                0x0002a2f8       0x2c ./Source/FreeRtos/portable/GCC/ARM_CM4F/port.o
 .text.xPortStartScheduler
                0x0002a324      0x140 ./Source/FreeRtos/portable/GCC/ARM_CM4F/port.o
                0x0002a324                xPortStartScheduler
 .text.vPortEndScheduler
                0x0002a464       0x38 ./Source/FreeRtos/portable/GCC/ARM_CM4F/port.o
                0x0002a464                vPortEndScheduler
 .text.vPortEnterCritical
                0x0002a49c       0x60 ./Source/FreeRtos/portable/GCC/ARM_CM4F/port.o
                0x0002a49c                vPortEnterCritical
 .text.vPortExitCritical
                0x0002a4fc       0x54 ./Source/FreeRtos/portable/GCC/ARM_CM4F/port.o
                0x0002a4fc                vPortExitCritical
 .text.PendSV_Handler
                0x0002a550       0x68 ./Source/FreeRtos/portable/GCC/ARM_CM4F/port.o
                0x0002a550                PendSV_Handler
 .text.SysTick_Handler
                0x0002a5b8       0x44 ./Source/FreeRtos/portable/GCC/ARM_CM4F/port.o
                0x0002a5b8                SysTick_Handler
 .text.vPortSetupTimerInterrupt
                0x0002a5fc       0x48 ./Source/FreeRtos/portable/GCC/ARM_CM4F/port.o
                0x0002a5fc                vPortSetupTimerInterrupt
 .text.vPortEnableVFP
                0x0002a644       0x18 ./Source/FreeRtos/portable/GCC/ARM_CM4F/port.o
 .text.vPortValidateInterruptPriority
                0x0002a65c       0x80 ./Source/FreeRtos/portable/GCC/ARM_CM4F/port.o
                0x0002a65c                vPortValidateInterruptPriority
 .text.pvPortMalloc
                0x0002a6dc      0x17c ./Source/FreeRtos/portable/MemMang/heap_4.o
                0x0002a6dc                pvPortMalloc
 .text.vPortFree
                0x0002a858       0xb8 ./Source/FreeRtos/portable/MemMang/heap_4.o
                0x0002a858                vPortFree
 .text.xPortGetFreeHeapSize
                0x0002a910       0x18 ./Source/FreeRtos/portable/MemMang/heap_4.o
                0x0002a910                xPortGetFreeHeapSize
 .text.xPortGetMinimumEverFreeHeapSize
                0x0002a928       0x18 ./Source/FreeRtos/portable/MemMang/heap_4.o
                0x0002a928                xPortGetMinimumEverFreeHeapSize
 .text.vPortInitialiseBlocks
                0x0002a940        0xe ./Source/FreeRtos/portable/MemMang/heap_4.o
                0x0002a940                vPortInitialiseBlocks
 .text.pvPortCalloc
                0x0002a94e       0x60 ./Source/FreeRtos/portable/MemMang/heap_4.o
                0x0002a94e                pvPortCalloc
 *fill*         0x0002a9ae        0x2 
 .text.prvHeapInit
                0x0002a9b0       0xb8 ./Source/FreeRtos/portable/MemMang/heap_4.o
 .text.prvInsertBlockIntoFreeList
                0x0002aa68       0xb4 ./Source/FreeRtos/portable/MemMang/heap_4.o
 .text.vPortGetHeapStats
                0x0002ab1c       0xbc ./Source/FreeRtos/portable/MemMang/heap_4.o
                0x0002ab1c                vPortGetHeapStats
 .text.HCSR04_init
                0x0002abd8       0x3c ./Source/Middleware/HCSR04/HCSR04.o
                0x0002abd8                HCSR04_init
 .text.HCSR04_get_distance
                0x0002ac14       0xbc ./Source/Middleware/HCSR04/HCSR04.o
                0x0002ac14                HCSR04_get_distance
 .text.MCP3208  0x0002acd0      0x118 ./Source/Middleware/MCP3208/MCP3208.o
                0x0002acd0                MCP3208
 .text.Calculate_Compass_Heading
                0x0002ade8       0xcc ./Source/Middleware/MPU9250/Compas.o
                0x0002ade8                Calculate_Compass_Heading
 .text.compute_alpha_lpf
                0x0002aeb4       0x34 ./Source/Middleware/MPU9250/Complementary_filter.o
                0x0002aeb4                compute_alpha_lpf
 .text.compute_alpha_hpf
                0x0002aee8       0x34 ./Source/Middleware/MPU9250/Complementary_filter.o
                0x0002aee8                compute_alpha_hpf
 .text.low_pass_filter
                0x0002af1c       0x40 ./Source/Middleware/MPU9250/Complementary_filter.o
                0x0002af1c                low_pass_filter
 .text.high_pass_filter
                0x0002af5c       0x30 ./Source/Middleware/MPU9250/Complementary_filter.o
                0x0002af5c                high_pass_filter
 .text.apply_low_pass_filter
                0x0002af8c      0x17c ./Source/Middleware/MPU9250/Complementary_filter.o
                0x0002af8c                apply_low_pass_filter
 .text.apply_high_pass_filter
                0x0002b108      0x17c ./Source/Middleware/MPU9250/Complementary_filter.o
                0x0002b108                apply_high_pass_filter
 *fill*         0x0002b284        0x4 
 .text.apply_gravity_compensation
                0x0002b288      0x17c ./Source/Middleware/MPU9250/Complementary_filter.o
                0x0002b288                apply_gravity_compensation
 .text.calculate_velocity
                0x0002b404       0x98 ./Source/Middleware/MPU9250/Complementary_filter.o
                0x0002b404                calculate_velocity
 *fill*         0x0002b49c        0x4 
 .text.Complementary_Filter
                0x0002b4a0      0x1bc ./Source/Middleware/MPU9250/Complementary_filter.o
                0x0002b4a0                Complementary_Filter
 .text.MPU9250_Init
                0x0002b65c       0xc4 ./Source/Middleware/MPU9250/MPU9250.o
                0x0002b65c                MPU9250_Init
 .text.MPU9250_Init_Magnetometer
                0x0002b720       0x54 ./Source/Middleware/MPU9250/MPU9250.o
                0x0002b720                MPU9250_Init_Magnetometer
 .text.MPU9250_INT_PIN_CFG_EN_BYPASS
                0x0002b774       0x44 ./Source/Middleware/MPU9250/MPU9250.o
                0x0002b774                MPU9250_INT_PIN_CFG_EN_BYPASS
 .text.Set_Accelerometer_Scale
                0x0002b7b8      0x104 ./Source/Middleware/MPU9250/MPU9250.o
                0x0002b7b8                Set_Accelerometer_Scale
 .text.Set_Gyroscope_Scale
                0x0002b8bc      0x10c ./Source/Middleware/MPU9250/MPU9250.o
                0x0002b8bc                Set_Gyroscope_Scale
 .text.Set_Magnetometer_Scale
                0x0002b9c8       0x74 ./Source/Middleware/MPU9250/MPU9250.o
                0x0002b9c8                Set_Magnetometer_Scale
 .text.Set_Accelerometer_Bandwidth
                0x0002ba3c       0x2c ./Source/Middleware/MPU9250/MPU9250.o
                0x0002ba3c                Set_Accelerometer_Bandwidth
 .text.Set_Gyroscope_Bandwidth
                0x0002ba68       0x2c ./Source/Middleware/MPU9250/MPU9250.o
                0x0002ba68                Set_Gyroscope_Bandwidth
 .text.Set_Magnetometer_Bandwidth
                0x0002ba94       0x54 ./Source/Middleware/MPU9250/MPU9250.o
                0x0002ba94                Set_Magnetometer_Bandwidth
 .text.Set_Magnetometer_Mode
                0x0002bae8       0x54 ./Source/Middleware/MPU9250/MPU9250.o
                0x0002bae8                Set_Magnetometer_Mode
 .text.Calculate_SMPLRT_DIV
                0x0002bb3c       0x26 ./Source/Middleware/MPU9250/MPU9250.o
                0x0002bb3c                Calculate_SMPLRT_DIV
 *fill*         0x0002bb62        0x2 
 .text.Set_Sample_Rate
                0x0002bb64       0x34 ./Source/Middleware/MPU9250/MPU9250.o
                0x0002bb64                Set_Sample_Rate
 .text.MPU9250_Read_Accelerometer
                0x0002bb98       0x74 ./Source/Middleware/MPU9250/MPU9250.o
                0x0002bb98                MPU9250_Read_Accelerometer
 .text.MPU9250_Read_Gyroscope
                0x0002bc0c       0x74 ./Source/Middleware/MPU9250/MPU9250.o
                0x0002bc0c                MPU9250_Read_Gyroscope
 .text.MPU9250_Read_Magnetometer
                0x0002bc80       0x74 ./Source/Middleware/MPU9250/MPU9250.o
                0x0002bc80                MPU9250_Read_Magnetometer
 .text.MPU9250_Read_Temperature
                0x0002bcf4       0x54 ./Source/Middleware/MPU9250/MPU9250.o
                0x0002bcf4                MPU9250_Read_Temperature
 .text.Convert_Accelerometer_To_Physical
                0x0002bd48      0x108 ./Source/Middleware/MPU9250/MPU9250.o
                0x0002bd48                Convert_Accelerometer_To_Physical
 .text.Convert_Gyroscope_To_Physical
                0x0002be50       0x6e ./Source/Middleware/MPU9250/MPU9250.o
                0x0002be50                Convert_Gyroscope_To_Physical
 .text.Convert_Magnetometer_To_Physical
                0x0002bebe       0x6e ./Source/Middleware/MPU9250/MPU9250.o
                0x0002bebe                Convert_Magnetometer_To_Physical
 *fill*         0x0002bf2c        0x4 
 .text.Convert_Temperature_To_Physical
                0x0002bf30       0x64 ./Source/Middleware/MPU9250/MPU9250.o
                0x0002bf30                Convert_Temperature_To_Physical
 .text.Apply_Offsets_accel
                0x0002bf94       0xf4 ./Source/Middleware/MPU9250/MPU9250.o
                0x0002bf94                Apply_Offsets_accel
 .text.Apply_Offsets_gyro
                0x0002c088       0x5c ./Source/Middleware/MPU9250/MPU9250.o
                0x0002c088                Apply_Offsets_gyro
 .text.Apply_Offsets
                0x0002c0e4       0x1c ./Source/Middleware/MPU9250/MPU9250.o
                0x0002c0e4                Apply_Offsets
 .text.MPU9250_set_accel_offset
                0x0002c100       0x30 ./Source/Middleware/MPU9250/MPU9250.o
                0x0002c100                MPU9250_set_accel_offset
 .text.MPU9250_set_gyro_offset
                0x0002c130       0xc8 ./Source/Middleware/MPU9250/MPU9250.o
                0x0002c130                MPU9250_set_gyro_offset
 .text.Read_MPU9250
                0x0002c1f8       0x58 ./Source/Middleware/MPU9250/MPU9250.o
                0x0002c1f8                Read_MPU9250
 .text.MPU9250_Get_Offset
                0x0002c250      0x1a4 ./Source/Middleware/MPU9250/MPU9250.o
                0x0002c250                MPU9250_Get_Offset
 .text.ssd1306_init
                0x0002c3f4       0xe8 ./Source/Middleware/OLED_SSD1306/SSD1306.o
                0x0002c3f4                ssd1306_init
 .text.ssd1306_command
                0x0002c4dc       0x28 ./Source/Middleware/OLED_SSD1306/SSD1306.o
                0x0002c4dc                ssd1306_command
 .text.ssd1306_data
                0x0002c504       0x28 ./Source/Middleware/OLED_SSD1306/SSD1306.o
                0x0002c504                ssd1306_data
 .text.ssd1306_setcursor
                0x0002c52c       0x64 ./Source/Middleware/OLED_SSD1306/SSD1306.o
                0x0002c52c                ssd1306_setcursor
 .text.ssd1306_Print_String
                0x0002c590       0xe8 ./Source/Middleware/OLED_SSD1306/SSD1306.o
                0x0002c590                ssd1306_Print_String
 .text.ssd1306_clear
                0x0002c678       0x34 ./Source/Middleware/OLED_SSD1306/SSD1306.o
                0x0002c678                ssd1306_clear
 .text.ssd1306_clear_row
                0x0002c6ac       0x36 ./Source/Middleware/OLED_SSD1306/SSD1306.o
                0x0002c6ac                ssd1306_clear_row
 *fill*         0x0002c6e2        0x2 
 .text.ssd1306_refresh
                0x0002c6e4       0x3c ./Source/Middleware/OLED_SSD1306/SSD1306.o
                0x0002c6e4                ssd1306_refresh
 .text.ssd1306_buffer_flush
                0x0002c720       0x2c ./Source/Middleware/OLED_SSD1306/SSD1306.o
                0x0002c720                ssd1306_buffer_flush
 .text.ssd1306_draw_pixel
                0x0002c74c       0xa8 ./Source/Middleware/OLED_SSD1306/SSD1306.o
                0x0002c74c                ssd1306_draw_pixel
 .text.ssd1306_draw_line
                0x0002c7f4      0x110 ./Source/Middleware/OLED_SSD1306/SSD1306.o
                0x0002c7f4                ssd1306_draw_line
 .text.ssd1306_set_text_size
                0x0002c904       0x34 ./Source/Middleware/OLED_SSD1306/SSD1306.o
                0x0002c904                ssd1306_set_text_size
 .text.ssd1306_fill_rect
                0x0002c938       0x78 ./Source/Middleware/OLED_SSD1306/SSD1306.o
                0x0002c938                ssd1306_fill_rect
 .text.ssd1306_DrawRect
                0x0002c9b0       0xa8 ./Source/Middleware/OLED_SSD1306/SSD1306.o
                0x0002c9b0                ssd1306_DrawRect
 .text.ssd1306_SetDrawWindow
                0x0002ca58       0x5a ./Source/Middleware/OLED_SSD1306/SSD1306.o
                0x0002ca58                ssd1306_SetDrawWindow
 .text.ssd1306_set_display_mode
                0x0002cab2       0x40 ./Source/Middleware/OLED_SSD1306/SSD1306.o
                0x0002cab2                ssd1306_set_display_mode
 .text.ssd1306_DrawCircle
                0x0002caf2      0x182 ./Source/Middleware/OLED_SSD1306/SSD1306.o
                0x0002caf2                ssd1306_DrawCircle
 .text.ssd1306_clear_refresh
                0x0002cc74       0x4e ./Source/Middleware/OLED_SSD1306/SSD1306.o
                0x0002cc74                ssd1306_clear_refresh
 *fill*         0x0002ccc2        0x2 
 .text.ssd1306_shiva_logo
                0x0002ccc4       0x3c ./Source/Middleware/OLED_SSD1306/SSD1306.o
                0x0002ccc4                ssd1306_shiva_logo
 .text.ssd1306_snake_logo
                0x0002cd00       0x3c ./Source/Middleware/OLED_SSD1306/SSD1306.o
                0x0002cd00                ssd1306_snake_logo
 .text.ds3231_init
                0x0002cd3c       0x18 ./Source/Middleware/RTC_DS3231/DS3231.o
                0x0002cd3c                ds3231_init
 .text.process_get_data
                0x0002cd54       0x26 ./Source/Middleware/RTC_DS3231/DS3231.o
 *fill*         0x0002cd7a        0x2 
 .text.process_set_data
                0x0002cd7c       0x34 ./Source/Middleware/RTC_DS3231/DS3231.o
 .text.ds3231_read_sec
                0x0002cdb0       0x34 ./Source/Middleware/RTC_DS3231/DS3231.o
                0x0002cdb0                ds3231_read_sec
 .text.ds3231_write_sec
                0x0002cde4       0x34 ./Source/Middleware/RTC_DS3231/DS3231.o
                0x0002cde4                ds3231_write_sec
 .text.ds3231_read_min
                0x0002ce18       0x34 ./Source/Middleware/RTC_DS3231/DS3231.o
                0x0002ce18                ds3231_read_min
 .text.ds3231_write_min
                0x0002ce4c       0x34 ./Source/Middleware/RTC_DS3231/DS3231.o
                0x0002ce4c                ds3231_write_min
 .text.ds3231_read_hrs
                0x0002ce80       0x34 ./Source/Middleware/RTC_DS3231/DS3231.o
                0x0002ce80                ds3231_read_hrs
 .text.ds3231_write_hrs
                0x0002ceb4       0x34 ./Source/Middleware/RTC_DS3231/DS3231.o
                0x0002ceb4                ds3231_write_hrs
 .text.exit     0x0002cee8       0x20 c:/ti/ccs1220/ccs/tools/compiler/gcc-arm-none-eabi-9-2019-q4-major/bin/../lib/gcc/arm-none-eabi/9.2.1/../../../../arm-none-eabi/lib/thumb/v7e-m/nofp\libc.a(lib_a-exit.o)
                0x0002cee8                exit
 .text.__libc_init_array
                0x0002cf08       0x48 c:/ti/ccs1220/ccs/tools/compiler/gcc-arm-none-eabi-9-2019-q4-major/bin/../lib/gcc/arm-none-eabi/9.2.1/../../../../arm-none-eabi/lib/thumb/v7e-m/nofp\libc.a(lib_a-init.o)
                0x0002cf08                __libc_init_array
 .text.memset   0x0002cf50       0xa0 c:/ti/ccs1220/ccs/tools/compiler/gcc-arm-none-eabi-9-2019-q4-major/bin/../lib/gcc/arm-none-eabi/9.2.1/../../../../arm-none-eabi/lib/thumb/v7e-m/nofp\libc.a(lib_a-memset.o)
                0x0002cf50                memset
 .text._printf_r
                0x0002cff0       0x20 c:/ti/ccs1220/ccs/tools/compiler/gcc-arm-none-eabi-9-2019-q4-major/bin/../lib/gcc/arm-none-eabi/9.2.1/../../../../arm-none-eabi/lib/thumb/v7e-m/nofp\libc.a(lib_a-printf.o)
                0x0002cff0                _printf_r
 .text.printf   0x0002d010       0x28 c:/ti/ccs1220/ccs/tools/compiler/gcc-arm-none-eabi-9-2019-q4-major/bin/../lib/gcc/arm-none-eabi/9.2.1/../../../../arm-none-eabi/lib/thumb/v7e-m/nofp\libc.a(lib_a-printf.o)
                0x0002d010                printf
 .text._puts_r  0x0002d038       0x9c c:/ti/ccs1220/ccs/tools/compiler/gcc-arm-none-eabi-9-2019-q4-major/bin/../lib/gcc/arm-none-eabi/9.2.1/../../../../arm-none-eabi/lib/thumb/v7e-m/nofp\libc.a(lib_a-puts.o)
                0x0002d038                _puts_r
 .text.puts     0x0002d0d4       0x10 c:/ti/ccs1220/ccs/tools/compiler/gcc-arm-none-eabi-9-2019-q4-major/bin/../lib/gcc/arm-none-eabi/9.2.1/../../../../arm-none-eabi/lib/thumb/v7e-m/nofp\libc.a(lib_a-puts.o)
                0x0002d0d4                puts
 .text._sprintf_r
                0x0002d0e4       0x38 c:/ti/ccs1220/ccs/tools/compiler/gcc-arm-none-eabi-9-2019-q4-major/bin/../lib/gcc/arm-none-eabi/9.2.1/../../../../arm-none-eabi/lib/thumb/v7e-m/nofp\libc.a(lib_a-sprintf.o)
                0x0002d0e4                _sprintf_r
 .text.sprintf  0x0002d11c       0x44 c:/ti/ccs1220/ccs/tools/compiler/gcc-arm-none-eabi-9-2019-q4-major/bin/../lib/gcc/arm-none-eabi/9.2.1/../../../../arm-none-eabi/lib/thumb/v7e-m/nofp\libc.a(lib_a-sprintf.o)
                0x0002d11c                sprintf
 .text.strcpy   0x0002d160       0xbc c:/ti/ccs1220/ccs/tools/compiler/gcc-arm-none-eabi-9-2019-q4-major/bin/../lib/gcc/arm-none-eabi/9.2.1/../../../../arm-none-eabi/lib/thumb/v7e-m/nofp\libc.a(lib_a-strcpy.o)
                0x0002d160                strcpy
 .text._svfprintf_r
                0x0002d21c     0x1acc c:/ti/ccs1220/ccs/tools/compiler/gcc-arm-none-eabi-9-2019-q4-major/bin/../lib/gcc/arm-none-eabi/9.2.1/../../../../arm-none-eabi/lib/thumb/v7e-m/nofp\libc.a(lib_a-svfprintf.o)
                0x0002d21c                _svfprintf_r
 .text._vfprintf_r
                0x0002ece8     0x1b84 c:/ti/ccs1220/ccs/tools/compiler/gcc-arm-none-eabi-9-2019-q4-major/bin/../lib/gcc/arm-none-eabi/9.2.1/../../../../arm-none-eabi/lib/thumb/v7e-m/nofp\libc.a(lib_a-vfprintf.o)
                0x0002ece8                _vfprintf_r
 .text.vfprintf
                0x0003086c       0x18 c:/ti/ccs1220/ccs/tools/compiler/gcc-arm-none-eabi-9-2019-q4-major/bin/../lib/gcc/arm-none-eabi/9.2.1/../../../../arm-none-eabi/lib/thumb/v7e-m/nofp\libc.a(lib_a-vfprintf.o)
                0x0003086c                vfprintf
 .text.__sbprintf
                0x00030884       0x84 c:/ti/ccs1220/ccs/tools/compiler/gcc-arm-none-eabi-9-2019-q4-major/bin/../lib/gcc/arm-none-eabi/9.2.1/../../../../arm-none-eabi/lib/thumb/v7e-m/nofp\libc.a(lib_a-vfprintf.o)
 .text.__swsetup_r
                0x00030908       0xd0 c:/ti/ccs1220/ccs/tools/compiler/gcc-arm-none-eabi-9-2019-q4-major/bin/../lib/gcc/arm-none-eabi/9.2.1/../../../../arm-none-eabi/lib/thumb/v7e-m/nofp\libc.a(lib_a-wsetup.o)
                0x00030908                __swsetup_r
 .text.startup.register_fini
                0x000309d8       0x14 c:/ti/ccs1220/ccs/tools/compiler/gcc-arm-none-eabi-9-2019-q4-major/bin/../lib/gcc/arm-none-eabi/9.2.1/../../../../arm-none-eabi/lib/thumb/v7e-m/nofp\libc.a(lib_a-__call_atexit.o)
 .text.__call_exitprocs
                0x000309ec       0xc4 c:/ti/ccs1220/ccs/tools/compiler/gcc-arm-none-eabi-9-2019-q4-major/bin/../lib/gcc/arm-none-eabi/9.2.1/../../../../arm-none-eabi/lib/thumb/v7e-m/nofp\libc.a(lib_a-__call_atexit.o)
                0x000309ec                __call_exitprocs
 .text.atexit   0x00030ab0        0xc c:/ti/ccs1220/ccs/tools/compiler/gcc-arm-none-eabi-9-2019-q4-major/bin/../lib/gcc/arm-none-eabi/9.2.1/../../../../arm-none-eabi/lib/thumb/v7e-m/nofp\libc.a(lib_a-atexit.o)
                0x00030ab0                atexit
 .text.quorem   0x00030abc      0x11c c:/ti/ccs1220/ccs/tools/compiler/gcc-arm-none-eabi-9-2019-q4-major/bin/../lib/gcc/arm-none-eabi/9.2.1/../../../../arm-none-eabi/lib/thumb/v7e-m/nofp\libc.a(lib_a-dtoa.o)
 .text._dtoa_r  0x00030bd8      0xeb8 c:/ti/ccs1220/ccs/tools/compiler/gcc-arm-none-eabi-9-2019-q4-major/bin/../lib/gcc/arm-none-eabi/9.2.1/../../../../arm-none-eabi/lib/thumb/v7e-m/nofp\libc.a(lib_a-dtoa.o)
                0x00030bd8                _dtoa_r
 .text.__sflush_r
                0x00031a90      0x130 c:/ti/ccs1220/ccs/tools/compiler/gcc-arm-none-eabi-9-2019-q4-major/bin/../lib/gcc/arm-none-eabi/9.2.1/../../../../arm-none-eabi/lib/thumb/v7e-m/nofp\libc.a(lib_a-fflush.o)
                0x00031a90                __sflush_r
 .text._fflush_r
                0x00031bc0       0x5c c:/ti/ccs1220/ccs/tools/compiler/gcc-arm-none-eabi-9-2019-q4-major/bin/../lib/gcc/arm-none-eabi/9.2.1/../../../../arm-none-eabi/lib/thumb/v7e-m/nofp\libc.a(lib_a-fflush.o)
                0x00031bc0                _fflush_r
 .text.fflush   0x00031c1c       0x24 c:/ti/ccs1220/ccs/tools/compiler/gcc-arm-none-eabi-9-2019-q4-major/bin/../lib/gcc/arm-none-eabi/9.2.1/../../../../arm-none-eabi/lib/thumb/v7e-m/nofp\libc.a(lib_a-fflush.o)
                0x00031c1c                fflush
 .text.std      0x00031c40       0x50 c:/ti/ccs1220/ccs/tools/compiler/gcc-arm-none-eabi-9-2019-q4-major/bin/../lib/gcc/arm-none-eabi/9.2.1/../../../../arm-none-eabi/lib/thumb/v7e-m/nofp\libc.a(lib_a-findfp.o)
 .text._cleanup_r
                0x00031c90        0xc c:/ti/ccs1220/ccs/tools/compiler/gcc-arm-none-eabi-9-2019-q4-major/bin/../lib/gcc/arm-none-eabi/9.2.1/../../../../arm-none-eabi/lib/thumb/v7e-m/nofp\libc.a(lib_a-findfp.o)
                0x00031c90                _cleanup_r
 .text.__fp_lock
                0x00031c9c       0x1c c:/ti/ccs1220/ccs/tools/compiler/gcc-arm-none-eabi-9-2019-q4-major/bin/../lib/gcc/arm-none-eabi/9.2.1/../../../../arm-none-eabi/lib/thumb/v7e-m/nofp\libc.a(lib_a-findfp.o)
 .text.__fp_unlock
                0x00031cb8       0x1c c:/ti/ccs1220/ccs/tools/compiler/gcc-arm-none-eabi-9-2019-q4-major/bin/../lib/gcc/arm-none-eabi/9.2.1/../../../../arm-none-eabi/lib/thumb/v7e-m/nofp\libc.a(lib_a-findfp.o)
 .text.__sfmoreglue
                0x00031cd4       0x30 c:/ti/ccs1220/ccs/tools/compiler/gcc-arm-none-eabi-9-2019-q4-major/bin/../lib/gcc/arm-none-eabi/9.2.1/../../../../arm-none-eabi/lib/thumb/v7e-m/nofp\libc.a(lib_a-findfp.o)
                0x00031cd4                __sfmoreglue
 .text._cleanup
                0x00031d04       0x14 c:/ti/ccs1220/ccs/tools/compiler/gcc-arm-none-eabi-9-2019-q4-major/bin/../lib/gcc/arm-none-eabi/9.2.1/../../../../arm-none-eabi/lib/thumb/v7e-m/nofp\libc.a(lib_a-findfp.o)
                0x00031d04                _cleanup
 .text.__sinit  0x00031d18       0x54 c:/ti/ccs1220/ccs/tools/compiler/gcc-arm-none-eabi-9-2019-q4-major/bin/../lib/gcc/arm-none-eabi/9.2.1/../../../../arm-none-eabi/lib/thumb/v7e-m/nofp\libc.a(lib_a-findfp.o)
                0x00031d18                __sinit
 .text.__sfp    0x00031d6c       0xa4 c:/ti/ccs1220/ccs/tools/compiler/gcc-arm-none-eabi-9-2019-q4-major/bin/../lib/gcc/arm-none-eabi/9.2.1/../../../../arm-none-eabi/lib/thumb/v7e-m/nofp\libc.a(lib_a-findfp.o)
                0x00031d6c                __sfp
 .text.__sfp_lock_acquire
                0x00031e10        0xc c:/ti/ccs1220/ccs/tools/compiler/gcc-arm-none-eabi-9-2019-q4-major/bin/../lib/gcc/arm-none-eabi/9.2.1/../../../../arm-none-eabi/lib/thumb/v7e-m/nofp\libc.a(lib_a-findfp.o)
                0x00031e10                __sfp_lock_acquire
 .text.__sfp_lock_release
                0x00031e1c        0xc c:/ti/ccs1220/ccs/tools/compiler/gcc-arm-none-eabi-9-2019-q4-major/bin/../lib/gcc/arm-none-eabi/9.2.1/../../../../arm-none-eabi/lib/thumb/v7e-m/nofp\libc.a(lib_a-findfp.o)
                0x00031e1c                __sfp_lock_release
 .text.__sinit_lock_acquire
                0x00031e28        0xc c:/ti/ccs1220/ccs/tools/compiler/gcc-arm-none-eabi-9-2019-q4-major/bin/../lib/gcc/arm-none-eabi/9.2.1/../../../../arm-none-eabi/lib/thumb/v7e-m/nofp\libc.a(lib_a-findfp.o)
                0x00031e28                __sinit_lock_acquire
 .text.__sinit_lock_release
                0x00031e34        0xc c:/ti/ccs1220/ccs/tools/compiler/gcc-arm-none-eabi-9-2019-q4-major/bin/../lib/gcc/arm-none-eabi/9.2.1/../../../../arm-none-eabi/lib/thumb/v7e-m/nofp\libc.a(lib_a-findfp.o)
                0x00031e34                __sinit_lock_release
 .text.__fp_lock_all
                0x00031e40       0x24 c:/ti/ccs1220/ccs/tools/compiler/gcc-arm-none-eabi-9-2019-q4-major/bin/../lib/gcc/arm-none-eabi/9.2.1/../../../../arm-none-eabi/lib/thumb/v7e-m/nofp\libc.a(lib_a-findfp.o)
                0x00031e40                __fp_lock_all
 .text.__fp_unlock_all