Archive member included to satisfy reference by file (symbol)

c:/ti/ccs1220/ccs/tools/compiler/gcc-arm-none-eabi-9-2019-q4-major/bin/../lib/gcc/arm-none-eabi/9.2.1/../../../../arm-none-eabi/lib/thumb/v7e-m/nofp\libc.a(lib_a-exit.o)
                              c:/ti/ccs1220/ccs/tools/compiler/gcc-arm-none-eabi-9-2019-q4-major/bin/../lib/gcc/arm-none-eabi/9.2.1/../../../../arm-none-eabi/lib/thumb/v7e-m/nofp/crt0.o (exit)
c:/ti/ccs1220/ccs/tools/compiler/gcc-arm-none-eabi-9-2019-q4-major/bin/../lib/gcc/arm-none-eabi/9.2.1/../../../../arm-none-eabi/lib/thumb/v7e-m/nofp\libc.a(lib_a-impure.o)
                              c:/ti/ccs1220/ccs/tools/compiler/gcc-arm-none-eabi-9-2019-q4-major/bin/../lib/gcc/arm-none-eabi/9.2.1/../../../../arm-none-eabi/lib/thumb/v7e-m/nofp\libc.a(lib_a-exit.o) (_global_impure_ptr)
c:/ti/ccs1220/ccs/tools/compiler/gcc-arm-none-eabi-9-2019-q4-major/bin/../lib/gcc/arm-none-eabi/9.2.1/../../../../arm-none-eabi/lib/thumb/v7e-m/nofp\libc.a(lib_a-init.o)
                              c:/ti/ccs1220/ccs/tools/compiler/gcc-arm-none-eabi-9-2019-q4-major/bin/../lib/gcc/arm-none-eabi/9.2.1/../../../../arm-none-eabi/lib/thumb/v7e-m/nofp/crt0.o (__libc_init_array)
c:/ti/ccs1220/ccs/tools/compiler/gcc-arm-none-eabi-9-2019-q4-major/bin/../lib/gcc/arm-none-eabi/9.2.1/../../../../arm-none-eabi/lib/thumb/v7e-m/nofp\libc.a(lib_a-memcpy.o)
                              ./Source/FreeRtos/queue.o (memcpy)
c:/ti/ccs1220/ccs/tools/compiler/gcc-arm-none-eabi-9-2019-q4-major/bin/../lib/gcc/arm-none-eabi/9.2.1/../../../../arm-none-eabi/lib/thumb/v7e-m/nofp\libc.a(lib_a-memset.o)
                              c:/ti/ccs1220/ccs/tools/compiler/gcc-arm-none-eabi-9-2019-q4-major/bin/../lib/gcc/arm-none-eabi/9.2.1/../../../../arm-none-eabi/lib/thumb/v7e-m/nofp/crt0.o (memset)
c:/ti/ccs1220/ccs/tools/compiler/gcc-arm-none-eabi-9-2019-q4-major/bin/../lib/gcc/arm-none-eabi/9.2.1/../../../../arm-none-eabi/lib/thumb/v7e-m/nofp\libc.a(lib_a-printf.o)
                              ./Source/FreeRtos/tasks.o (printf)
c:/ti/ccs1220/ccs/tools/compiler/gcc-arm-none-eabi-9-2019-q4-major/bin/../lib/gcc/arm-none-eabi/9.2.1/../../../../arm-none-eabi/lib/thumb/v7e-m/nofp\libc.a(lib_a-puts.o)
                              ./Source/FreeRtos/tasks.o (puts)
c:/ti/ccs1220/ccs/tools/compiler/gcc-arm-none-eabi-9-2019-q4-major/bin/../lib/gcc/arm-none-eabi/9.2.1/../../../../arm-none-eabi/lib/thumb/v7e-m/nofp\libc.a(lib_a-rand.o)
                              ./Source/App/Game/Snake/SnakeGame.o (srand)
c:/ti/ccs1220/ccs/tools/compiler/gcc-arm-none-eabi-9-2019-q4-major/bin/../lib/gcc/arm-none-eabi/9.2.1/../../../../arm-none-eabi/lib/thumb/v7e-m/nofp\libc.a(lib_a-sprintf.o)
                              ./Source/App/Game/Snake/SnakeGame.o (sprintf)
c:/ti/ccs1220/ccs/tools/compiler/gcc-arm-none-eabi-9-2019-q4-major/bin/../lib/gcc/arm-none-eabi/9.2.1/../../../../arm-none-eabi/lib/thumb/v7e-m/nofp\libc.a(lib_a-strcpy.o)
                              ./Source/FreeRtos/tasks.o (strcpy)
c:/ti/ccs1220/ccs/tools/compiler/gcc-arm-none-eabi-9-2019-q4-major/bin/../lib/gcc/arm-none-eabi/9.2.1/../../../../arm-none-eabi/lib/thumb/v7e-m/nofp\libc.a(lib_a-strlen.o)
                              ./Source/FreeRtos/tasks.o (strlen)
c:/ti/ccs1220/ccs/tools/compiler/gcc-arm-none-eabi-9-2019-q4-major/bin/../lib/gcc/arm-none-eabi/9.2.1/../../../../arm-none-eabi/lib/thumb/v7e-m/nofp\libc.a(lib_a-svfprintf.o)
                              c:/ti/ccs1220/ccs/tools/compiler/gcc-arm-none-eabi-9-2019-q4-major/bin/../lib/gcc/arm-none-eabi/9.2.1/../../../../arm-none-eabi/lib/thumb/v7e-m/nofp\libc.a(lib_a-sprintf.o) (_svfprintf_r)
c:/ti/ccs1220/ccs/tools/compiler/gcc-arm-none-eabi-9-2019-q4-major/bin/../lib/gcc/arm-none-eabi/9.2.1/../../../../arm-none-eabi/lib/thumb/v7e-m/nofp\libc.a(lib_a-vfprintf.o)
                              c:/ti/ccs1220/ccs/tools/compiler/gcc-arm-none-eabi-9-2019-q4-major/bin/../lib/gcc/arm-none-eabi/9.2.1/../../../../arm-none-eabi/lib/thumb/v7e-m/nofp\libc.a(lib_a-printf.o) (_vfprintf_r)
c:/ti/ccs1220/ccs/tools/compiler/gcc-arm-none-eabi-9-2019-q4-major/bin/../lib/gcc/arm-none-eabi/9.2.1/../../../../arm-none-eabi/lib/thumb/v7e-m/nofp\libc.a(lib_a-wsetup.o)
                              c:/ti/ccs1220/ccs/tools/compiler/gcc-arm-none-eabi-9-2019-q4-major/bin/../lib/gcc/arm-none-eabi/9.2.1/../../../../arm-none-eabi/lib/thumb/v7e-m/nofp\libc.a(lib_a-vfprintf.o) (__swsetup_r)
c:/ti/ccs1220/ccs/tools/compiler/gcc-arm-none-eabi-9-2019-q4-major/bin/../lib/gcc/arm-none-eabi/9.2.1/../../../../arm-none-eabi/lib/thumb/v7e-m/nofp\libc.a(lib_a-__call_atexit.o)
                              c:/ti/ccs1220/ccs/tools/compiler/gcc-arm-none-eabi-9-2019-q4-major/bin/../lib/gcc/arm-none-eabi/9.2.1/../../../../arm-none-eabi/lib/thumb/v7e-m/nofp\libc.a(lib_a-exit.o) (__call_exitprocs)
c:/ti/ccs1220/ccs/tools/compiler/gcc-arm-none-eabi-9-2019-q4-major/bin/../lib/gcc/arm-none-eabi/9.2.1/../../../../arm-none-eabi/lib/thumb/v7e-m/nofp\libc.a(lib_a-atexit.o)
[...]
Memory Configuration

Name             Origin             Length             Attributes
ROM              0x00020000         0x00020000         xr
RAM              0x20002000         0x00006000         xrw
*default*        0x00000000         0xffffffff

Linker script and memory map

LOAD c:/ti/ccs1220/ccs/tools/compiler/gcc-arm-none-eabi-9-2019-q4-major/bin/../lib/gcc/arm-none-eabi/9.2.1/thumb/v7e-m/nofp/crti.o
LOAD c:/ti/ccs1220/ccs/tools/compiler/gcc-arm-none-eabi-9-2019-q4-major/bin/../lib/gcc/arm-none-eabi/9.2.1/thumb/v7e-m/nofp/crtbegin.o
LOAD c:/ti/ccs1220/ccs/tools/compiler/gcc-arm-none-eabi-9-2019-q4-major/bin/../lib/gcc/arm-none-eabi/9.2.1/../../../../arm-none-eabi/lib/thumb/v7e-m/nofp/crt0.o
LOAD ./Source/App/Game/Snake/SnakeGame.o
LOAD ./Source/App/Main/main.o
LOAD ./Source/BSP/bsp.o
LOAD ./Source/BSP/startup_tm4c_gnu.o
LOAD ./Source/Driver/ADC/ADC_Driver.o
LOAD ./Source/Driver/CAN/CAN_Driver.o
LOAD ./Source/Driver/GPIO/GPIOdriver.o
LOAD ./Source/Driver/I2C/I2C.o
LOAD ./Source/Driver/LCD/LCD.o
LOAD ./Source/Driver/SPI/SPI.o
LOAD ./Source/Driver/Timer/Timer.o
LOAD ./Source/Driver/Timer/timercnter.o
LOAD ./Source/Driver/UART/UART.o
LOAD ./Source/FreeRtos/croutine.o
LOAD ./Source/FreeRtos/event_groups.o
LOAD ./Source/FreeRtos/list.o
LOAD ./Source/FreeRtos/queue.o
LOAD ./Source/FreeRtos/stream_buffer.o
LOAD ./Source/FreeRtos/tasks.o
LOAD ./Source/FreeRtos/timers.o
LOAD ./Source/FreeRtos/portable/Common/mpu_wrappers.o
LOAD ./Source/FreeRtos/portable/GCC/ARM_CM4F/port.o
LOAD ./Source/FreeRtos/portable/MemMang/heap_4.o
LOAD ./Source/Middleware/HCSR04/HCSR04.o
LOAD ./Source/Middleware/MCP3208/MCP3208.o
LOAD ./Source/Middleware/OLED_SSD1306/Font.o
LOAD ./Source/Middleware/OLED_SSD1306/SSD1306.o
LOAD ./Source/Middleware/RTC_DS3231/DS3231.o
                0x00001000                STACK_SIZE = 0x1000
                0x00000800                HEAP_SIZE = 0x800

.isr_vector     0x00020000      0x26c
 *(.isr_vector)
 .isr_vector    0x00020000      0x26c ./Source/BSP/startup_tm4c_gnu.o
                0x00020000                g_pfnVectors
                0x0002026c                . = ALIGN (0x4)

.eh_frame       0x0002026c        0x4
 .eh_frame      0x0002026c        0x0 c:/ti/ccs1220/ccs/tools/compiler/gcc-arm-none-eabi-9-2019-q4-major/bin/../lib/gcc/arm-none-eabi/9.2.1/thumb/v7e-m/nofp/crtbegin.o
 .eh_frame      0x0002026c        0x4 c:/ti/ccs1220/ccs/tools/compiler/gcc-arm-none-eabi-9-2019-q4-major/bin/../lib/gcc/arm-none-eabi/9.2.1/thumb/v7e-m/nofp/crtend.o

.ARM.extab      0x00020270        0x0
 .ARM.extab     0x00020270        0x0 c:/ti/ccs1220/ccs/tools/compiler/gcc-arm-none-eabi-9-2019-q4-major/bin/../lib/gcc/arm-none-eabi/9.2.1/../../../../arm-none-eabi/lib/thumb/v7e-m/nofp/crt0.o

.ARM.exidx      0x00020270        0x8
 .ARM.exidx     0x00020270        0x8 c:/ti/ccs1220/ccs/tools/compiler/gcc-arm-none-eabi-9-2019-q4-major/bin/../lib/gcc/arm-none-eabi/9.2.1/../../../../arm-none-eabi/lib/thumb/v7e-m/nofp/crt0.o

.text           0x00020280    0x15a60
                0x00020280                . = ALIGN (0x4)
 *(.text)
 .text          0x00020280        0x0 c:/ti/ccs1220/ccs/tools/compiler/gcc-arm-none-eabi-9-2019-q4-major/bin/../lib/gcc/arm-none-eabi/9.2.1/thumb/v7e-m/nofp/crti.o
 .text          0x00020280       0x40 c:/ti/ccs1220/ccs/tools/compiler/gcc-arm-none-eabi-9-2019-q4-major/bin/../lib/gcc/arm-none-eabi/9.2.1/thumb/v7e-m/nofp/crtbegin.o
 .text          0x000202c0       0x74 c:/ti/ccs1220/ccs/tools/compiler/gcc-arm-none-eabi-9-2019-q4-major/bin/../lib/gcc/arm-none-eabi/9.2.1/../../../../arm-none-eabi/lib/thumb/v7e-m/nofp/crt0.o
                0x000202c0                _start
                0x000202c0                _mainCRTStartup
 .text          0x00020334        0x0 ./Source/App/Game/Snake/SnakeGame.o
 .text          0x00020334        0x0 ./Source/App/Main/main.o
 .text          0x00020334        0x0 ./Source/BSP/bsp.o
 .text          0x00020334        0x0 ./Source/BSP/startup_tm4c_gnu.o
 .text          0x00020334        0x0 ./Source/Driver/ADC/ADC_Driver.o
 .text          0x00020334        0x0 ./Source/Driver/CAN/CAN_Driver.o
 .text          0x00020334        0x0 ./Source/Driver/GPIO/GPIOdriver.o
 .text          0x00020334        0x0 ./Source/Driver/I2C/I2C.o
 .text          0x00020334        0x0 ./Source/Driver/LCD/LCD.o
 .text          0x00020334        0x0 ./Source/Driver/SPI/SPI.o
 .text          0x00020334        0x0 ./Source/Driver/Timer/Timer.o
 .text          0x00020334        0x0 ./Source/Driver/Timer/timercnter.o
 .text          0x00020334        0x0 ./Source/Driver/UART/UART.o
 .text          0x00020334        0x0 ./Source/FreeRtos/croutine.o
 .text          0x00020334        0x0 ./Source/FreeRtos/event_groups.o
 .text          0x00020334        0x0 ./Source/FreeRtos/list.o
 .text          0x00020334        0x0 ./Source/FreeRtos/queue.o
 .text          0x00020334        0x0 ./Source/FreeRtos/stream_buffer.o
 .text          0x00020334        0x0 ./Source/FreeRtos/tasks.o
 .text          0x00020334        0x0 ./Source/FreeRtos/timers.o
 .text          0x00020334        0x0 ./Source/FreeRtos/portable/Common/mpu_wrappers.o
 .text          0x00020334        0x0 ./Source/FreeRtos/portable/GCC/ARM_CM4F/port.o
 .text          0x00020334        0x0 ./Source/FreeRtos/portable/MemMang/heap_4.o
 .text          0x00020334        0x0 ./Source/Middleware/HCSR04/HCSR04.o
 .text          0x00020334        0x0 ./Source/Middleware/MCP3208/MCP3208.o
 .text          0x00020334        0x0 ./Source/Middleware/OLED_SSD1306/Font.o
 .text          0x00020334        0x0 ./Source/Middleware/OLED_SSD1306/SSD1306.o
 .text          0x00020334        0x0 ./Source/Middleware/RTC_DS3231/DS3231.o
 .text          0x00020334        0x0 c:/ti/ccs1220/ccs/tools/compiler/gcc-arm-none-eabi-9-2019-q4-major/bin/../lib/gcc/arm-none-eabi/9.2.1/../../../../arm-none-eabi/lib/thumb/v7e-m/nofp\libc.a(lib_a-exit.o)
 .text          0x00020334        0x0 c:/ti/ccs1220/ccs/tools/compiler/gcc-arm-none-eabi-9-2019-q4-major/bin/../lib/gcc/arm-none-eabi/9.2.1/../../../../arm-none-eabi/lib/thumb/v7e-m/nofp\libc.a(lib_a-impure.o)
 .text          0x00020334        0x0 c:/ti/ccs1220/ccs/tools/compiler/gcc-arm-none-eabi-9-2019-q4-major/bin/../lib/gcc/arm-none-eabi/9.2.1/../../../../arm-none-eabi/lib/thumb/v7e-m/nofp\libc.a(lib_a-init.o)
 .text          0x00020334      0x134 c:/ti/ccs1220/ccs/tools/compiler/gcc-arm-none-eabi-9-2019-q4-major/bin/../lib/gcc/arm-none-eabi/9.2.1/../../../../arm-none-eabi/lib/thumb/v7e-m/nofp\libc.a(lib_a-memcpy.o)
                0x00020334                memcpy
 .text          0x00020468        0x0 c:/ti/ccs1220/ccs/tools/compiler/gcc-arm-none-eabi-9-2019-q4-major/bin/../lib/gcc/arm-none-eabi/9.2.1/../../../../arm-none-eabi/lib/thumb/v7e-m/nofp\libc.a(lib_a-memset.o)
 .text          0x00020468        0x0 c:/ti/ccs1220/ccs/tools/compiler/gcc-arm-none-eabi-9-2019-q4-major/bin/../lib/gcc/arm-none-eabi/9.2.1/../../../../arm-none-eabi/lib/thumb/v7e-m/nofp\libc.a(lib_a-printf.o)
 .text          0x00020468        0x0 c:/ti/ccs1220/ccs/tools/compiler/gcc-arm-none-eabi-9-2019-q4-major/bin/../lib/gcc/arm-none-eabi/9.2.1/../../../../arm-none-eabi/lib/thumb/v7e-m/nofp\libc.a(lib_a-puts.o)
 .text          0x00020468        0x0 c:/ti/ccs1220/ccs/tools/compiler/gcc-arm-none-eabi-9-2019-q4-major/bin/../lib/gcc/arm-none-eabi/9.2.1/../../../../arm-none-eabi/lib/thumb/v7e-m/nofp\libc.a(lib_a-rand.o)
 .text          0x00020468        0x0 c:/ti/ccs1220/ccs/tools/compiler/gcc-arm-none-eabi-9-2019-q4-major/bin/../lib/gcc/arm-none-eabi/9.2.1/../../../../arm-none-eabi/lib/thumb/v7e-m/nofp\libc.a(lib_a-sprintf.o)
 .text          0x00020468        0x0 c:/ti/ccs1220/ccs/tools/compiler/gcc-arm-none-eabi-9-2019-q4-major/bin/../lib/gcc/arm-none-eabi/9.2.1/../../../../arm-none-eabi/lib/thumb/v7e-m/nofp\libc.a(lib_a-strcpy.o)
 *fill*         0x00020468       0x18 
 .text          0x00020480       0xdc c:/ti/ccs1220/ccs/tools/compiler/gcc-arm-none-eabi-9-2019-q4-major/bin/../lib/gcc/arm-none-eabi/9.2.1/../../../../arm-none-eabi/lib/thumb/v7e-m/nofp\libc.a(lib_a-strlen.o)
                0x00020480                strlen
 .text          0x0002055c        0x0 c:/ti/ccs1220/ccs/tools/compiler/gcc-arm-none-eabi-9-2019-q4-major/bin/../lib/gcc/arm-none-eabi/9.2.1/../../../../arm-none-eabi/lib/thumb/v7e-m/nofp\libc.a(lib_a-svfprintf.o)
 .text          0x0002055c        0x0 c:/ti/ccs1220/ccs/tools/compiler/gcc-arm-none-eabi-9-2019-q4-major/bin/../lib/gcc/arm-none-eabi/9.2.1/../../../../arm-none-eabi/lib/thumb/v7e-m/nofp\libc.a(lib_a-vfprintf.o)
 .text          0x0002055c        0x0 c:/ti/ccs1220/ccs/tools/compiler/gcc-arm-none-eabi-9-2019-q4-major/bin/../lib/gcc/arm-none-eabi/9.2.1/../../../../arm-none-eabi/lib/thumb/v7e-m/nofp\libc.a(lib_a-wsetup.o)
 .text          0x0002055c        0x0 c:/ti/ccs1220/ccs/tools/compiler/gcc-arm-none-eabi-9-2019-q4-major/bin/../lib/gcc/arm-none-eabi/9.2.1/../../../../arm-none-eabi/lib/thumb/v7e-m/nofp\libc.a(lib_a-__call_atexit.o)
 .text          0x0002055c        0x0 c:/ti/ccs1220/ccs/tools/compiler/gcc-arm-none-eabi-9-2019-q4-major/bin/../lib/gcc/arm-none-eabi/9.2.1/../../../../arm-none-eabi/lib/thumb/v7e-m/nofp\libc.a(lib_a-atexit.o)
 .text          0x0002055c        0x0 c:/ti/ccs1220/ccs/tools/compiler/gcc-arm-none-eabi-9-2019-q4-major/bin/../lib/gcc/arm-none-eabi/9.2.1/../../../../arm-none-eabi/lib/thumb/v7e-m/nofp\libc.a(lib_a-dtoa.o)
 .text          0x0002055c        0x0 c:/ti/ccs1220/ccs/tools/compiler/gcc-arm-none-eabi-9-2019-q4-major/bin/../lib/gcc/arm-none-eabi/9.2.1/../../../../arm-none-eabi/lib/thumb/v7e-m/nofp\libc.a(lib_a-fflush.o)
 .text          0x0002055c        0x0 c:/ti/ccs1220/ccs/tools/compiler/gcc-arm-none-eabi-9-2019-q4-major/bin/../lib/gcc/arm-none-eabi/9.2.1/../../../../arm-none-eabi/lib/thumb/v7e-m/nofp\libc.a(lib_a-findfp.o)
 .text          0x0002055c        0x0 c:/ti/ccs1220/ccs/tools/compiler/gcc-arm-none-eabi-9-2019-q4-major/bin/../lib/gcc/arm-none-eabi/9.2.1/../../../../arm-none-eabi/lib/thumb/v7e-m/nofp\libc.a(lib_a-fini.o)
 .text          0x0002055c        0x0 c:/ti/ccs1220/ccs/tools/compiler/gcc-arm-none-eabi-9-2019-q4-major/bin/../lib/gcc/arm-none-eabi/9.2.1/../../../../arm-none-eabi/lib/thumb/v7e-m/nofp\libc.a(lib_a-freer.o)
 .text          0x0002055c        0x0 c:/ti/ccs1220/ccs/tools/compiler/gcc-arm-none-eabi-9-2019-q4-major/bin/../lib/gcc/arm-none-eabi/9.2.1/../../../../arm-none-eabi/lib/thumb/v7e-m/nofp\libc.a(lib_a-fvwrite.o)
 .text          0x0002055c        0x0 c:/ti/ccs1220/ccs/tools/compiler/gcc-arm-none-eabi-9-2019-q4-major/bin/../lib/gcc/arm-none-eabi/9.2.1/../../../../arm-none-eabi/lib/thumb/v7e-m/nofp\libc.a(lib_a-fwalk.o)
 .text          0x0002055c        0x0 c:/ti/ccs1220/ccs/tools/compiler/gcc-arm-none-eabi-9-2019-q4-major/bin/../lib/gcc/arm-none-eabi/9.2.1/../../../../arm-none-eabi/lib/thumb/v7e-m/nofp\libc.a(lib_a-localeconv.o)
 .text          0x0002055c        0x0 c:/ti/ccs1220/ccs/tools/compiler/gcc-arm-none-eabi-9-2019-q4-major/bin/../lib/gcc/arm-none-eabi/9.2.1/../../../../arm-none-eabi/lib/thumb/v7e-m/nofp\libc.a(lib_a-lock.o)
 .text          0x0002055c        0x0 c:/ti/ccs1220/ccs/tools/compiler/gcc-arm-none-eabi-9-2019-q4-major/bin/../lib/gcc/arm-none-eabi/9.2.1/../../../../arm-none-eabi/lib/thumb/v7e-m/nofp\libc.a(lib_a-makebuf.o)
 .text          0x0002055c        0x0 c:/ti/ccs1220/ccs/tools/compiler/gcc-arm-none-eabi-9-2019-q4-major/bin/../lib/gcc/arm-none-eabi/9.2.1/../../../../arm-none-eabi/lib/thumb/v7e-m/nofp\libc.a(lib_a-mallocr.o)
 *fill*         0x0002055c        0x4 
 .text          0x00020560       0xa0 c:/ti/ccs1220/ccs/tools/compiler/gcc-arm-none-eabi-9-2019-q4-major/bin/../lib/gcc/arm-none-eabi/9.2.1/../../../../arm-none-eabi/lib/thumb/v7e-m/nofp\libc.a(lib_a-memchr.o)
                0x00020560                memchr
 .text          0x00020600        0x0 c:/ti/ccs1220/ccs/tools/compiler/gcc-arm-none-eabi-9-2019-q4-major/bin/../lib/gcc/arm-none-eabi/9.2.1/../../../../arm-none-eabi/lib/thumb/v7e-m/nofp\libc.a(lib_a-memmove.o)
 .text          0x00020600        0x0 c:/ti/ccs1220/ccs/tools/compiler/gcc-arm-none-eabi-9-2019-q4-major/bin/../lib/gcc/arm-none-eabi/9.2.1/../../../../arm-none-eabi/lib/thumb/v7e-m/nofp\libc.a(lib_a-mlock.o)
 .text          0x00020600        0x0 c:/ti/ccs1220/ccs/tools/compiler/gcc-arm-none-eabi-9-2019-q4-major/bin/../lib/gcc/arm-none-eabi/9.2.1/../../../../arm-none-eabi/lib/thumb/v7e-m/nofp\libc.a(lib_a-mprec.o)
 .text          0x00020600        0x0 c:/ti/ccs1220/ccs/tools/compiler/gcc-arm-none-eabi-9-2019-q4-major/bin/../lib/gcc/arm-none-eabi/9.2.1/../../../../arm-none-eabi/lib/thumb/v7e-m/nofp\libc.a(lib_a-reallocr.o)
 .text          0x00020600        0x0 c:/ti/ccs1220/ccs/tools/compiler/gcc-arm-none-eabi-9-2019-q4-major/bin/../lib/gcc/arm-none-eabi/9.2.1/../../../../arm-none-eabi/lib/thumb/v7e-m/nofp\libc.a(lib_a-s_frexp.o)
 .text          0x00020600        0x0 c:/ti/ccs1220/ccs/tools/compiler/gcc-arm-none-eabi-9-2019-q4-major/bin/../lib/gcc/arm-none-eabi/9.2.1/../../../../arm-none-eabi/lib/thumb/v7e-m/nofp\libc.a(lib_a-sbrkr.o)
 .text          0x00020600        0x0 c:/ti/ccs1220/ccs/tools/compiler/gcc-arm-none-eabi-9-2019-q4-major/bin/../lib/gcc/arm-none-eabi/9.2.1/../../../../arm-none-eabi/lib/thumb/v7e-m/nofp\libc.a(lib_a-stdio.o)
 .text          0x00020600        0x0 c:/ti/ccs1220/ccs/tools/compiler/gcc-arm-none-eabi-9-2019-q4-major/bin/../lib/gcc/arm-none-eabi/9.2.1/../../../../arm-none-eabi/lib/thumb/v7e-m/nofp\libc.a(lib_a-strncpy.o)
 .text          0x00020600        0x0 c:/ti/ccs1220/ccs/tools/compiler/gcc-arm-none-eabi-9-2019-q4-major/bin/../lib/gcc/arm-none-eabi/9.2.1/../../../../arm-none-eabi/lib/thumb/v7e-m/nofp\libc.a(lib_a-svfiprintf.o)
 .text          0x00020600        0x0 c:/ti/ccs1220/ccs/tools/compiler/gcc-arm-none-eabi-9-2019-q4-major/bin/../lib/gcc/arm-none-eabi/9.2.1/../../../../arm-none-eabi/lib/thumb/v7e-m/nofp\libc.a(lib_a-vfiprintf.o)
 .text          0x00020600        0x0 c:/ti/ccs1220/ccs/tools/compiler/gcc-arm-none-eabi-9-2019-q4-major/bin/../lib/gcc/arm-none-eabi/9.2.1/../../../../arm-none-eabi/lib/thumb/v7e-m/nofp\libc.a(lib_a-writer.o)
 .text          0x00020600        0x0 c:/ti/ccs1220/ccs/tools/compiler/gcc-arm-none-eabi-9-2019-q4-major/bin/../lib/gcc/arm-none-eabi/9.2.1/../../../../arm-none-eabi/lib/thumb/v7e-m/nofp\libc.a(lib_a-__atexit.o)
 .text          0x00020600        0x0 c:/ti/ccs1220/ccs/tools/compiler/gcc-arm-none-eabi-9-2019-q4-major/bin/../lib/gcc/arm-none-eabi/9.2.1/../../../../arm-none-eabi/lib/thumb/v7e-m/nofp\libc.a(lib_a-callocr.o)
 .text          0x00020600        0x0 c:/ti/ccs1220/ccs/tools/compiler/gcc-arm-none-eabi-9-2019-q4-major/bin/../lib/gcc/arm-none-eabi/9.2.1/../../../../arm-none-eabi/lib/thumb/v7e-m/nofp\libc.a(lib_a-closer.o)
 .text          0x00020600        0x0 c:/ti/ccs1220/ccs/tools/compiler/gcc-arm-none-eabi-9-2019-q4-major/bin/../lib/gcc/arm-none-eabi/9.2.1/../../../../arm-none-eabi/lib/thumb/v7e-m/nofp\libc.a(lib_a-fclose.o)
 .text          0x00020600        0x0 c:/ti/ccs1220/ccs/tools/compiler/gcc-arm-none-eabi-9-2019-q4-major/bin/../lib/gcc/arm-none-eabi/9.2.1/../../../../arm-none-eabi/lib/thumb/v7e-m/nofp\libc.a(lib_a-fputwc.o)
 .text          0x00020600        0x0 c:/ti/ccs1220/ccs/tools/compiler/gcc-arm-none-eabi-9-2019-q4-major/bin/../lib/gcc/arm-none-eabi/9.2.1/../../../../arm-none-eabi/lib/thumb/v7e-m/nofp\libc.a(lib_a-fstatr.o)
 .text          0x00020600        0x0 c:/ti/ccs1220/ccs/tools/compiler/gcc-arm-none-eabi-9-2019-q4-major/bin/../lib/gcc/arm-none-eabi/9.2.1/../../../../arm-none-eabi/lib/thumb/v7e-m/nofp\libc.a(lib_a-isattyr.o)
 .text          0x00020600        0x0 c:/ti/ccs1220/ccs/tools/compiler/gcc-arm-none-eabi-9-2019-q4-major/bin/../lib/gcc/arm-none-eabi/9.2.1/../../../../arm-none-eabi/lib/thumb/v7e-m/nofp\libc.a(lib_a-locale.o)
 .text          0x00020600        0x0 c:/ti/ccs1220/ccs/tools/compiler/gcc-arm-none-eabi-9-2019-q4-major/bin/../lib/gcc/arm-none-eabi/9.2.1/../../../../arm-none-eabi/lib/thumb/v7e-m/nofp\libc.a(lib_a-lseekr.o)
 .text          0x00020600        0x0 c:/ti/ccs1220/ccs/tools/compiler/gcc-arm-none-eabi-9-2019-q4-major/bin/../lib/gcc/arm-none-eabi/9.2.1/../../../../arm-none-eabi/lib/thumb/v7e-m/nofp\libc.a(lib_a-mbtowc_r.o)
 .text          0x00020600        0x0 c:/ti/ccs1220/ccs/tools/compiler/gcc-arm-none-eabi-9-2019-q4-major/bin/../lib/gcc/arm-none-eabi/9.2.1/../../../../arm-none-eabi/lib/thumb/v7e-m/nofp\libc.a(lib_a-readr.o)
 .text          0x00020600        0x0 c:/ti/ccs1220/ccs/tools/compiler/gcc-arm-none-eabi-9-2019-q4-major/bin/../lib/gcc/arm-none-eabi/9.2.1/../../../../arm-none-eabi/lib/thumb/v7e-m/nofp\libc.a(lib_a-reent.o)
 .text          0x00020600      0x2dc c:/ti/ccs1220/ccs/tools/compiler/gcc-arm-none-eabi-9-2019-q4-major/bin/../lib/gcc/arm-none-eabi/9.2.1/../../../../arm-none-eabi/lib/thumb/v7e-m/nofp\libc.a(lib_a-strcmp.o)
                0x00020608                strcmp
 .text          0x000208dc        0x0 c:/ti/ccs1220/ccs/tools/compiler/gcc-arm-none-eabi-9-2019-q4-major/bin/../lib/gcc/arm-none-eabi/9.2.1/../../../../arm-none-eabi/lib/thumb/v7e-m/nofp\libc.a(lib_a-wbuf.o)
 .text          0x000208dc        0x0 c:/ti/ccs1220/ccs/tools/compiler/gcc-arm-none-eabi-9-2019-q4-major/bin/../lib/gcc/arm-none-eabi/9.2.1/../../../../arm-none-eabi/lib/thumb/v7e-m/nofp\libc.a(lib_a-wcrtomb.o)
 .text          0x000208dc        0x0 c:/ti/ccs1220/ccs/tools/compiler/gcc-arm-none-eabi-9-2019-q4-major/bin/../lib/gcc/arm-none-eabi/9.2.1/../../../../arm-none-eabi/lib/thumb/v7e-m/nofp\libc.a(lib_a-wctomb_r.o)
 .text          0x000208dc        0x0 c:/ti/ccs1220/ccs/tools/compiler/gcc-arm-none-eabi-9-2019-q4-major/bin/../lib/gcc/arm-none-eabi/9.2.1/../../../../arm-none-eabi/lib/thumb/v7e-m/nofp\libc.a(lib_a-ctype_.o)
 .text          0x000208dc      0x254 c:/ti/ccs1220/ccs/tools/compiler/gcc-arm-none-eabi-9-2019-q4-major/bin/../lib/gcc/arm-none-eabi/9.2.1/thumb/v7e-m/nofp\libgcc.a(_arm_muldf3.o)
 .text          0x00020b30      0x378 c:/ti/ccs1220/ccs/tools/compiler/gcc-arm-none-eabi-9-2019-q4-major/bin/../lib/gcc/arm-none-eabi/9.2.1/thumb/v7e-m/nofp\libgcc.a(_arm_addsubdf3.o)
                0x00020b30                __aeabi_drsub
                0x00020b38                __aeabi_dsub
                0x00020b38                __subdf3
                0x00020b3c                __aeabi_dadd
                0x00020b3c                __adddf3
                0x00020db4                __floatunsidf
                0x00020db4                __aeabi_ui2d
                0x00020dd4                __floatsidf
                0x00020dd4                __aeabi_i2d
                0x00020df8                __aeabi_f2d
                0x00020df8                __extendsfdf2
                0x00020e3c                __floatundidf
                0x00020e3c                __aeabi_ul2d
                0x00020e4c                __floatdidf
                0x00020e4c                __aeabi_l2d
 .text          0x00020ea8      0x424 c:/ti/ccs1220/ccs/tools/compiler/gcc-arm-none-eabi-9-2019-q4-major/bin/../lib/gcc/arm-none-eabi/9.2.1/thumb/v7e-m/nofp\libgcc.a(_arm_muldivdf3.o)
                0x00020ea8                __aeabi_dmul
                0x00020ea8                __muldf3
                0x000210fc                __divdf3
                0x000210fc                __aeabi_ddiv
 .text          0x000212cc      0x110 c:/ti/ccs1220/ccs/tools/compiler/gcc-arm-none-eabi-9-2019-q4-major/bin/../lib/gcc/arm-none-eabi/9.2.1/thumb/v7e-m/nofp\libgcc.a(_arm_cmpdf2.o)
                0x000212cc                __gtdf2
                0x000212cc                __gedf2
                0x000212d4                __ltdf2
                0x000212d4                __ledf2
                0x000212dc                __nedf2
                0x000212dc                __eqdf2
                0x000212dc                __cmpdf2
                0x00021358                __aeabi_cdrcmple
                0x00021368                __aeabi_cdcmpeq
                0x00021368                __aeabi_cdcmple
                0x00021378                __aeabi_dcmpeq
                0x0002138c                __aeabi_dcmplt
                0x000213a0                __aeabi_dcmple
                0x000213b4                __aeabi_dcmpge
                0x000213c8                __aeabi_dcmpgt
 .text          0x000213dc       0x2c c:/ti/ccs1220/ccs/tools/compiler/gcc-arm-none-eabi-9-2019-q4-major/bin/../lib/gcc/arm-none-eabi/9.2.1/thumb/v7e-m/nofp\libgcc.a(_arm_unorddf2.o)
                0x000213dc                __unorddf2
                0x000213dc                __aeabi_dcmpun
 .text          0x00021408       0x50 c:/ti/ccs1220/ccs/tools/compiler/gcc-arm-none-eabi-9-2019-q4-major/bin/../lib/gcc/arm-none-eabi/9.2.1/thumb/v7e-m/nofp\libgcc.a(_arm_fixdfsi.o)
                0x00021408                __aeabi_d2iz
                0x00021408                __fixdfsi
 .text          0x00021458       0xa0 c:/ti/ccs1220/ccs/tools/compiler/gcc-arm-none-eabi-9-2019-q4-major/bin/../lib/gcc/arm-none-eabi/9.2.1/thumb/v7e-m/nofp\libgcc.a(_arm_truncdfsf2.o)
                0x00021458                __truncdfsf2
                0x00021458                __aeabi_d2f
 .text          0x000214f8       0x30 c:/ti/ccs1220/ccs/tools/compiler/gcc-arm-none-eabi-9-2019-q4-major/bin/../lib/gcc/arm-none-eabi/9.2.1/thumb/v7e-m/nofp\libgcc.a(_aeabi_uldivmod.o)
                0x000214f8                __aeabi_uldivmod
 .text          0x00021528      0x2c0 c:/ti/ccs1220/ccs/tools/compiler/gcc-arm-none-eabi-9-2019-q4-major/bin/../lib/gcc/arm-none-eabi/9.2.1/thumb/v7e-m/nofp\libgcc.a(_udivmoddi4.o)
                0x00021528                __udivmoddi4
 .text          0x000217e8        0x4 c:/ti/ccs1220/ccs/tools/compiler/gcc-arm-none-eabi-9-2019-q4-major/bin/../lib/gcc/arm-none-eabi/9.2.1/thumb/v7e-m/nofp\libgcc.a(_dvmd_tls.o)
                0x000217e8                __aeabi_idiv0
                0x000217e8                __aeabi_ldiv0
 .text          0x000217ec        0x0 c:/ti/ccs1220/ccs/tools/compiler/gcc-arm-none-eabi-9-2019-q4-major/bin/../lib/gcc/arm-none-eabi/9.2.1/../../../../arm-none-eabi/lib/thumb/v7e-m/nofp\libnosys.a(close.o)
 .text          0x000217ec        0x0 c:/ti/ccs1220/ccs/tools/compiler/gcc-arm-none-eabi-9-2019-q4-major/bin/../lib/gcc/arm-none-eabi/9.2.1/../../../../arm-none-eabi/lib/thumb/v7e-m/nofp\libnosys.a(fstat.o)
 .text          0x000217ec        0x0 c:/ti/ccs1220/ccs/tools/compiler/gcc-arm-none-eabi-9-2019-q4-major/bin/../lib/gcc/arm-none-eabi/9.2.1/../../../../arm-none-eabi/lib/thumb/v7e-m/nofp\libnosys.a(isatty.o)
 .text          0x000217ec        0x0 c:/ti/ccs1220/ccs/tools/compiler/gcc-arm-none-eabi-9-2019-q4-major/bin/../lib/gcc/arm-none-eabi/9.2.1/../../../../arm-none-eabi/lib/thumb/v7e-m/nofp\libnosys.a(lseek.o)
 .text          0x000217ec        0x0 c:/ti/ccs1220/ccs/tools/compiler/gcc-arm-none-eabi-9-2019-q4-major/bin/../lib/gcc/arm-none-eabi/9.2.1/../../../../arm-none-eabi/lib/thumb/v7e-m/nofp\libnosys.a(read.o)
 .text          0x000217ec        0x0 c:/ti/ccs1220/ccs/tools/compiler/gcc-arm-none-eabi-9-2019-q4-major/bin/../lib/gcc/arm-none-eabi/9.2.1/../../../../arm-none-eabi/lib/thumb/v7e-m/nofp\libnosys.a(sbrk.o)
 .text          0x000217ec        0x0 c:/ti/ccs1220/ccs/tools/compiler/gcc-arm-none-eabi-9-2019-q4-major/bin/../lib/gcc/arm-none-eabi/9.2.1/../../../../arm-none-eabi/lib/thumb/v7e-m/nofp\libnosys.a(write.o)
 .text          0x000217ec        0x0 c:/ti/ccs1220/ccs/tools/compiler/gcc-arm-none-eabi-9-2019-q4-major/bin/../lib/gcc/arm-none-eabi/9.2.1/../../../../arm-none-eabi/lib/thumb/v7e-m/nofp\libnosys.a(_exit.o)
 .text          0x000217ec        0x0 c:/ti/ccs1220/ccs/tools/compiler/gcc-arm-none-eabi-9-2019-q4-major/bin/../lib/gcc/arm-none-eabi/9.2.1/thumb/v7e-m/nofp/crtend.o
 .text          0x000217ec        0x0 c:/ti/ccs1220/ccs/tools/compiler/gcc-arm-none-eabi-9-2019-q4-major/bin/../lib/gcc/arm-none-eabi/9.2.1/thumb/v7e-m/nofp/crtn.o
 *(.text*)
 .text.initGame
                0x000217ec       0x90 ./Source/App/Game/Snake/SnakeGame.o
                0x000217ec                initGame
 .text.updateGame
                0x0002187c      0x224 ./Source/App/Game/Snake/SnakeGame.o
                0x0002187c                updateGame
 .text.drawGame
                0x00021aa0      0x3d4 ./Source/App/Game/Snake/SnakeGame.o
                0x00021aa0                drawGame
 .text.Snake_game_main
                0x00021e74       0xfc ./Source/App/Game/Snake/SnakeGame.o
                0x00021e74                Snake_game_main
 .text.is_key_pressed
                0x00021f70       0x30 ./Source/App/Game/Snake/SnakeGame.o
                0x00021f70                is_key_pressed
 .text.is_key_pressed_sw1
                0x00021fa0       0x48 ./Source/App/Game/Snake/SnakeGame.o
                0x00021fa0                is_key_pressed_sw1
 .text.is_key_pressed_sw2
                0x00021fe8       0x48 ./Source/App/Game/Snake/SnakeGame.o
                0x00021fe8                is_key_pressed_sw2
 .text.main     0x00022030       0x50 ./Source/App/Main/main.o
                0x00022030                main
 .text.NVIC_SystemReset
                0x00022080       0x30 ./Source/BSP/bsp.o
 .text.assert_failed
                0x000220b0        0x6 ./Source/BSP/bsp.o
                0x000220b0                assert_failed
 *fill*         0x000220b6        0x2 
 .text.systick_init
                0x000220b8       0x28 ./Source/BSP/bsp.o
                0x000220b8                systick_init
 .text.BSP_init
                0x000220e0        0xc ./Source/BSP/bsp.o
                0x000220e0                BSP_init
 .text.fpu_init
                0x000220ec       0x24 ./Source/BSP/bsp.o
                0x000220ec                fpu_init
 .text.SystemInit
                0x00022110        0xc ./Source/BSP/bsp.o
                0x00022110                SystemInit
 .text.Reset_Handler
                0x0002211c       0x78 ./Source/BSP/startup_tm4c_gnu.o
                0x0002211c                Reset_Handler
 .text.NMI_Handler
                0x00022194       0x18 ./Source/BSP/startup_tm4c_gnu.o
                0x00022194                NMI_Handler
 .text.MemManage_Handler
                0x000221ac       0x1c ./Source/BSP/startup_tm4c_gnu.o
                0x000221ac                MemManage_Handler
 .text.HardFault_Handler
                0x000221c8       0x1c ./Source/BSP/startup_tm4c_gnu.o
                0x000221c8                HardFault_Handler
 .text.BusFault_Handler
                0x000221e4       0x1c ./Source/BSP/startup_tm4c_gnu.o
                0x000221e4                BusFault_Handler
 .text.UsageFault_Handler
                0x00022200       0x20 ./Source/BSP/startup_tm4c_gnu.o
                0x00022200                UsageFault_Handler
 .text.Default_Handler
                0x00022220       0x1c ./Source/BSP/startup_tm4c_gnu.o
                0x00022220                uDMAST_IRQHandler
                0x00022220                GPIOPortP4_IRQHandler
                0x00022220                PWM1Gen3_IRQHandler
                0x00022220                WideTimer5B_IRQHandler
                0x00022220                DebugMon_Handler
                0x00022220                QEI2_IRQHandler
                0x00022220                FlashCtrl_IRQHandler
                0x00022220                GPIOPortP7_IRQHandler
                0x00022220                Timer0B_IRQHandler
                0x00022220                I2C0_IRQHandler
                0x00022220                WideTimer4B_IRQHandler
                0x00022220                I2C1_IRQHandler
                0x00022220                GPIOPortP5_IRQHandler
                0x00022220                PWMGen0_IRQHandler
                0x00022220                UART1_IRQHandler
                0x00022220                CAN1_IRQHandler
                0x00022220                Timer1B_IRQHandler
                0x00022220                Watchdog_IRQHandler
                0x00022220                GPIOPortS_IRQHandler
                0x00022220                GPIOPortQ7_IRQHandler
                0x00022220                PWM1Gen2_IRQHandler
                0x00022220                GPIOPortL_IRQHandler
                0x00022220                SSI0_IRQHandler
                0x00022220                GPIOPortM_IRQHandler
                0x00022220                FPU_IRQHandler
                0x00022220                ADCSeq1_IRQHandler
                0x00022220                GPIOPortP0_IRQHandler
                0x00022220                WideTimer0B_IRQHandler
                0x00022220                PWMFault_IRQHandler
                0x00022220                WideTimer1A_IRQHandler
                0x00022220                I2C5_IRQHandler
                0x00022220                I2C4_IRQHandler
                0x00022220                GPIOPortQ5_IRQHandler
                0x00022220                PWMGen1_IRQHandler
                0x00022220                SSI1_IRQHandler
                0x00022220                I2C2_IRQHandler
                0x00022220                UART5_IRQHandler
                0x00022220                GPIOPortC_IRQHandler
                0x00022220                GPIOPortK_IRQHandler
                0x00022220                ADCSeq2_IRQHandler
                0x00022220                PWMGen2_IRQHandler
                0x00022220                UART2_IRQHandler
                0x00022220                GPIOPortP3_IRQHandler
                0x00022220                ADC1Seq0_IRQHandler
                0x00022220                UART4_IRQHandler
                0x00022220                GPIOPortJ_IRQHandler
                0x00022220                Default_Handler
                0x00022220                WideTimer0A_IRQHandler
                0x00022220                Timer5A_IRQHandler
                0x00022220                WideTimer3B_IRQHandler
                0x00022220                WideTimer2B_IRQHandler
                0x00022220                WideTimer5A_IRQHandler
                0x00022220                Timer4A_IRQHandler
                0x00022220                QEI1_IRQHandler
                0x00022220                PWM1Fault_IRQHandler
                0x00022220                GPIOPortP6_IRQHandler
                0x00022220                QEI0_IRQHandler
                0x00022220                ADC1Seq2_IRQHandler
                0x00022220                ADC1Seq1_IRQHandler
                0x00022220                PWMGen3_IRQHandler
                0x00022220                GPIOPortD_IRQHandler
                0x00022220                USB0_IRQHandler
                0x00022220                I2C3_IRQHandler
                0x00022220                GPIOPortP2_IRQHandler
                0x00022220                GPIOPortQ4_IRQHandler
                0x00022220                Timer3B_IRQHandler
                0x00022220                Timer3A_IRQHandler
                0x00022220                GPIOPortA_IRQHandler
                0x00022220                ADC1Seq3_IRQHandler
                0x00022220                Timer0A_IRQHandler
                0x00022220                GPIOPortP1_IRQHandler
                0x00022220                ADCSeq0_IRQHandler
                0x00022220                Timer1A_IRQHandler
                0x00022220                GPIOPortG_IRQHandler
                0x00022220                GPIOPortQ3_IRQHandler
                0x00022220                GPIOPortQ1_IRQHandler
                0x00022220                Timer5B_IRQHandler
                0x00022220                ADCSeq3_IRQHandler
                0x00022220                WideTimer4A_IRQHandler
                0x00022220                GPIOPortE_IRQHandler
                0x00022220                CAN0_IRQHandler
                0x00022220                GPIOPortQ0_IRQHandler
                0x00022220                Comp0_IRQHandler
                0x00022220                Comp1_IRQHandler
                0x00022220                Comp2_IRQHandler
                0x00022220                GPIOPortQ6_IRQHandler
                0x00022220                SSI2_IRQHandler
                0x00022220                PWM1Gen0_IRQHandler
                0x00022220                GPIOPortF_IRQHandler
                0x00022220                UART7_IRQHandler
                0x00022220                UART6_IRQHandler
                0x00022220                WideTimer2A_IRQHandler
                0x00022220                GPIOPortB_IRQHandler
                0x00022220                WideTimer3A_IRQHandler
                0x00022220                CAN2_IRQHandler
                0x00022220                WideTimer1B_IRQHandler
                0x00022220                GPIOPortH_IRQHandler
                0x00022220                GPIOPortQ2_IRQHandler
                0x00022220                GPIOPortR_IRQHandler
                0x00022220                Timer4B_IRQHandler
                0x00022220                Timer2A_IRQHandler
                0x00022220                SSI3_IRQHandler
                0x00022220                Timer2B_IRQHandler
                0x00022220                uDMAError_IRQHandler
                0x00022220                GPIOPortN_IRQHandler
                0x00022220                UART3_IRQHandler
                0x00022220                SysCtrl_IRQHandler
                0x00022220                Hibernate_IRQHandler
                0x00022220                PWM1Gen1_IRQHandler
 .text.ADC_Init
                0x0002223c       0x40 ./Source/Driver/ADC/ADC_Driver.o
                0x0002223c                ADC_Init
 .text.ADC_port_Init
                0x0002227c       0x9c ./Source/Driver/ADC/ADC_Driver.o
 .text.ADC_SS_Init
                0x00022318       0x4c ./Source/Driver/ADC/ADC_Driver.o
                0x00022318                ADC_SS_Init
 .text.analogRead
                0x00022364      0x180 ./Source/Driver/ADC/ADC_Driver.o
                0x00022364                analogRead
 .text.CAN0_Driver
                0x000224e4       0xc0 ./Source/Driver/CAN/CAN_Driver.o
                0x000224e4                CAN0_Driver
 .text.CAN0_Init
                0x000225a4       0xf8 ./Source/Driver/CAN/CAN_Driver.o
                0x000225a4                CAN0_Init
 .text.CAN0_Transmit_Obj
                0x0002269c       0xd4 ./Source/Driver/CAN/CAN_Driver.o
 .text.CAN0_Transmit_Data
                0x00022770       0xc8 ./Source/Driver/CAN/CAN_Driver.o
 .text.GPIO_Init
                0x00022838       0x64 ./Source/Driver/GPIO/GPIOdriver.o
                0x00022838                GPIO_Init
 .text.DigitalWrite
                0x0002289c      0x16c ./Source/Driver/GPIO/GPIOdriver.o
                0x0002289c                DigitalWrite
 .text.DigitalRead
                0x00022a08      0x1ac ./Source/Driver/GPIO/GPIOdriver.o
                0x00022a08                DigitalRead
 .text.I2C_Init
                0x00022bb4      0x2b8 ./Source/Driver/I2C/I2C.o
                0x00022bb4                I2C_Init
 .text.Check_I2C_BUS_busy
                0x00022e6c        0xe ./Source/Driver/I2C/I2C.o
 *fill*         0x00022e7a        0x2 
 .text.Check_I2C_busy
                0x00022e7c       0x38 ./Source/Driver/I2C/I2C.o
 .text.Check_I2C_error
                0x00022eb4       0x88 ./Source/Driver/I2C/I2C.o
 .text.I2C_Write
                0x00022f3c       0x28 ./Source/Driver/I2C/I2C.o
                0x00022f3c                I2C_Write
 .text.I2C_Write_Memory
                0x00022f64       0x26 ./Source/Driver/I2C/I2C.o
                0x00022f64                I2C_Write_Memory
 .text.I2C_Write_Multiple
                0x00022f8a       0x50 ./Source/Driver/I2C/I2C.o
                0x00022f8a                I2C_Write_Multiple
 .text.I2C_Write_Memory_Multiple
                0x00022fda       0x5c ./Source/Driver/I2C/I2C.o
                0x00022fda                I2C_Write_Memory_Multiple
 *fill*         0x00023036        0x2 
 .text.I2C_Begin
                0x00023038       0x44 ./Source/Driver/I2C/I2C.o
 .text.I2C_Transmit
                0x0002307c       0xc0 ./Source/Driver/I2C/I2C.o
 .text.I2C_Transmit_start_byte
                0x0002313c       0x88 ./Source/Driver/I2C/I2C.o
 .text.I2C_Transmit_byte
                0x000231c4       0x80 ./Source/Driver/I2C/I2C.o
 .text.I2C_Transmit_end_byte
                0x00023244       0x50 ./Source/Driver/I2C/I2C.o
 .text.I2C_End  0x00023294       0x2c ./Source/Driver/I2C/I2C.o
 .text.I2C_Read
                0x000232c0       0x26 ./Source/Driver/I2C/I2C.o
                0x000232c0                I2C_Read
 *fill*         0x000232e6        0x2 
 .text.I2C_Read_Multiple
                0x000232e8      0x190 ./Source/Driver/I2C/I2C.o
                0x000232e8                I2C_Read_Multiple
 .text.I2C_Read_Memory
                0x00023478       0x36 ./Source/Driver/I2C/I2C.o
                0x00023478                I2C_Read_Memory
 .text.I2C_Read_Memory_Multiple
                0x000234ae       0x32 ./Source/Driver/I2C/I2C.o
                0x000234ae                I2C_Read_Memory_Multiple
 .text.LCD_Setup
                0x000234e0       0x68 ./Source/Driver/LCD/LCD.o
                0x000234e0                LCD_Setup
 .text.LCD_Init
                0x00023548       0x7a ./Source/Driver/LCD/LCD.o
                0x00023548                LCD_Init
 .text.LCD_SetCursor
                0x000235c2       0x96 ./Source/Driver/LCD/LCD.o
                0x000235c2                LCD_SetCursor
 .text.LCD_Clear
                0x00023658        0xe ./Source/Driver/LCD/LCD.o
                0x00023658                LCD_Clear
 .text.LCD_Write
                0x00023666       0x3c ./Source/Driver/LCD/LCD.o
                0x00023666                LCD_Write
 *fill*         0x000236a2        0x2 
 .text.Data_Write
                0x000236a4       0x34 ./Source/Driver/LCD/LCD.o
 .text.Cmd_Write
                0x000236d8       0x34 ./Source/Driver/LCD/LCD.o
 .text.upper_nibble
                0x0002370c       0xac ./Source/Driver/LCD/LCD.o
 .text.lower_nibble
                0x000237b8       0xac ./Source/Driver/LCD/LCD.o
 .text.toggle_enable_signal
                0x00023864       0x30 ./Source/Driver/LCD/LCD.o
 .text.delay    0x00023894       0x4a ./Source/Driver/LCD/LCD.o
 .text.LCD_nextline
                0x000238de        0xe ./Source/Driver/LCD/LCD.o
                0x000238de                LCD_nextline
 .text.SSI_2_Init
                0x000238ec       0xd4 ./Source/Driver/SPI/SPI.o
                0x000238ec                SSI_2_Init
 .text.SPI_Write
                0x000239c0       0x58 ./Source/Driver/SPI/SPI.o
                0x000239c0                SPI_Write
 .text.SPI_Read_Write
                0x00023a18       0x58 ./Source/Driver/SPI/SPI.o
                0x00023a18                SPI_Read_Write
 .text.Enable_Chip_Select
                0x00023a70       0x10 ./Source/Driver/SPI/SPI.o
                0x00023a70                Enable_Chip_Select
 .text.Disable_Chip_Select
                0x00023a80       0x10 ./Source/Driver/SPI/SPI.o
                0x00023a80                Disable_Chip_Select
 .text.Timer_Init
                0x00023a90       0x6c ./Source/Driver/Timer/Timer.o
                0x00023a90                Timer_Init
 .text.Start_Timer_0
                0x00023afc       0x20 ./Source/Driver/Timer/Timer.o
 .text.Stop_Timer_0
                0x00023b1c       0x20 ./Source/Driver/Timer/Timer.o
                0x00023b1c                Stop_Timer_0
 .text.Refresh_Timer_0
                0x00023b3c       0x2c ./Source/Driver/Timer/Timer.o
                0x00023b3c                Refresh_Timer_0
 .text.Timer_scheduler
                0x00023b68      0x194 ./Source/Driver/Timer/Timer.o
                0x00023b68                Timer_scheduler
 .text.Clear_Timer_Flag
                0x00023cfc       0x64 ./Source/Driver/Timer/Timer.o
 .text.Delay_ms
                0x00023d60       0x48 ./Source/Driver/Timer/Timer.o
                0x00023d60                Delay_ms
 .text.init_Timer_Counter
                0x00023da8       0x88 ./Source/Driver/Timer/timercnter.o
                0x00023da8                init_Timer_Counter
 .text.Start_Timer_counter
                0x00023e30       0x28 ./Source/Driver/Timer/timercnter.o
                0x00023e30                Start_Timer_counter
 .text.Stop_Timer_counter
                0x00023e58       0x20 ./Source/Driver/Timer/timercnter.o
                0x00023e58                Stop_Timer_counter
 .text.Refresh_Timer_counter
                0x00023e78       0x2c ./Source/Driver/Timer/timercnter.o
                0x00023e78                Refresh_Timer_counter
 .text.millis   0x00023ea4       0x30 ./Source/Driver/Timer/timercnter.o
                0x00023ea4                millis
 .text.micros   0x00023ed4       0x80 ./Source/Driver/Timer/timercnter.o
                0x00023ed4                micros
 .text.Delay_us
                0x00023f54       0x42 ./Source/Driver/Timer/timercnter.o
                0x00023f54                Delay_us
 *fill*         0x00023f96        0x2 
 .text.NVIC_EnableIRQ
                0x00023f98       0x34 ./Source/Driver/UART/UART.o
 .text.NVIC_SetPriority
                0x00023fcc       0x54 ./Source/Driver/UART/UART.o
 .text.UART_init
                0x00024020      0x3a4 ./Source/Driver/UART/UART.o
                0x00024020                UART_init
 .text.uart_rx_irq_enable
                0x000243c4       0xf4 ./Source/Driver/UART/UART.o
                0x000243c4                uart_rx_irq_enable
 .text.UART0_IRQHandler
                0x000244b8       0x40 ./Source/Driver/UART/UART.o
                0x000244b8                UART0_IRQHandler
 .text.UART0_IRQHandler_temp
                0x000244f8       0x16 ./Source/Driver/UART/UART.o
                0x000244f8                UART0_IRQHandler_User
                0x000244f8                UART0_IRQHandler_temp
 *fill*         0x0002450e        0x2 
 .text.UART_print_int
                0x00024510       0x38 ./Source/Driver/UART/UART.o
                0x00024510                UART_print_int
 .text.UART_print_ch
                0x00024548       0x2a ./Source/Driver/UART/UART.o
                0x00024548                UART_print_ch
 .text.UART_print
                0x00024572       0x32 ./Source/Driver/UART/UART.o
                0x00024572                UART_print
 .text.UART_println
                0x000245a4       0x44 ./Source/Driver/UART/UART.o
                0x000245a4                UART_println
 .text.UART_Transmit
                0x000245e8       0x50 ./Source/Driver/UART/UART.o
                0x000245e8                UART_Transmit
 .text.Delay    0x00024638       0x2e ./Source/Driver/UART/UART.o
                0x00024638                Delay
 *fill*         0x00024666        0x2 
 .text.UART_Receive
                0x00024668       0x40 ./Source/Driver/UART/UART.o
                0x00024668                UART_Receive
 .text.UART_RxReady
                0x000246a8       0x38 ./Source/Driver/UART/UART.o
                0x000246a8                UART_RxReady
 .text.xEventGroupCreate
                0x000246e0       0x2e ./Source/FreeRtos/event_groups.o
                0x000246e0                xEventGroupCreate
 *fill*         0x0002470e        0x2 
 .text.xEventGroupSync
                0x00024710      0x15c ./Source/FreeRtos/event_groups.o
                0x00024710                xEventGroupSync
 .text.xEventGroupWaitBits
                0x0002486c      0x19c ./Source/FreeRtos/event_groups.o
                0x0002486c                xEventGroupWaitBits
 .text.xEventGroupClearBits
                0x00024a08       0x70 ./Source/FreeRtos/event_groups.o
                0x00024a08                xEventGroupClearBits
 .text.xEventGroupGetBitsFromISR
                0x00024a78       0x48 ./Source/FreeRtos/event_groups.o
                0x00024a78                xEventGroupGetBitsFromISR
 .text.xEventGroupSetBits
                0x00024ac0      0x116 ./Source/FreeRtos/event_groups.o
                0x00024ac0                xEventGroupSetBits
 .text.vEventGroupDelete
                0x00024bd6       0x7e ./Source/FreeRtos/event_groups.o
                0x00024bd6                vEventGroupDelete
 .text.vEventGroupSetBitsCallback
                0x00024c54       0x1a ./Source/FreeRtos/event_groups.o
                0x00024c54                vEventGroupSetBitsCallback
 .text.vEventGroupClearBitsCallback
                0x00024c6e       0x1a ./Source/FreeRtos/event_groups.o
                0x00024c6e                vEventGroupClearBitsCallback
 .text.prvTestWaitCondition
                0x00024c88       0x44 ./Source/FreeRtos/event_groups.o
 .text.uxEventGroupGetNumber
                0x00024ccc       0x2c ./Source/FreeRtos/event_groups.o
                0x00024ccc                uxEventGroupGetNumber
 .text.vEventGroupSetNumber
                0x00024cf8       0x1c ./Source/FreeRtos/event_groups.o
                0x00024cf8                vEventGroupSetNumber
 .text.vListInitialise
                0x00024d14       0x40 ./Source/FreeRtos/list.o
                0x00024d14                vListInitialise
 .text.vListInitialiseItem
                0x00024d54       0x1a ./Source/FreeRtos/list.o
                0x00024d54                vListInitialiseItem
 .text.vListInsertEnd
                0x00024d6e       0x48 ./Source/FreeRtos/list.o
                0x00024d6e                vListInsertEnd
 .text.vListInsert
                0x00024db6       0x72 ./Source/FreeRtos/list.o
                0x00024db6                vListInsert
 .text.uxListRemove
                0x00024e28       0x54 ./Source/FreeRtos/list.o
                0x00024e28                uxListRemove
 .text.xQueueGenericReset
                0x00024e7c      0x120 ./Source/FreeRtos/queue.o
                0x00024e7c                xQueueGenericReset
 .text.xQueueGenericCreate
                0x00024f9c       0x9c ./Source/FreeRtos/queue.o
                0x00024f9c                xQueueGenericCreate
 .text.prvInitialiseNewQueue
                0x00025038       0x46 ./Source/FreeRtos/queue.o
 .text.prvInitialiseMutex
                0x0002507e       0x34 ./Source/FreeRtos/queue.o
 .text.xQueueCreateMutex
                0x000250b2       0x30 ./Source/FreeRtos/queue.o
                0x000250b2                xQueueCreateMutex
 .text.xQueueGiveMutexRecursive
                0x000250e2       0x68 ./Source/FreeRtos/queue.o
                0x000250e2                xQueueGiveMutexRecursive
 .text.xQueueTakeMutexRecursive
                0x0002514a       0x6c ./Source/FreeRtos/queue.o
                0x0002514a                xQueueTakeMutexRecursive
 .text.xQueueCreateCountingSemaphore
                0x000251b6       0x5c ./Source/FreeRtos/queue.o
                0x000251b6                xQueueCreateCountingSemaphore
 *fill*         0x00025212        0x2 
 .text.xQueueGenericSend
                0x00025214      0x1fc ./Source/FreeRtos/queue.o
                0x00025214                xQueueGenericSend
 .text.xQueueGenericSendFromISR
                0x00025410      0x164 ./Source/FreeRtos/queue.o
                0x00025410                xQueueGenericSendFromISR
 .text.xQueueGiveFromISR
                0x00025574      0x148 ./Source/FreeRtos/queue.o
                0x00025574                xQueueGiveFromISR
 .text.xQueueReceive
                0x000256bc      0x1c0 ./Source/FreeRtos/queue.o
                0x000256bc                xQueueReceive
 .text.xQueueSemaphoreTake
                0x0002587c      0x1fc ./Source/FreeRtos/queue.o
                0x0002587c                xQueueSemaphoreTake
 .text.xQueuePeek
                0x00025a78      0x1c4 ./Source/FreeRtos/queue.o
                0x00025a78                xQueuePeek
 .text.xQueueReceiveFromISR
                0x00025c3c      0x12e ./Source/FreeRtos/queue.o
                0x00025c3c                xQueueReceiveFromISR
 .text.xQueuePeekFromISR
                0x00025d6a       0xd2 ./Source/FreeRtos/queue.o
                0x00025d6a                xQueuePeekFromISR
 .text.uxQueueMessagesWaiting
                0x00025e3c       0x3c ./Source/FreeRtos/queue.o
                0x00025e3c                uxQueueMessagesWaiting
 .text.uxQueueSpacesAvailable
                0x00025e78       0x46 ./Source/FreeRtos/queue.o
                0x00025e78                uxQueueSpacesAvailable
 .text.uxQueueMessagesWaitingFromISR
                0x00025ebe       0x3c ./Source/FreeRtos/queue.o
                0x00025ebe                uxQueueMessagesWaitingFromISR
 .text.vQueueDelete
                0x00025efa       0x3c ./Source/FreeRtos/queue.o
                0x00025efa                vQueueDelete
 .text.uxQueueGetQueueNumber
                0x00025f36       0x18 ./Source/FreeRtos/queue.o
                0x00025f36                uxQueueGetQueueNumber
 .text.vQueueSetQueueNumber
                0x00025f4e       0x1c ./Source/FreeRtos/queue.o
                0x00025f4e                vQueueSetQueueNumber
 .text.ucQueueGetQueueType
                0x00025f6a       0x1a ./Source/FreeRtos/queue.o
                0x00025f6a                ucQueueGetQueueType
 .text.prvGetDisinheritPriorityAfterTimeout
                0x00025f84       0x30 ./Source/FreeRtos/queue.o
 .text.prvCopyDataToQueue
                0x00025fb4       0xd4 ./Source/FreeRtos/queue.o
 .text.prvCopyDataFromQueue
                0x00026088       0x4c ./Source/FreeRtos/queue.o
 .text.prvUnlockQueue
                0x000260d4       0xa4 ./Source/FreeRtos/queue.o
 .text.prvIsQueueEmpty
                0x00026178       0x2c ./Source/FreeRtos/queue.o
 .text.xQueueIsQueueEmptyFromISR
                0x000261a4       0x48 ./Source/FreeRtos/queue.o
                0x000261a4                xQueueIsQueueEmptyFromISR
 .text.prvIsQueueFull
                0x000261ec       0x30 ./Source/FreeRtos/queue.o
 .text.xQueueIsQueueFullFromISR
                0x0002621c       0x4c ./Source/FreeRtos/queue.o
                0x0002621c                xQueueIsQueueFullFromISR
 .text.vQueueAddToRegistry
                0x00026268       0x9c ./Source/FreeRtos/queue.o
                0x00026268                vQueueAddToRegistry
 .text.pcQueueGetName
                0x00026304       0x68 ./Source/FreeRtos/queue.o
                0x00026304                pcQueueGetName
 .text.vQueueUnregisterQueue
                0x0002636c       0x70 ./Source/FreeRtos/queue.o
                0x0002636c                vQueueUnregisterQueue
 .text.vQueueWaitForMessageRestricted
                0x000263dc       0x68 ./Source/FreeRtos/queue.o
                0x000263dc                vQueueWaitForMessageRestricted
 .text.xStreamBufferGenericCreate
                0x00026444       0xce ./Source/FreeRtos/stream_buffer.o
                0x00026444                xStreamBufferGenericCreate
 .text.vStreamBufferDelete
                0x00026512       0x4e ./Source/FreeRtos/stream_buffer.o
                0x00026512                vStreamBufferDelete
 .text.xStreamBufferReset
                0x00026560       0x8a ./Source/FreeRtos/stream_buffer.o
                0x00026560                xStreamBufferReset
 .text.xStreamBufferSetTriggerLevel
                0x000265ea       0x5c ./Source/FreeRtos/stream_buffer.o
                0x000265ea                xStreamBufferSetTriggerLevel
 .text.xStreamBufferSpacesAvailable
                0x00026646       0x76 ./Source/FreeRtos/stream_buffer.o
                0x00026646                xStreamBufferSpacesAvailable
 .text.xStreamBufferBytesAvailable
                0x000266bc       0x3a ./Source/FreeRtos/stream_buffer.o
                0x000266bc                xStreamBufferBytesAvailable
 .text.xStreamBufferSend
                0x000266f6      0x19a ./Source/FreeRtos/stream_buffer.o
                0x000266f6                xStreamBufferSend
 .text.xStreamBufferSendFromISR
                0x00026890       0xe6 ./Source/FreeRtos/stream_buffer.o
                0x00026890                xStreamBufferSendFromISR
 .text.prvWriteMessageToBuffer
                0x00026976       0x90 ./Source/FreeRtos/stream_buffer.o
 .text.xStreamBufferReceive
                0x00026a06      0x130 ./Source/FreeRtos/stream_buffer.o
                0x00026a06                xStreamBufferReceive
 .text.xStreamBufferNextMessageLengthBytes
                0x00026b36       0x88 ./Source/FreeRtos/stream_buffer.o
                0x00026b36                xStreamBufferNextMessageLengthBytes
 .text.xStreamBufferReceiveFromISR
                0x00026bbe       0xde ./Source/FreeRtos/stream_buffer.o
                0x00026bbe                xStreamBufferReceiveFromISR
 .text.prvReadMessageFromBuffer
                0x00026c9c       0x7a ./Source/FreeRtos/stream_buffer.o
 .text.xStreamBufferIsEmpty
                0x00026d16       0x50 ./Source/FreeRtos/stream_buffer.o
                0x00026d16                xStreamBufferIsEmpty
 .text.xStreamBufferIsFull
                0x00026d66       0x60 ./Source/FreeRtos/stream_buffer.o
                0x00026d66                xStreamBufferIsFull
 .text.xStreamBufferSendCompletedFromISR
                0x00026dc6       0x8a ./Source/FreeRtos/stream_buffer.o
                0x00026dc6                xStreamBufferSendCompletedFromISR
 .text.xStreamBufferReceiveCompletedFromISR
                0x00026e50       0x8a ./Source/FreeRtos/stream_buffer.o
                0x00026e50                xStreamBufferReceiveCompletedFromISR
 .text.prvWriteBytesToBuffer
                0x00026eda       0xda ./Source/FreeRtos/stream_buffer.o
 .text.prvReadBytesFromBuffer
                0x00026fb4       0xd4 ./Source/FreeRtos/stream_buffer.o
 .text.prvBytesInBuffer
                0x00027088       0x40 ./Source/FreeRtos/stream_buffer.o
 .text.prvInitialiseNewStreamBuffer
                0x000270c8       0x66 ./Source/FreeRtos/stream_buffer.o
 .text.uxStreamBufferGetStreamBufferNumber
                0x0002712e       0x18 ./Source/FreeRtos/stream_buffer.o
                0x0002712e                uxStreamBufferGetStreamBufferNumber
 .text.vStreamBufferSetStreamBufferNumber
                0x00027146       0x1c ./Source/FreeRtos/stream_buffer.o
                0x00027146                vStreamBufferSetStreamBufferNumber
 .text.ucStreamBufferGetStreamBufferType
                0x00027162       0x1e ./Source/FreeRtos/stream_buffer.o
                0x00027162                ucStreamBufferGetStreamBufferType
 .text.xTaskCreate
                0x00027180       0x8c ./Source/FreeRtos/tasks.o
                0x00027180                xTaskCreate
 .text.prvInitialiseNewTask
                0x0002720c      0x11c ./Source/FreeRtos/tasks.o
 .text.prvAddNewTaskToReadyList
                0x00027328      0x12c ./Source/FreeRtos/tasks.o
 .text.vTaskDelete
                0x00027454      0x128 ./Source/FreeRtos/tasks.o
                0x00027454                vTaskDelete
 .text.xTaskDelayUntil
                0x0002757c       0xfc ./Source/FreeRtos/tasks.o
                0x0002757c                xTaskDelayUntil
 .text.vTaskDelay
                0x00027678       0x68 ./Source/FreeRtos/tasks.o
                0x00027678                vTaskDelay
 .text.eTaskGetState
                0x000276e0       0xf4 ./Source/FreeRtos/tasks.o
                0x000276e0                eTaskGetState
 .text.uxTaskPriorityGet
                0x000277d4       0x34 ./Source/FreeRtos/tasks.o
                0x000277d4                uxTaskPriorityGet
 .text.uxTaskPriorityGetFromISR
                0x00027808       0x58 ./Source/FreeRtos/tasks.o
                0x00027808                uxTaskPriorityGetFromISR
 .text.vTaskPrioritySet
                0x00027860      0x1a4 ./Source/FreeRtos/tasks.o
                0x00027860                vTaskPrioritySet
 .text.vTaskSuspend
                0x00027a04      0x140 ./Source/FreeRtos/tasks.o
                0x00027a04                vTaskSuspend
 .text.prvTaskIsTaskSuspended
                0x00027b44       0x64 ./Source/FreeRtos/tasks.o
 .text.vTaskResume
                0x00027ba8      0x10c ./Source/FreeRtos/tasks.o
                0x00027ba8                vTaskResume
 .text.xTaskResumeFromISR
                0x00027cb4      0x13c ./Source/FreeRtos/tasks.o
                0x00027cb4                xTaskResumeFromISR
 .text.vTaskStartScheduler
                0x00027df0       0xa4 ./Source/FreeRtos/tasks.o
                0x00027df0                vTaskStartScheduler
 .text.vTaskEndScheduler
                0x00027e94       0x30 ./Source/FreeRtos/tasks.o
                0x00027e94                vTaskEndScheduler
 .text.vTaskSuspendAll
                0x00027ec4       0x1c ./Source/FreeRtos/tasks.o
                0x00027ec4                vTaskSuspendAll
 .text.xTaskResumeAll
                0x00027ee0      0x1f8 ./Source/FreeRtos/tasks.o
                0x00027ee0                xTaskResumeAll
 .text.xTaskGetTickCount
                0x000280d8       0x20 ./Source/FreeRtos/tasks.o
                0x000280d8                xTaskGetTickCount
 .text.xTaskGetTickCountFromISR
                0x000280f8       0x24 ./Source/FreeRtos/tasks.o
                0x000280f8                xTaskGetTickCountFromISR
 .text.uxTaskGetNumberOfTasks
                0x0002811c       0x18 ./Source/FreeRtos/tasks.o
                0x0002811c                uxTaskGetNumberOfTasks
 .text.pcTaskGetName
                0x00028134       0x48 ./Source/FreeRtos/tasks.o
                0x00028134                pcTaskGetName
 .text.uxTaskGetSystemState
                0x0002817c      0x11c ./Source/FreeRtos/tasks.o
                0x0002817c                uxTaskGetSystemState
 .text.xTaskCatchUpTicks
                0x00028298       0x58 ./Source/FreeRtos/tasks.o
                0x00028298                xTaskCatchUpTicks
 .text.xTaskIncrementTick
                0x000282f0      0x22c ./Source/FreeRtos/tasks.o
                0x000282f0                xTaskIncrementTick
 .text.vTaskSwitchContext
                0x0002851c      0x100 ./Source/FreeRtos/tasks.o
                0x0002851c                vTaskSwitchContext
 .text.vTaskPlaceOnEventList
                0x0002861c       0x48 ./Source/FreeRtos/tasks.o
                0x0002861c                vTaskPlaceOnEventList
 .text.vTaskPlaceOnUnorderedEventList
                0x00028664       0xac ./Source/FreeRtos/tasks.o
                0x00028664                vTaskPlaceOnUnorderedEventList
 .text.vTaskPlaceOnEventListRestricted
                0x00028710       0x8c ./Source/FreeRtos/tasks.o
                0x00028710                vTaskPlaceOnEventListRestricted
 .text.xTaskRemoveFromEventList
                0x0002879c      0x1ac ./Source/FreeRtos/tasks.o
                0x0002879c                xTaskRemoveFromEventList
 .text.vTaskRemoveFromUnorderedEventList
                0x00028948      0x180 ./Source/FreeRtos/tasks.o
                0x00028948                vTaskRemoveFromUnorderedEventList
 .text.vTaskSetTimeOutState
                0x00028ac8       0x4c ./Source/FreeRtos/tasks.o
                0x00028ac8                vTaskSetTimeOutState
 .text.vTaskInternalSetTimeOutState
                0x00028b14       0x2c ./Source/FreeRtos/tasks.o
                0x00028b14                vTaskInternalSetTimeOutState
 .text.xTaskCheckForTimeOut
                0x00028b40       0xcc ./Source/FreeRtos/tasks.o
                0x00028b40                xTaskCheckForTimeOut
 .text.vTaskMissedYield
                0x00028c0c       0x18 ./Source/FreeRtos/tasks.o
                0x00028c0c                vTaskMissedYield
 .text.uxTaskGetTaskNumber
                0x00028c24       0x2c ./Source/FreeRtos/tasks.o
                0x00028c24                uxTaskGetTaskNumber
 .text.vTaskSetTaskNumber
                0x00028c50       0x26 ./Source/FreeRtos/tasks.o
                0x00028c50                vTaskSetTaskNumber
 *fill*         0x00028c76        0x2 
 .text.prvIdleTask
                0x00028c78       0x30 ./Source/FreeRtos/tasks.o
 .text.prvInitialiseTaskLists
                0x00028ca8       0x80 ./Source/FreeRtos/tasks.o
 .text.prvCheckTasksWaitingTermination
                0x00028d28       0x5c ./Source/FreeRtos/tasks.o
 .text.vTaskGetInfo
                0x00028d84       0xcc ./Source/FreeRtos/tasks.o
                0x00028d84                vTaskGetInfo
 .text.prvListTasksWithinSingleList
                0x00028e50       0xa4 ./Source/FreeRtos/tasks.o
 .text.prvTaskCheckFreeStackSpace
                0x00028ef4       0x38 ./Source/FreeRtos/tasks.o
 .text.prvDeleteTCB
                0x00028f2c       0x20 ./Source/FreeRtos/tasks.o
 .text.prvResetNextTaskUnblockTime
                0x00028f4c       0x38 ./Source/FreeRtos/tasks.o
 .text.xTaskGetCurrentTaskHandle
                0x00028f84       0x20 ./Source/FreeRtos/tasks.o
                0x00028f84                xTaskGetCurrentTaskHandle
 .text.xTaskGetSchedulerState
                0x00028fa4       0x3c ./Source/FreeRtos/tasks.o
                0x00028fa4                xTaskGetSchedulerState
 .text.xTaskPriorityInherit
                0x00028fe0      0x13c ./Source/FreeRtos/tasks.o
                0x00028fe0                xTaskPriorityInherit
 .text.xTaskPriorityDisinherit
                0x0002911c      0x148 ./Source/FreeRtos/tasks.o
                0x0002911c                xTaskPriorityDisinherit
 .text.vTaskPriorityDisinheritAfterTimeout
                0x00029264      0x170 ./Source/FreeRtos/tasks.o
                0x00029264                vTaskPriorityDisinheritAfterTimeout
 .text.prvWriteNameToBuffer
                0x000293d4       0x4a ./Source/FreeRtos/tasks.o
 *fill*         0x0002941e        0x2 
 .text.vTaskList
                0x00029420      0x12c ./Source/FreeRtos/tasks.o
                0x00029420                vTaskList
 .text.uxTaskResetEventItemValue
                0x0002954c       0x30 ./Source/FreeRtos/tasks.o
                0x0002954c                uxTaskResetEventItemValue
 .text.pvTaskIncrementMutexHeldCount
                0x0002957c       0x28 ./Source/FreeRtos/tasks.o
                0x0002957c                pvTaskIncrementMutexHeldCount
 .text.ulTaskGenericNotifyTake
                0x000295a4       0xd0 ./Source/FreeRtos/tasks.o
                0x000295a4                ulTaskGenericNotifyTake
 .text.xTaskGenericNotifyWait
                0x00029674      0x100 ./Source/FreeRtos/tasks.o
                0x00029674                xTaskGenericNotifyWait
 .text.xTaskGenericNotify
                0x00029774      0x244 ./Source/FreeRtos/tasks.o
                0x00029774                xTaskGenericNotify
 .text.xTaskGenericNotifyFromISR
                0x000299b8      0x2b8 ./Source/FreeRtos/tasks.o
                0x000299b8                xTaskGenericNotifyFromISR
 .text.vTaskGenericNotifyGiveFromISR
                0x00029c70      0x20c ./Source/FreeRtos/tasks.o
                0x00029c70                vTaskGenericNotifyGiveFromISR
 .text.xTaskGenericNotifyStateClear
                0x00029e7c       0x74 ./Source/FreeRtos/tasks.o
                0x00029e7c                xTaskGenericNotifyStateClear
 .text.ulTaskGenericNotifyValueClear
                0x00029ef0       0x5c ./Source/FreeRtos/tasks.o
                0x00029ef0                ulTaskGenericNotifyValueClear
 .text.prvAddCurrentTaskToDelayedList
                0x00029f4c      0x100 ./Source/FreeRtos/tasks.o
 .text.vApplicationMallocFailedHook
                0x0002a04c       0x28 ./Source/FreeRtos/tasks.o
                0x0002a04c                vApplicationMallocFailedHook
 .text.vApplicationStackOverflowHook
                0x0002a074       0x2c ./Source/FreeRtos/tasks.o
                0x0002a074                vApplicationStackOverflowHook
 .text.xTimerCreateTimerTask
                0x0002a0a0       0x64 ./Source/FreeRtos/timers.o
                0x0002a0a0                xTimerCreateTimerTask
 .text.xTimerCreate
                0x0002a104       0x42 ./Source/FreeRtos/timers.o
                0x0002a104                xTimerCreate
 .text.prvInitialiseNewTimer
                0x0002a146       0x70 ./Source/FreeRtos/timers.o
 *fill*         0x0002a1b6        0x2 
 .text.xTimerGenericCommand
                0x0002a1b8       0x9c ./Source/FreeRtos/timers.o
                0x0002a1b8                xTimerGenericCommand
 .text.xTimerGetTimerDaemonTaskHandle
                0x0002a254       0x38 ./Source/FreeRtos/timers.o
                0x0002a254                xTimerGetTimerDaemonTaskHandle
 .text.xTimerGetPeriod
                0x0002a28c       0x38 ./Source/FreeRtos/timers.o
                0x0002a28c                xTimerGetPeriod
 .text.vTimerSetReloadMode
                0x0002a2c4       0x66 ./Source/FreeRtos/timers.o
                0x0002a2c4                vTimerSetReloadMode
 .text.xTimerGetReloadMode
                0x0002a32a       0x52 ./Source/FreeRtos/timers.o
                0x0002a32a                xTimerGetReloadMode
 .text.uxTimerGetReloadMode
                0x0002a37c       0x18 ./Source/FreeRtos/timers.o
                0x0002a37c                uxTimerGetReloadMode
 .text.xTimerGetExpiryTime
                0x0002a394       0x3c ./Source/FreeRtos/timers.o
                0x0002a394                xTimerGetExpiryTime
 .text.pcTimerGetName
                0x0002a3d0       0x38 ./Source/FreeRtos/timers.o
                0x0002a3d0                pcTimerGetName
 .text.prvReloadTimer
                0x0002a408       0x42 ./Source/FreeRtos/timers.o
 *fill*         0x0002a44a        0x2 
 .text.prvProcessExpiredTimer
                0x0002a44c       0x60 ./Source/FreeRtos/timers.o
 .text.prvTimerTask
                0x0002a4ac       0x24 ./Source/FreeRtos/timers.o
 .text.prvProcessTimerOrBlockTask
                0x0002a4d0       0x9c ./Source/FreeRtos/timers.o
 .text.prvGetNextExpireTime
                0x0002a56c       0x48 ./Source/FreeRtos/timers.o
 .text.prvSampleTimeNow
                0x0002a5b4       0x40 ./Source/FreeRtos/timers.o
 .text.prvInsertTimerInActiveList
                0x0002a5f4       0x84 ./Source/FreeRtos/timers.o
 .text.prvProcessReceivedCommands
                0x0002a678      0x17c ./Source/FreeRtos/timers.o
 .text.prvSwitchTimerLists
                0x0002a7f4       0x4c ./Source/FreeRtos/timers.o
 .text.prvCheckForValidListAndQueue
                0x0002a840       0x6c ./Source/FreeRtos/timers.o
 .text.xTimerIsTimerActive
                0x0002a8ac       0x52 ./Source/FreeRtos/timers.o
                0x0002a8ac                xTimerIsTimerActive
 .text.pvTimerGetTimerID
                0x0002a8fe       0x40 ./Source/FreeRtos/timers.o
                0x0002a8fe                pvTimerGetTimerID
 .text.vTimerSetTimerID
                0x0002a93e       0x40 ./Source/FreeRtos/timers.o
                0x0002a93e                vTimerSetTimerID
 .text.uxTimerGetTimerNumber
                0x0002a97e       0x18 ./Source/FreeRtos/timers.o
                0x0002a97e                uxTimerGetTimerNumber
 .text.vTimerSetTimerNumber
                0x0002a996       0x1c ./Source/FreeRtos/timers.o
                0x0002a996                vTimerSetTimerNumber
 *fill*         0x0002a9b2        0x2 
 .text.pxPortInitialiseStack
                0x0002a9b4       0x68 ./Source/FreeRtos/portable/GCC/ARM_CM4F/port.o
                0x0002a9b4                pxPortInitialiseStack
 .text.prvTaskExitError
                0x0002aa1c       0x58 ./Source/FreeRtos/portable/GCC/ARM_CM4F/port.o
 *fill*         0x0002aa74        0xc 
 .text.SVC_Handler
                0x0002aa80       0x28 ./Source/FreeRtos/portable/GCC/ARM_CM4F/port.o
                0x0002aa80                SVC_Handler
 .text.prvPortStartFirstTask
                0x0002aaa8       0x2c ./Source/FreeRtos/portable/GCC/ARM_CM4F/port.o
 .text.xPortStartScheduler
                0x0002aad4      0x140 ./Source/FreeRtos/portable/GCC/ARM_CM4F/port.o
                0x0002aad4                xPortStartScheduler
 .text.vPortEndScheduler
                0x0002ac14       0x38 ./Source/FreeRtos/portable/GCC/ARM_CM4F/port.o
                0x0002ac14                vPortEndScheduler
 .text.vPortEnterCritical
                0x0002ac4c       0x60 ./Source/FreeRtos/portable/GCC/ARM_CM4F/port.o
                0x0002ac4c                vPortEnterCritical
 .text.vPortExitCritical
                0x0002acac       0x54 ./Source/FreeRtos/portable/GCC/ARM_CM4F/port.o
                0x0002acac                vPortExitCritical
 .text.PendSV_Handler
                0x0002ad00       0x68 ./Source/FreeRtos/portable/GCC/ARM_CM4F/port.o
                0x0002ad00                PendSV_Handler
 .text.SysTick_Handler
                0x0002ad68       0x44 ./Source/FreeRtos/portable/GCC/ARM_CM4F/port.o
                0x0002ad68                SysTick_Handler
 .text.vPortSetupTimerInterrupt
                0x0002adac       0x48 ./Source/FreeRtos/portable/GCC/ARM_CM4F/port.o
                0x0002adac                vPortSetupTimerInterrupt
 .text.vPortEnableVFP
                0x0002adf4       0x18 ./Source/FreeRtos/portable/GCC/ARM_CM4F/port.o
 .text.vPortValidateInterruptPriority
                0x0002ae0c       0x80 ./Source/FreeRtos/portable/GCC/ARM_CM4F/port.o
                0x0002ae0c                vPortValidateInterruptPriority
 .text.pvPortMalloc
                0x0002ae8c      0x17c ./Source/FreeRtos/portable/MemMang/heap_4.o
                0x0002ae8c                pvPortMalloc
 .text.vPortFree
                0x0002b008       0xb8 ./Source/FreeRtos/portable/MemMang/heap_4.o
                0x0002b008                vPortFree
 .text.xPortGetFreeHeapSize
                0x0002b0c0       0x18 ./Source/FreeRtos/portable/MemMang/heap_4.o
                0x0002b0c0                xPortGetFreeHeapSize
 .text.xPortGetMinimumEverFreeHeapSize
                0x0002b0d8       0x18 ./Source/FreeRtos/portable/MemMang/heap_4.o
                0x0002b0d8                xPortGetMinimumEverFreeHeapSize
 .text.vPortInitialiseBlocks
                0x0002b0f0        0xe ./Source/FreeRtos/portable/MemMang/heap_4.o
                0x0002b0f0                vPortInitialiseBlocks
 .text.pvPortCalloc
                0x0002b0fe       0x60 ./Source/FreeRtos/portable/MemMang/heap_4.o
                0x0002b0fe                pvPortCalloc
 *fill*         0x0002b15e        0x2 
 .text.prvHeapInit
                0x0002b160       0xb8 ./Source/FreeRtos/portable/MemMang/heap_4.o
 .text.prvInsertBlockIntoFreeList
                0x0002b218       0xb4 ./Source/FreeRtos/portable/MemMang/heap_4.o
 .text.vPortGetHeapStats
                0x0002b2cc       0xbc ./Source/FreeRtos/portable/MemMang/heap_4.o
                0x0002b2cc                vPortGetHeapStats
 .text.HCSR04_init
                0x0002b388       0x3c ./Source/Middleware/HCSR04/HCSR04.o
                0x0002b388                HCSR04_init
 .text.HCSR04_get_distance
                0x0002b3c4       0xbc ./Source/Middleware/HCSR04/HCSR04.o
                0x0002b3c4                HCSR04_get_distance
 .text.MCP3208  0x0002b480      0x118 ./Source/Middleware/MCP3208/MCP3208.o
                0x0002b480                MCP3208
 .text.ssd1306_init
                0x0002b598       0xd6 ./Source/Middleware/OLED_SSD1306/SSD1306.o
                0x0002b598                ssd1306_init
 .text.ssd1306_command
                0x0002b66e       0x1e ./Source/Middleware/OLED_SSD1306/SSD1306.o
                0x0002b66e                ssd1306_command
 .text.ssd1306_data
                0x0002b68c       0x1e ./Source/Middleware/OLED_SSD1306/SSD1306.o
                0x0002b68c                ssd1306_data
 *fill*         0x0002b6aa        0x2 
 .text.ssd1306_setcursor
                0x0002b6ac       0x64 ./Source/Middleware/OLED_SSD1306/SSD1306.o
                0x0002b6ac                ssd1306_setcursor
 .text.ssd1306_Print_String
                0x0002b710       0xe8 ./Source/Middleware/OLED_SSD1306/SSD1306.o
                0x0002b710                ssd1306_Print_String
 .text.ssd1306_clear
                0x0002b7f8       0x34 ./Source/Middleware/OLED_SSD1306/SSD1306.o
                0x0002b7f8                ssd1306_clear
 .text.ssd1306_clear_row
                0x0002b82c       0x36 ./Source/Middleware/OLED_SSD1306/SSD1306.o
                0x0002b82c                ssd1306_clear_row
 *fill*         0x0002b862        0x2 
 .text.ssd1306_refresh
                0x0002b864       0x3c ./Source/Middleware/OLED_SSD1306/SSD1306.o
                0x0002b864                ssd1306_refresh
 .text.ssd1306_buffer_flush
                0x0002b8a0       0x1e ./Source/Middleware/OLED_SSD1306/SSD1306.o
                0x0002b8a0                ssd1306_buffer_flush
 *fill*         0x0002b8be        0x2 
 .text.ssd1306_draw_pixel
                0x0002b8c0       0xa8 ./Source/Middleware/OLED_SSD1306/SSD1306.o
                0x0002b8c0                ssd1306_draw_pixel
 .text.ssd1306_draw_line
                0x0002b968      0x110 ./Source/Middleware/OLED_SSD1306/SSD1306.o
                0x0002b968                ssd1306_draw_line
 .text.ssd1306_set_text_size
                0x0002ba78       0x34 ./Source/Middleware/OLED_SSD1306/SSD1306.o
                0x0002ba78                ssd1306_set_text_size
 .text.ssd1306_fill_rect
                0x0002baac       0x78 ./Source/Middleware/OLED_SSD1306/SSD1306.o
                0x0002baac                ssd1306_fill_rect
 .text.ssd1306_DrawRect
                0x0002bb24       0xa8 ./Source/Middleware/OLED_SSD1306/SSD1306.o
                0x0002bb24                ssd1306_DrawRect
 .text.ssd1306_SetDrawWindow
                0x0002bbcc       0x5a ./Source/Middleware/OLED_SSD1306/SSD1306.o
                0x0002bbcc                ssd1306_SetDrawWindow
 .text.ssd1306_set_display_mode
                0x0002bc26       0x40 ./Source/Middleware/OLED_SSD1306/SSD1306.o
                0x0002bc26                ssd1306_set_display_mode
 .text.ssd1306_DrawCircle
                0x0002bc66      0x182 ./Source/Middleware/OLED_SSD1306/SSD1306.o
                0x0002bc66                ssd1306_DrawCircle
 .text.ssd1306_clear_refresh
                0x0002bde8       0x4e ./Source/Middleware/OLED_SSD1306/SSD1306.o
                0x0002bde8                ssd1306_clear_refresh
 *fill*         0x0002be36        0x2 
 .text.ssd1306_shiva_logo
                0x0002be38       0x3c ./Source/Middleware/OLED_SSD1306/SSD1306.o
                0x0002be38                ssd1306_shiva_logo
 .text.ssd1306_snake_logo
                0x0002be74       0x3c ./Source/Middleware/OLED_SSD1306/SSD1306.o
                0x0002be74                ssd1306_snake_logo
 .text.process_get_data
                0x0002beb0       0x26 ./Source/Middleware/RTC_DS3231/DS3231.o
 *fill*         0x0002bed6        0x2 
 .text.process_set_data
                0x0002bed8       0x34 ./Source/Middleware/RTC_DS3231/DS3231.o
 .text.ds3231_read_sec
                0x0002bf0c       0x2a ./Source/Middleware/RTC_DS3231/DS3231.o
                0x0002bf0c                ds3231_read_sec
 .text.ds3231_write_sec
                0x0002bf36       0x2a ./Source/Middleware/RTC_DS3231/DS3231.o
                0x0002bf36                ds3231_write_sec
 .text.ds3231_read_min
                0x0002bf60       0x2a ./Source/Middleware/RTC_DS3231/DS3231.o
                0x0002bf60                ds3231_read_min
 .text.ds3231_write_min
                0x0002bf8a       0x2a ./Source/Middleware/RTC_DS3231/DS3231.o
                0x0002bf8a                ds3231_write_min
 .text.ds3231_read_hrs
                0x0002bfb4       0x2a ./Source/Middleware/RTC_DS3231/DS3231.o
                0x0002bfb4                ds3231_read_hrs
 .text.ds3231_write_hrs
                0x0002bfde       0x2a ./Source/Middleware/RTC_DS3231/DS3231.o
                0x0002bfde                ds3231_write_hrs
 .text.exit     0x0002c008       0x20 c:/ti/ccs1220/ccs/tools/compiler/gcc-arm-none-eabi-9-2019-q4-major/bin/../lib/gcc/arm-none-eabi/9.2.1/../../../../arm-none-eabi/lib/thumb/v7e-m/nofp\libc.a(lib_a-exit.o)
                0x0002c008                exit
 .text.__libc_init_array
                0x0002c028       0x48 c:/ti/ccs1220/ccs/tools/compiler/gcc-arm-none-eabi-9-2019-q4-major/bin/../lib/gcc/arm-none-eabi/9.2.1/../../../../arm-none-eabi/lib/thumb/v7e-m/nofp\libc.a(lib_a-init.o)
                0x0002c028                __libc_init_array
 .text.memset   0x0002c070       0xa0 c:/ti/ccs1220/ccs/tools/compiler/gcc-arm-none-eabi-9-2019-q4-major/bin/../lib/gcc/arm-none-eabi/9.2.1/../../../../arm-none-eabi/lib/thumb/v7e-m/nofp\libc.a(lib_a-memset.o)
                0x0002c070                memset
 .text._printf_r
                0x0002c110       0x20 c:/ti/ccs1220/ccs/tools/compiler/gcc-arm-none-eabi-9-2019-q4-major/bin/../lib/gcc/arm-none-eabi/9.2.1/../../../../arm-none-eabi/lib/thumb/v7e-m/nofp\libc.a(lib_a-printf.o)
                0x0002c110                _printf_r
 .text.printf   0x0002c130       0x28 c:/ti/ccs1220/ccs/tools/compiler/gcc-arm-none-eabi-9-2019-q4-major/bin/../lib/gcc/arm-none-eabi/9.2.1/../../../../arm-none-eabi/lib/thumb/v7e-m/nofp\libc.a(lib_a-printf.o)
                0x0002c130                printf
 .text._puts_r  0x0002c158       0x9c c:/ti/ccs1220/ccs/tools/compiler/gcc-arm-none-eabi-9-2019-q4-major/bin/../lib/gcc/arm-none-eabi/9.2.1/../../../../arm-none-eabi/lib/thumb/v7e-m/nofp\libc.a(lib_a-puts.o)
                0x0002c158                _puts_r
 .text.puts     0x0002c1f4       0x10 c:/ti/ccs1220/ccs/tools/compiler/gcc-arm-none-eabi-9-2019-q4-major/bin/../lib/gcc/arm-none-eabi/9.2.1/../../../../arm-none-eabi/lib/thumb/v7e-m/nofp\libc.a(lib_a-puts.o)
                0x0002c1f4                puts
 .text.srand    0x0002c204       0x10 c:/ti/ccs1220/ccs/tools/compiler/gcc-arm-none-eabi-9-2019-q4-major/bin/../lib/gcc/arm-none-eabi/9.2.1/../../../../arm-none-eabi/lib/thumb/v7e-m/nofp\libc.a(lib_a-rand.o)
                0x0002c204                srand
 .text.rand     0x0002c214       0x3c c:/ti/ccs1220/ccs/tools/compiler/gcc-arm-none-eabi-9-2019-q4-major/bin/../lib/gcc/arm-none-eabi/9.2.1/../../../../arm-none-eabi/lib/thumb/v7e-m/nofp\libc.a(lib_a-rand.o)
                0x0002c214                rand
 .text._sprintf_r
                0x0002c250       0x38 c:/ti/ccs1220/ccs/tools/compiler/gcc-arm-none-eabi-9-2019-q4-major/bin/../lib/gcc/arm-none-eabi/9.2.1/../../../../arm-none-eabi/lib/thumb/v7e-m/nofp\libc.a(lib_a-sprintf.o)
                0x0002c250                _sprintf_r
 .text.sprintf  0x0002c288       0x44 c:/ti/ccs1220/ccs/tools/compiler/gcc-arm-none-eabi-9-2019-q4-major/bin/../lib/gcc/arm-none-eabi/9.2.1/../../../../arm-none-eabi/lib/thumb/v7e-m/nofp\libc.a(lib_a-sprintf.o)
                0x0002c288                sprintf
 .text.strcpy   0x0002c2cc       0xbc c:/ti/ccs1220/ccs/tools/compiler/gcc-arm-none-eabi-9-2019-q4-major/bin/../lib/gcc/arm-none-eabi/9.2.1/../../../../arm-none-eabi/lib/thumb/v7e-m/nofp\libc.a(lib_a-strcpy.o)
                0x0002c2cc                strcpy
 .text._svfprintf_r
                0x0002c388     0x1acc c:/ti/ccs1220/ccs/tools/compiler/gcc-arm-none-eabi-9-2019-q4-major/bin/../lib/gcc/arm-none-eabi/9.2.1/../../../../arm-none-eabi/lib/thumb/v7e-m/nofp\libc.a(lib_a-svfprintf.o)
                0x0002c388                _svfprintf_r
 .text._vfprintf_r
                0x0002de54     0x1b84 c:/ti/ccs1220/ccs/tools/compiler/gcc-arm-none-eabi-9-2019-q4-major/bin/../lib/gcc/arm-none-eabi/9.2.1/../../../../arm-none-eabi/lib/thumb/v7e-m/nofp\libc.a(lib_a-vfprintf.o)
                0x0002de54                _vfprintf_r
 .text.vfprintf
                0x0002f9d8       0x18 c:/ti/ccs1220/ccs/tools/compiler/gcc-arm-none-eabi-9-2019-q4-major/bin/../lib/gcc/arm-none-eabi/9.2.1/../../../../arm-none-eabi/lib/thumb/v7e-m/nofp\libc.a(lib_a-vfprintf.o)
                0x0002f9d8                vfprintf
 .text.__sbprintf
                0x0002f9f0       0x84 c:/ti/ccs1220/ccs/tools/compiler/gcc-arm-none-eabi-9-2019-q4-major/bin/../lib/gcc/arm-none-eabi/9.2.1/../../../../arm-none-eabi/lib/thumb/v7e-m/nofp\libc.a(lib_a-vfprintf.o)
 .text.__swsetup_r
                0x0002fa74       0xd0 c:/ti/ccs1220/ccs/tools/compiler/gcc-arm-none-eabi-9-2019-q4-major/bin/../lib/gcc/arm-none-eabi/9.2.1/../../../../arm-none-eabi/lib/thumb/v7e-m/nofp\libc.a(lib_a-wsetup.o)
                0x0002fa74                __swsetup_r
 .text.startup.register_fini
                0x0002fb44       0x14 c:/ti/ccs1220/ccs/tools/compiler/gcc-arm-none-eabi-9-2019-q4-major/bin/../lib/gcc/arm-none-eabi/9.2.1/../../../../arm-none-eabi/lib/thumb/v7e-m/nofp\libc.a(lib_a-__call_atexit.o)
 .text.__call_exitprocs
                0x0002fb58       0xc4 c:/ti/ccs1220/ccs/tools/compiler/gcc-arm-none-eabi-9-2019-q4-major/bin/../lib/gcc/arm-none-eabi/9.2.1/../../../../arm-none-eabi/lib/thumb/v7e-m/nofp\libc.a(lib_a-__call_atexit.o)
                0x0002fb58                __call_exitprocs
 .text.atexit   0x0002fc1c        0xc c:/ti/ccs1220/ccs/tools/compiler/gcc-arm-none-eabi-9-2019-q4-major/bin/../lib/gcc/arm-none-eabi/9.2.1/../../../../arm-none-eabi/lib/thumb/v7e-m/nofp\libc.a(lib_a-atexit.o)
                0x0002fc1c                atexit
 .text.quorem   0x0002fc28      0x11c c:/ti/ccs1220/ccs/tools/compiler/gcc-arm-none-eabi-9-2019-q4-major/bin/../lib/gcc/arm-none-eabi/9.2.1/../../../../arm-none-eabi/lib/thumb/v7e-m/nofp\libc.a(lib_a-dtoa.o)
 *fill*         0x0002fd44        0x4 
 .text._dtoa_r  0x0002fd48      0xeb8 c:/ti/ccs1220/ccs/tools/compiler/gcc-arm-none-eabi-9-2019-q4-major/bin/../lib/gcc/arm-none-eabi/9.2.1/../../../../arm-none-eabi/lib/thumb/v7e-m/nofp\libc.a(lib_a-dtoa.o)
                0x0002fd48                _dtoa_r
 .text.__sflush_r
                0x00030c00      0x130 c:/ti/ccs1220/ccs/tools/compiler/gcc-arm-none-eabi-9-2019-q4-major/bin/../lib/gcc/arm-none-eabi/9.2.1/../../../../arm-none-eabi/lib/thumb/v7e-m/nofp\libc.a(lib_a-fflush.o)
                0x00030c00                __sflush_r
 .text._fflush_r
                0x00030d30       0x5c c:/ti/ccs1220/ccs/tools/compiler/gcc-arm-none-eabi-9-2019-q4-major/bin/../lib/gcc/arm-none-eabi/9.2.1/../../../../arm-none-eabi/lib/thumb/v7e-m/nofp\libc.a(lib_a-fflush.o)
                0x00030d30                _fflush_r
 .text.fflush   0x00030d8c       0x24 c:/ti/ccs1220/ccs/tools/compiler/gcc-arm-none-eabi-9-2019-q4-major/bin/../lib/gcc/arm-none-eabi/9.2.1/../../../../arm-none-eabi/lib/thumb/v7e-m/nofp\libc.a(lib_a-fflush.o)
                0x00030d8c                fflush
 .text.std      0x00030db0       0x50 c:/ti/ccs1220/ccs/tools/compiler/gcc-arm-none-eabi-9-2019-q4-major/bin/../lib/gcc/arm-none-eabi/9.2.1/../../../../arm-none-eabi/lib/thumb/v7e-m/nofp\libc.a(lib_a-findfp.o)
 .text._cleanup_r
                0x00030e00        0xc c:/ti/ccs1220/ccs/tools/compiler/gcc-arm-none-eabi-9-2019-q4-major/bin/../lib/gcc/arm-none-eabi/9.2.1/../../../../arm-none-eabi/lib/thumb/v7e-m/nofp\libc.a(lib_a-findfp.o)
                0x00030e00                _cleanup_r
 .text.__fp_lock
                0x00030e0c       0x1c c:/ti/ccs1220/ccs/tools/compiler/gcc-arm-none-eabi-9-2019-q4-major/bin/../lib/gcc/arm-none-eabi/9.2.1/../../../../arm-none-eabi/lib/thumb/v7e-m/nofp\libc.a(lib_a-findfp.o)
 .text.__fp_unlock
                0x00030e28       0x1c c:/ti/ccs1220/ccs/tools/compiler/gcc-arm-none-eabi-9-2019-q4-major/bin/../lib/gcc/arm-none-eabi/9.2.1/../../../../arm-none-eabi/lib/thumb/v7e-m/nofp\libc.a(lib_a-findfp.o)
 .text.__sfmoreglue
                0x00030e44       0x30 c:/ti/ccs1220/ccs/tools/compiler/gcc-arm-none-eabi-9-2019-q4-major/bin/../lib/gcc/arm-none-eabi/9.2.1/../../../../arm-none-eabi/lib/thumb/v7e-m/nofp\libc.a(lib_a-findfp.o)
                0x00030e44                __sfmoreglue
 .text._cleanup
                0x00030e74       0x14 c:/ti/ccs1220/ccs/tools/compiler/gcc-arm-none-eabi-9-2019-q4-major/bin/../lib/gcc/arm-none-eabi/9.2.1/../../../../arm-none-eabi/lib/thumb/v7e-m/nofp\libc.a(lib_a-findfp.o)
                0x00030e74                _cleanup
 .text.__sinit  0x00030e88       0x54 c:/ti/ccs1220/ccs/tools/compiler/gcc-arm-none-eabi-9-2019-q4-major/bin/../lib/gcc/arm-none-eabi/9.2.1/../../../../arm-none-eabi/lib/thumb/v7e-m/nofp\libc.a(lib_a-findfp.o)
                0x00030e88                __sinit
 .text.__sfp    0x00030edc       0xa4 c:/ti/ccs1220/ccs/tools/compiler/gcc-arm-none-eabi-9-2019-q4-major/bin/../lib/gcc/arm-none-eabi/9.2.1/../../../../arm-none-eabi/lib/thumb/v7e-m/nofp\libc.a(lib_a-findfp.o)
                0x00030edc                __sfp
 .text.__sfp_lock_acquire
                0x00030f80        0xc c:/ti/ccs1220/ccs/tools/compiler/gcc-arm-none-eabi-9-2019-q4-major/bin/../lib/gcc/arm-none-eabi/9.2.1/../../../../arm-none-eabi/lib/thumb/v7e-m/nofp\libc.a(lib_a-findfp.o)
                0x00030f80                __sfp_lock_acquire
 .text.__sfp_lock_release
                0x00030f8c        0xc c:/ti/ccs1220/ccs/tools/compiler/gcc-arm-none-eabi-9-2019-q4-major/bin/../lib/gcc/arm-none-eabi/9.2.1/../../../../arm-none-eabi/lib/thumb/v7e-m/nofp\libc.a(lib_a-findfp.o)
                0x00030f8c                __sfp_lock_release
 .text.__sinit_lock_acquire
                0x00030f98        0xc c:/ti/ccs1220/ccs/tools/compiler/gcc-arm-none-eabi-9-2019-q4-major/bin/../lib/gcc/arm-none-eabi/9.2.1/../../../../arm-none-eabi/lib/thumb/v7e-m/nofp\libc.a(lib_a-findfp.o)
                0x00030f98                __sinit_lock_acquire
 .text.__sinit_lock_release
                0x00030fa4        0xc c:/ti/ccs1220/ccs/tools/compiler/gcc-arm-none-eabi-9-2019-q4-major/bin/../lib/gcc/arm-none-eabi/9.2.1/../../../../arm-none-eabi/lib/thumb/v7e-m/nofp\libc.a(lib_a-findfp.o)
                0x00030fa4                __sinit_lock_release
 .text.__fp_lock_all
                0x00030fb0       0x24 c:/ti/ccs1220/ccs/tools/compiler/gcc-arm-none-eabi-9-2019-q4-major/bin/../lib/gcc/arm-none-eabi/9.2.1/../../../../arm-none-eabi/lib/thumb/v7e-m/nofp\libc.a(lib_a-findfp.o)
                0x00030fb0                __fp_lock_all
 .text.__fp_unlock_all
                0x00030fd4       0x24 c:/ti/ccs1220/ccs/tools/compiler/gcc-arm-none-eabi-9-2019-q4-major/bin/../lib/gcc/arm-none-eabi/9.2.1/../../../../arm-none-eabi/lib/thumb/v7e-m/nofp\libc.a(lib_a-findfp.o)
                0x00030fd4                __fp_unlock_all
 .text.__libc_fini_array
                0x00030ff8       0x2c c:/ti/ccs1220/ccs/tools/compiler/gcc-arm-none-eabi-9-2019-q4-major/bin/../lib/gcc/arm-none-eabi/9.2.1/../../../../arm-none-eabi/lib/thumb/v7e-m/nofp\libc.a(lib_a-fini.o)
                0x00030ff8                __libc_fini_array
 .text._malloc_trim_r
                0x00031024       0xa0 c:/ti/ccs1220/ccs/tools/compiler/gcc-arm-none-eabi-9-2019-q4-major/bin/../lib/gcc/arm-none-eabi/9.2.1/../../../../arm-none-eabi/lib/thumb/v7e-m/nofp\libc.a(lib_a-freer.o)
                0x00031024                _malloc_trim_r
 .text._free_r  0x000310c4      0x208 c:/ti/ccs1220/ccs/tools/compiler/gcc-arm-none-eabi-9-2019-q4-major/bin/../lib/gcc/arm-none-eabi/9.2.1/../../../../arm-none-eabi/lib/thumb/v7e-m/nofp\libc.a(lib_a-freer.o)
                0x000310c4                _free_r
 .text.__sfvwrite_r
                0x000312cc      0x2e0 c:/ti/ccs1220/ccs/tools/compiler/gcc-arm-none-eabi-9-2019-q4-major/bin/../lib/gcc/arm-none-eabi/9.2.1/../../../../arm-none-eabi/lib/thumb/v7e-m/nofp\libc.a(lib_a-fvwrite.o)
                0x000312cc                __sfvwrite_r
 .text._fwalk   0x000315ac       0x40 c:/ti/ccs1220/ccs/tools/compiler/gcc-arm-none-eabi-9-2019-q4-major/bin/../lib/gcc/arm-none-eabi/9.2.1/../../../../arm-none-eabi/lib/thumb/v7e-m/nofp\libc.a(lib_a-fwalk.o)
                0x000315ac                _fwalk
 .text._fwalk_reent
                0x000315ec       0x48 c:/ti/ccs1220/ccs/tools/compiler/gcc-arm-none-eabi-9-2019-q4-major/bin/../lib/gcc/arm-none-eabi/9.2.1/../../../../arm-none-eabi/lib/thumb/v7e-m/nofp\libc.a(lib_a-fwalk.o)
                0x000315ec                _fwalk_reent
 .text.__localeconv_l
                0x00031634        0x4 c:/ti/ccs1220/ccs/tools/compiler/gcc-arm-none-eabi-9-2019-q4-major/bin/../lib/gcc/arm-none-eabi/9.2.1/../../../../arm-none-eabi/lib/thumb/v7e-m/nofp\libc.a(lib_a-localeconv.o)
                0x00031634                __localeconv_l
 .text._localeconv_r
                0x00031638        0x8 c:/ti/ccs1220/ccs/tools/compiler/gcc-arm-none-eabi-9-2019-q4-major/bin/../lib/gcc/arm-none-eabi/9.2.1/../../../../arm-none-eabi/lib/thumb/v7e-m/nofp\libc.a(lib_a-localeconv.o)
                0x00031638                _localeconv_r
 .text.localeconv
                0x00031640        0x8 c:/ti/ccs1220/ccs/tools/compiler/gcc-arm-none-eabi-9-2019-q4-major/bin/../lib/gcc/arm-none-eabi/9.2.1/../../../../arm-none-eabi/lib/thumb/v7e-m/nofp\libc.a(lib_a-localeconv.o)
                0x00031640                localeconv
 .text.__retarget_lock_init
                0x00031648        0x4 c:/ti/ccs1220/ccs/tools/compiler/gcc-arm-none-eabi-9-2019-q4-major/bin/../lib/gcc/arm-none-eabi/9.2.1/../../../../arm-none-eabi/lib/thumb/v7e-m/nofp\libc.a(lib_a-lock.o)
                0x00031648                __retarget_lock_init
 .text.__retarget_lock_init_recursive
                0x0003164c        0x4 c:/ti/ccs1220/ccs/tools/compiler/gcc-arm-none-eabi-9-2019-q4-major/bin/../lib/gcc/arm-none-eabi/9.2.1/../../../../arm-none-eabi/lib/thumb/v7e-m/nofp\libc.a(lib_a-lock.o)
                0x0003164c                __retarget_lock_init_recursive
 .text.__retarget_lock_close
                0x00031650        0x4 c:/ti/ccs1220/ccs/tools/compiler/gcc-arm-none-eabi-9-2019-q4-major/bin/../lib/gcc/arm-none-eabi/9.2.1/../../../../arm-none-eabi/lib/thumb/v7e-m/nofp\libc.a(lib_a-lock.o)
                0x00031650                __retarget_lock_close
 .text.__retarget_lock_close_recursive
                0x00031654        0x4 c:/ti/ccs1220/ccs/tools/compiler/gcc-arm-none-eabi-9-2019-q4-major/bin/../lib/gcc/arm-none-eabi/9.2.1/../../../../arm-none-eabi/lib/thumb/v7e-m/nofp\libc.a(lib_a-lock.o)
                0x00031654                __retarget_lock_close_recursive
 .text.__retarget_lock_acquire
                0x00031658        0x4 c:/ti/ccs1220/ccs/tools/compiler/gcc-arm-none-eabi-9-2019-q4-major/bin/../lib/gcc/arm-none-eabi/9.2.1/../../../../arm-none-eabi/lib/thumb/v7e-m/nofp\libc.a(lib_a-lock.o)
                0x00031658                __retarget_lock_acquire
 .text.__retarget_lock_acquire_recursive
                0x0003165c        0x4 c:/ti/ccs1220/ccs/tools/compiler/gcc-arm-none-eabi-9-2019-q4-major/bin/../lib/gcc/arm-none-eabi/9.2.1/../../../../arm-none-eabi/lib/thumb/v7e-m/nofp\libc.a(lib_a-lock.o)
                0x0003165c                __retarget_lock_acquire_recursive
 .text.__retarget_lock_try_acquire
                0x00031660        0x4 c:/ti/ccs1220/ccs/tools/compiler/gcc-arm-none-eabi-9-2019-q4-major/bin/../lib/gcc/arm-none-eabi/9.2.1/../../../../arm-none-eabi/lib/thumb/v7e-m/nofp\libc.a(lib_a-lock.o)
                0x00031660                __retarget_lock_try_acquire
 .text.__retarget_lock_try_acquire_recursive
                0x00031664        0x4 c:/ti/ccs1220/ccs/tools/compiler/gcc-arm-none-eabi-9-2019-q4-major/bin/../lib/gcc/arm-none-eabi/9.2.1/../../../../arm-none-eabi/lib/thumb/v7e-m/nofp\libc.a(lib_a-lock.o)
                0x00031664                __retarget_lock_try_acquire_recursive
 .text.__retarget_lock_release
                0x00031668        0x4 c:/ti/ccs1220/ccs/tools/compiler/gcc-arm-none-eabi-9-2019-q4-major/bin/../lib/gcc/arm-none-eabi/9.2.1/../../../../arm-none-eabi/lib/thumb/v7e-m/nofp\libc.a(lib_a-lock.o)
                0x00031668                __retarget_lock_release
 .text.__retarget_lock_release_recursive
                0x0003166c        0x4 c:/ti/ccs1220/ccs/tools/compiler/gcc-arm-none-eabi-9-2019-q4-major/bin/../lib/gcc/arm-none-eabi/9.2.1/../../../../arm-none-eabi/lib/thumb/v7e-m/nofp\libc.a(lib_a-lock.o)
                0x0003166c                __retarget_lock_release_recursive
 .text.__swhatbuf_r
                0x00031670       0x5c c:/ti/ccs1220/ccs/tools/compiler/gcc-arm-none-eabi-9-2019-q4-major/bin/../lib/gcc/arm-none-eabi/9.2.1/../../../../arm-none-eabi/lib/thumb/v7e-m/nofp\libc.a(lib_a-makebuf.o)
                0x00031670                __swhatbuf_r
 .text.__smakebuf_r
                0x000316cc       0x98 c:/ti/ccs1220/ccs/tools/compiler/gcc-arm-none-eabi-9-2019-q4-major/bin/../lib/gcc/arm-none-eabi/9.2.1/../../../../arm-none-eabi/lib/thumb/v7e-m/nofp\libc.a(lib_a-makebuf.o)
                0x000316cc                __smakebuf_r
 .text._malloc_r
                0x00031764      0x574 c:/ti/ccs1220/ccs/tools/compiler/gcc-arm-none-eabi-9-2019-q4-major/bin/../lib/gcc/arm-none-eabi/9.2.1/../../../../arm-none-eabi/lib/thumb/v7e-m/nofp\libc.a(lib_a-mallocr.o)
                0x00031764                _malloc_r
 .text.memmove  0x00031cd8       0xd8 c:/ti/ccs1220/ccs/tools/compiler/gcc-arm-none-eabi-9-2019-q4-major/bin/../lib/gcc/arm-none-eabi/9.2.1/../../../../arm-none-eabi/lib/thumb/v7e-m/nofp\libc.a(lib_a-memmove.o)
                0x00031cd8                memmove
 .text.__malloc_lock
                0x00031db0        0xc c:/ti/ccs1220/ccs/tools/compiler/gcc-arm-none-eabi-9-2019-q4-major/bin/../lib/gcc/arm-none-eabi/9.2.1/../../../../arm-none-eabi/lib/thumb/v7e-m/nofp\libc.a(lib_a-mlock.o)
                0x00031db0                __malloc_lock
 .text.__malloc_unlock
                0x00031dbc        0xc c:/ti/ccs1220/ccs/tools/compiler/gcc-arm-none-eabi-9-2019-q4-major/bin/../lib/gcc/arm-none-eabi/9.2.1/../../../../arm-none-eabi/lib/thumb/v7e-m/nofp\libc.a(lib_a-mlock.o)
                0x00031dbc                __malloc_unlock
 .text._Balloc  0x00031dc8       0x4c c:/ti/ccs1220/ccs/tools/compiler/gcc-arm-none-eabi-9-2019-q4-major/bin/../lib/gcc/arm-none-eabi/9.2.1/../../../../arm-none-eabi/lib/thumb/v7e-m/nofp\libc.a(lib_a-mprec.o)
                0x00031dc8                _Balloc
 .text._Bfree   0x00031e14       0x14 c:/ti/ccs1220/ccs/tools/compiler/gcc-arm-none-eabi-9-2019-q4-major/bin/../lib/gcc/arm-none-eabi/9.2.1/../../../../arm-none-eabi/lib/thumb/v7e-m/nofp\libc.a(lib_a-mprec.o)
                0x00031e14                _Bfree
 .text.__multadd
                0x00031e28       0x80 c:/ti/ccs1220/ccs/tools/compiler/gcc-arm-none-eabi-9-2019-q4-major/bin/../lib/gcc/arm-none-eabi/9.2.1/../../../../arm-none-eabi/lib/thumb/v7e-m/nofp\libc.a(lib_a-mprec.o)
                0x00031e28                __multadd
 .text.__s2b    0x00031ea8       0xa0 c:/ti/ccs1220/ccs/tools/compiler/gcc-arm-none-eabi-9-2019-q4-major/bin/../lib/gcc/arm-none-eabi/9.2.1/../../../../arm-none-eabi/lib/thumb/v7e-m/nofp\libc.a(lib_a-mprec.o)
                0x00031ea8                __s2b