Archive member included to satisfy reference by file (symbol)

c:/ti/ccs1220/ccs/tools/compiler/gcc-arm-none-eabi-9-2019-q4-major/bin/../lib/gcc/arm-none-eabi/9.2.1/../../../../arm-none-eabi/lib/thumb/v7e-m/nofp\libc.a(lib_a-exit.o)
                              c:/ti/ccs1220/ccs/tools/compiler/gcc-arm-none-eabi-9-2019-q4-major/bin/../lib/gcc/arm-none-eabi/9.2.1/../../../../arm-none-eabi/lib/thumb/v7e-m/nofp/crt0.o (exit)
c:/ti/ccs1220/ccs/tools/compiler/gcc-arm-none-eabi-9-2019-q4-major/bin/../lib/gcc/arm-none-eabi/9.2.1/../../../../arm-none-eabi/lib/thumb/v7e-m/nofp\libc.a(lib_a-impure.o)
                              c:/ti/ccs1220/ccs/tools/compiler/gcc-arm-none-eabi-9-2019-q4-major/bin/../lib/gcc/arm-none-eabi/9.2.1/../../../../arm-none-eabi/lib/thumb/v7e-m/nofp\libc.a(lib_a-exit.o) (_global_impure_ptr)
c:/ti/ccs1220/ccs/tools/compiler/gcc-arm-none-eabi-9-2019-q4-major/bin/../lib/gcc/arm-none-eabi/9.2.1/../../../../arm-none-eabi/lib/thumb/v7e-m/nofp\libc.a(lib_a-init.o)
                              c:/ti/ccs1220/ccs/tools/compiler/gcc-arm-none-eabi-9-2019-q4-major/bin/../lib/gcc/arm-none-eabi/9.2.1/../../../../arm-none-eabi/lib/thumb/v7e-m/nofp/crt0.o (__libc_init_array)
c:/ti/ccs1220/ccs/tools/compiler/gcc-arm-none-eabi-9-2019-q4-major/bin/../lib/gcc/arm-none-eabi/9.2.1/../../../../arm-none-eabi/lib/thumb/v7e-m/nofp\libc.a(lib_a-memcpy.o)
                              ./Source/FreeRtos/queue.o (memcpy)
c:/ti/ccs1220/ccs/tools/compiler/gcc-arm-none-eabi-9-2019-q4-major/bin/../lib/gcc/arm-none-eabi/9.2.1/../../../../arm-none-eabi/lib/thumb/v7e-m/nofp\libc.a(lib_a-memset.o)
                              c:/ti/ccs1220/ccs/tools/compiler/gcc-arm-none-eabi-9-2019-q4-major/bin/../lib/gcc/arm-none-eabi/9.2.1/../../../../arm-none-eabi/lib/thumb/v7e-m/nofp/crt0.o (memset)
c:/ti/ccs1220/ccs/tools/compiler/gcc-arm-none-eabi-9-2019-q4-major/bin/../lib/gcc/arm-none-eabi/9.2.1/../../../../arm-none-eabi/lib/thumb/v7e-m/nofp\libc.a(lib_a-printf.o)
                              ./Source/FreeRtos/tasks.o (printf)
c:/ti/ccs1220/ccs/tools/compiler/gcc-arm-none-eabi-9-2019-q4-major/bin/../lib/gcc/arm-none-eabi/9.2.1/../../../../arm-none-eabi/lib/thumb/v7e-m/nofp\libc.a(lib_a-puts.o)
                              ./Source/FreeRtos/tasks.o (puts)
c:/ti/ccs1220/ccs/tools/compiler/gcc-arm-none-eabi-9-2019-q4-major/bin/../lib/gcc/arm-none-eabi/9.2.1/../../../../arm-none-eabi/lib/thumb/v7e-m/nofp\libc.a(lib_a-sprintf.o)
                              ./Source/App/Main/main.o (sprintf)
c:/ti/ccs1220/ccs/tools/compiler/gcc-arm-none-eabi-9-2019-q4-major/bin/../lib/gcc/arm-none-eabi/9.2.1/../../../../arm-none-eabi/lib/thumb/v7e-m/nofp\libc.a(lib_a-strcpy.o)
                              ./Source/FreeRtos/tasks.o (strcpy)
c:/ti/ccs1220/ccs/tools/compiler/gcc-arm-none-eabi-9-2019-q4-major/bin/../lib/gcc/arm-none-eabi/9.2.1/../../../../arm-none-eabi/lib/thumb/v7e-m/nofp\libc.a(lib_a-strlen.o)
                              ./Source/FreeRtos/tasks.o (strlen)
c:/ti/ccs1220/ccs/tools/compiler/gcc-arm-none-eabi-9-2019-q4-major/bin/../lib/gcc/arm-none-eabi/9.2.1/../../../../arm-none-eabi/lib/thumb/v7e-m/nofp\libc.a(lib_a-svfprintf.o)
                              c:/ti/ccs1220/ccs/tools/compiler/gcc-arm-none-eabi-9-2019-q4-major/bin/../lib/gcc/arm-none-eabi/9.2.1/../../../../arm-none-eabi/lib/thumb/v7e-m/nofp\libc.a(lib_a-sprintf.o) (_svfprintf_r)
c:/ti/ccs1220/ccs/tools/compiler/gcc-arm-none-eabi-9-2019-q4-major/bin/../lib/gcc/arm-none-eabi/9.2.1/../../../../arm-none-eabi/lib/thumb/v7e-m/nofp\libc.a(lib_a-vfprintf.o)
                              c:/ti/ccs1220/ccs/tools/compiler/gcc-arm-none-eabi-9-2019-q4-major/bin/../lib/gcc/arm-none-eabi/9.2.1/../../../../arm-none-eabi/lib/thumb/v7e-m/nofp\libc.a(lib_a-printf.o) (_vfprintf_r)
c:/ti/ccs1220/ccs/tools/compiler/gcc-arm-none-eabi-9-2019-q4-major/bin/../lib/gcc/arm-none-eabi/9.2.1/../../../../arm-none-eabi/lib/thumb/v7e-m/nofp\libc.a(lib_a-wsetup.o)
                              c:/ti/ccs1220/ccs/tools/compiler/gcc-arm-none-eabi-9-2019-q4-major/bin/../lib/gcc/arm-none-eabi/9.2.1/../../../../arm-none-eabi/lib/thumb/v7e-m/nofp\libc.a(lib_a-vfprintf.o) (__swsetup_r)
c:/ti/ccs1220/ccs/tools/compiler/gcc-arm-none-eabi-9-2019-q4-major/bin/../lib/gcc/arm-none-eabi/9.2.1/../../../../arm-none-eabi/lib/thumb/v7e-m/nofp\libc.a(lib_a-__call_atexit.o)
                              c:/ti/ccs1220/ccs/tools/compiler/gcc-arm-none-eabi-9-2019-q4-major/bin/../lib/gcc/arm-none-eabi/9.2.1/../../../../arm-none-eabi/lib/thumb/v7e-m/nofp\libc.a(lib_a-exit.o) (__call_exitprocs)
c:/ti/ccs1220/ccs/tools/compiler/gcc-arm-none-eabi-9-2019-q4-major/bin/../lib/gcc/arm-none-eabi/9.2.1/../../../../arm-none-eabi/lib/thumb/v7e-m/nofp\libc.a(lib_a-atexit.o)
                              c:/ti/ccs1220/ccs/tools/compiler/gcc-arm-none-eabi-9-2019-q4-major/bin/../lib/gcc/arm-none-eabi/9.2.1/../../../../arm-none-eabi/lib/thumb/v7e-m/nofp\libc.a(lib_a-__call_atexit.o) (atexit)
[...]
Memory Configuration

Name             Origin             Length             Attributes
ROM              0x00020000         0x00020000         xr
RAM              0x20002000         0x00006000         xrw
*default*        0x00000000         0xffffffff

Linker script and memory map

LOAD c:/ti/ccs1220/ccs/tools/compiler/gcc-arm-none-eabi-9-2019-q4-major/bin/../lib/gcc/arm-none-eabi/9.2.1/thumb/v7e-m/nofp/crti.o
LOAD c:/ti/ccs1220/ccs/tools/compiler/gcc-arm-none-eabi-9-2019-q4-major/bin/../lib/gcc/arm-none-eabi/9.2.1/thumb/v7e-m/nofp/crtbegin.o
LOAD c:/ti/ccs1220/ccs/tools/compiler/gcc-arm-none-eabi-9-2019-q4-major/bin/../lib/gcc/arm-none-eabi/9.2.1/../../../../arm-none-eabi/lib/thumb/v7e-m/nofp/crt0.o
LOAD ./Source/App/Main/main.o
LOAD ./Source/BSP/bsp.o
LOAD ./Source/BSP/startup_tm4c_gnu.o
LOAD ./Source/Driver/ADC/ADC_Driver.o
LOAD ./Source/Driver/CAN/CAN_Driver.o
LOAD ./Source/Driver/GPIO/GPIOdriver.o
LOAD ./Source/Driver/I2C/I2C.o
LOAD ./Source/Driver/LCD/LCD.o
LOAD ./Source/Driver/SPI/SPI.o
LOAD ./Source/Driver/Timer/Timer.o
LOAD ./Source/Driver/Timer/timercnter.o
LOAD ./Source/Driver/UART/UART.o
LOAD ./Source/FreeRtos/croutine.o
LOAD ./Source/FreeRtos/event_groups.o
LOAD ./Source/FreeRtos/list.o
LOAD ./Source/FreeRtos/queue.o
LOAD ./Source/FreeRtos/stream_buffer.o
LOAD ./Source/FreeRtos/tasks.o
LOAD ./Source/FreeRtos/timers.o
LOAD ./Source/FreeRtos/portable/Common/mpu_wrappers.o
LOAD ./Source/FreeRtos/portable/GCC/ARM_CM4F/port.o
LOAD ./Source/FreeRtos/portable/MemMang/heap_4.o
LOAD ./Source/Middleware/HCSR04/HCSR04.o
LOAD ./Source/Middleware/MCP3208/MCP3208.o
LOAD ./Source/Middleware/MPU9250/Compas.o
LOAD ./Source/Middleware/MPU9250/Complementary_filter.o
LOAD ./Source/Middleware/MPU9250/Digital_filters.o
LOAD ./Source/Middleware/MPU9250/Extended_Kelman_Filter.o
LOAD ./Source/Middleware/MPU9250/Kelman_filter.o
LOAD ./Source/Middleware/MPU9250/MPU9250.o
LOAD ./Source/Middleware/OLED_SSD1306/Font.o
LOAD ./Source/Middleware/OLED_SSD1306/SSD1306.o
LOAD ./Source/Middleware/RTC_DS3231/DS3231.o
                0x00003000                STACK_SIZE = 0x3000
                0x00000400                HEAP_SIZE = 0x400

.isr_vector     0x00020000      0x26c
 *(.isr_vector)
 .isr_vector    0x00020000      0x26c ./Source/BSP/startup_tm4c_gnu.o
                0x00020000                g_pfnVectors
                0x0002026c                . = ALIGN (0x4)

.eh_frame       0x0002026c        0x4
 .eh_frame      0x0002026c        0x0 c:/ti/ccs1220/ccs/tools/compiler/gcc-arm-none-eabi-9-2019-q4-major/bin/../lib/gcc/arm-none-eabi/9.2.1/thumb/v7e-m/nofp/crtbegin.o
 .eh_frame      0x0002026c        0x4 c:/ti/ccs1220/ccs/tools/compiler/gcc-arm-none-eabi-9-2019-q4-major/bin/../lib/gcc/arm-none-eabi/9.2.1/thumb/v7e-m/nofp/crtend.o

.ARM.extab      0x00020270        0x0
 .ARM.extab     0x00020270        0x0 c:/ti/ccs1220/ccs/tools/compiler/gcc-arm-none-eabi-9-2019-q4-major/bin/../lib/gcc/arm-none-eabi/9.2.1/../../../../arm-none-eabi/lib/thumb/v7e-m/nofp/crt0.o

.ARM.exidx      0x00020270        0x8
 .ARM.exidx     0x00020270        0x8 c:/ti/ccs1220/ccs/tools/compiler/gcc-arm-none-eabi-9-2019-q4-major/bin/../lib/gcc/arm-none-eabi/9.2.1/../../../../arm-none-eabi/lib/thumb/v7e-m/nofp/crt0.o

.text           0x00020280    0x18f48
                0x00020280                . = ALIGN (0x4)
 *(.text)
 .text          0x00020280        0x0 c:/ti/ccs1220/ccs/tools/compiler/gcc-arm-none-eabi-9-2019-q4-major/bin/../lib/gcc/arm-none-eabi/9.2.1/thumb/v7e-m/nofp/crti.o
 .text          0x00020280       0x40 c:/ti/ccs1220/ccs/tools/compiler/gcc-arm-none-eabi-9-2019-q4-major/bin/../lib/gcc/arm-none-eabi/9.2.1/thumb/v7e-m/nofp/crtbegin.o
 .text          0x000202c0       0x74 c:/ti/ccs1220/ccs/tools/compiler/gcc-arm-none-eabi-9-2019-q4-major/bin/../lib/gcc/arm-none-eabi/9.2.1/../../../../arm-none-eabi/lib/thumb/v7e-m/nofp/crt0.o
                0x000202c0                _start
                0x000202c0                _mainCRTStartup
 .text          0x00020334        0x0 ./Source/App/Main/main.o
 .text          0x00020334        0x0 ./Source/BSP/bsp.o
 .text          0x00020334        0x0 ./Source/BSP/startup_tm4c_gnu.o
 .text          0x00020334        0x0 ./Source/Driver/ADC/ADC_Driver.o
 .text          0x00020334        0x0 ./Source/Driver/CAN/CAN_Driver.o
 .text          0x00020334        0x0 ./Source/Driver/GPIO/GPIOdriver.o
 .text          0x00020334        0x0 ./Source/Driver/I2C/I2C.o
 .text          0x00020334        0x0 ./Source/Driver/LCD/LCD.o
 .text          0x00020334        0x0 ./Source/Driver/SPI/SPI.o
 .text          0x00020334        0x0 ./Source/Driver/Timer/Timer.o
 .text          0x00020334        0x0 ./Source/Driver/Timer/timercnter.o
 .text          0x00020334        0x0 ./Source/Driver/UART/UART.o
 .text          0x00020334        0x0 ./Source/FreeRtos/croutine.o
 .text          0x00020334        0x0 ./Source/FreeRtos/event_groups.o
 .text          0x00020334        0x0 ./Source/FreeRtos/list.o
 .text          0x00020334        0x0 ./Source/FreeRtos/queue.o
 .text          0x00020334        0x0 ./Source/FreeRtos/stream_buffer.o
 .text          0x00020334        0x0 ./Source/FreeRtos/tasks.o
 .text          0x00020334        0x0 ./Source/FreeRtos/timers.o
 .text          0x00020334        0x0 ./Source/FreeRtos/portable/Common/mpu_wrappers.o
 .text          0x00020334        0x0 ./Source/FreeRtos/portable/GCC/ARM_CM4F/port.o
 .text          0x00020334        0x0 ./Source/FreeRtos/portable/MemMang/heap_4.o
 .text          0x00020334        0x0 ./Source/Middleware/HCSR04/HCSR04.o
 .text          0x00020334        0x0 ./Source/Middleware/MCP3208/MCP3208.o
 .text          0x00020334        0x0 ./Source/Middleware/MPU9250/Compas.o
 .text          0x00020334        0x0 ./Source/Middleware/MPU9250/Complementary_filter.o
 .text          0x00020334        0x0 ./Source/Middleware/MPU9250/Digital_filters.o
 .text          0x00020334        0x0 ./Source/Middleware/MPU9250/Extended_Kelman_Filter.o
 .text          0x00020334        0x0 ./Source/Middleware/MPU9250/Kelman_filter.o
 .text          0x00020334        0x0 ./Source/Middleware/MPU9250/MPU9250.o
 .text          0x00020334        0x0 ./Source/Middleware/OLED_SSD1306/Font.o
 .text          0x00020334        0x0 ./Source/Middleware/OLED_SSD1306/SSD1306.o
 .text          0x00020334        0x0 ./Source/Middleware/RTC_DS3231/DS3231.o
 .text          0x00020334        0x0 c:/ti/ccs1220/ccs/tools/compiler/gcc-arm-none-eabi-9-2019-q4-major/bin/../lib/gcc/arm-none-eabi/9.2.1/../../../../arm-none-eabi/lib/thumb/v7e-m/nofp\libc.a(lib_a-exit.o)
 .text          0x00020334        0x0 c:/ti/ccs1220/ccs/tools/compiler/gcc-arm-none-eabi-9-2019-q4-major/bin/../lib/gcc/arm-none-eabi/9.2.1/../../../../arm-none-eabi/lib/thumb/v7e-m/nofp\libc.a(lib_a-impure.o)
 .text          0x00020334        0x0 c:/ti/ccs1220/ccs/tools/compiler/gcc-arm-none-eabi-9-2019-q4-major/bin/../lib/gcc/arm-none-eabi/9.2.1/../../../../arm-none-eabi/lib/thumb/v7e-m/nofp\libc.a(lib_a-init.o)
 .text          0x00020334      0x134 c:/ti/ccs1220/ccs/tools/compiler/gcc-arm-none-eabi-9-2019-q4-major/bin/../lib/gcc/arm-none-eabi/9.2.1/../../../../arm-none-eabi/lib/thumb/v7e-m/nofp\libc.a(lib_a-memcpy.o)
                0x00020334                memcpy
 .text          0x00020468        0x0 c:/ti/ccs1220/ccs/tools/compiler/gcc-arm-none-eabi-9-2019-q4-major/bin/../lib/gcc/arm-none-eabi/9.2.1/../../../../arm-none-eabi/lib/thumb/v7e-m/nofp\libc.a(lib_a-memset.o)
 .text          0x00020468        0x0 c:/ti/ccs1220/ccs/tools/compiler/gcc-arm-none-eabi-9-2019-q4-major/bin/../lib/gcc/arm-none-eabi/9.2.1/../../../../arm-none-eabi/lib/thumb/v7e-m/nofp\libc.a(lib_a-printf.o)
 .text          0x00020468        0x0 c:/ti/ccs1220/ccs/tools/compiler/gcc-arm-none-eabi-9-2019-q4-major/bin/../lib/gcc/arm-none-eabi/9.2.1/../../../../arm-none-eabi/lib/thumb/v7e-m/nofp\libc.a(lib_a-puts.o)
 .text          0x00020468        0x0 c:/ti/ccs1220/ccs/tools/compiler/gcc-arm-none-eabi-9-2019-q4-major/bin/../lib/gcc/arm-none-eabi/9.2.1/../../../../arm-none-eabi/lib/thumb/v7e-m/nofp\libc.a(lib_a-sprintf.o)
 .text          0x00020468        0x0 c:/ti/ccs1220/ccs/tools/compiler/gcc-arm-none-eabi-9-2019-q4-major/bin/../lib/gcc/arm-none-eabi/9.2.1/../../../../arm-none-eabi/lib/thumb/v7e-m/nofp\libc.a(lib_a-strcpy.o)
 *fill*         0x00020468       0x18 
 .text          0x00020480       0xdc c:/ti/ccs1220/ccs/tools/compiler/gcc-arm-none-eabi-9-2019-q4-major/bin/../lib/gcc/arm-none-eabi/9.2.1/../../../../arm-none-eabi/lib/thumb/v7e-m/nofp\libc.a(lib_a-strlen.o)
                0x00020480                strlen
 .text          0x0002055c        0x0 c:/ti/ccs1220/ccs/tools/compiler/gcc-arm-none-eabi-9-2019-q4-major/bin/../lib/gcc/arm-none-eabi/9.2.1/../../../../arm-none-eabi/lib/thumb/v7e-m/nofp\libc.a(lib_a-svfprintf.o)
 .text          0x0002055c        0x0 c:/ti/ccs1220/ccs/tools/compiler/gcc-arm-none-eabi-9-2019-q4-major/bin/../lib/gcc/arm-none-eabi/9.2.1/../../../../arm-none-eabi/lib/thumb/v7e-m/nofp\libc.a(lib_a-vfprintf.o)
 .text          0x0002055c        0x0 c:/ti/ccs1220/ccs/tools/compiler/gcc-arm-none-eabi-9-2019-q4-major/bin/../lib/gcc/arm-none-eabi/9.2.1/../../../../arm-none-eabi/lib/thumb/v7e-m/nofp\libc.a(lib_a-wsetup.o)
 .text          0x0002055c        0x0 c:/ti/ccs1220/ccs/tools/compiler/gcc-arm-none-eabi-9-2019-q4-major/bin/../lib/gcc/arm-none-eabi/9.2.1/../../../../arm-none-eabi/lib/thumb/v7e-m/nofp\libc.a(lib_a-__call_atexit.o)
 .text          0x0002055c        0x0 c:/ti/ccs1220/ccs/tools/compiler/gcc-arm-none-eabi-9-2019-q4-major/bin/../lib/gcc/arm-none-eabi/9.2.1/../../../../arm-none-eabi/lib/thumb/v7e-m/nofp\libc.a(lib_a-atexit.o)
 .text          0x0002055c        0x0 c:/ti/ccs1220/ccs/tools/compiler/gcc-arm-none-eabi-9-2019-q4-major/bin/../lib/gcc/arm-none-eabi/9.2.1/../../../../arm-none-eabi/lib/thumb/v7e-m/nofp\libc.a(lib_a-dtoa.o)
 .text          0x0002055c        0x0 c:/ti/ccs1220/ccs/tools/compiler/gcc-arm-none-eabi-9-2019-q4-major/bin/../lib/gcc/arm-none-eabi/9.2.1/../../../../arm-none-eabi/lib/thumb/v7e-m/nofp\libc.a(lib_a-fflush.o)
 .text          0x0002055c        0x0 c:/ti/ccs1220/ccs/tools/compiler/gcc-arm-none-eabi-9-2019-q4-major/bin/../lib/gcc/arm-none-eabi/9.2.1/../../../../arm-none-eabi/lib/thumb/v7e-m/nofp\libc.a(lib_a-findfp.o)
 .text          0x0002055c        0x0 c:/ti/ccs1220/ccs/tools/compiler/gcc-arm-none-eabi-9-2019-q4-major/bin/../lib/gcc/arm-none-eabi/9.2.1/../../../../arm-none-eabi/lib/thumb/v7e-m/nofp\libc.a(lib_a-fini.o)
 .text          0x0002055c        0x0 c:/ti/ccs1220/ccs/tools/compiler/gcc-arm-none-eabi-9-2019-q4-major/bin/../lib/gcc/arm-none-eabi/9.2.1/../../../../arm-none-eabi/lib/thumb/v7e-m/nofp\libc.a(lib_a-freer.o)
 .text          0x0002055c        0x0 c:/ti/ccs1220/ccs/tools/compiler/gcc-arm-none-eabi-9-2019-q4-major/bin/../lib/gcc/arm-none-eabi/9.2.1/../../../../arm-none-eabi/lib/thumb/v7e-m/nofp\libc.a(lib_a-fvwrite.o)
 .text          0x0002055c        0x0 c:/ti/ccs1220/ccs/tools/compiler/gcc-arm-none-eabi-9-2019-q4-major/bin/../lib/gcc/arm-none-eabi/9.2.1/../../../../arm-none-eabi/lib/thumb/v7e-m/nofp\libc.a(lib_a-fwalk.o)
 .text          0x0002055c        0x0 c:/ti/ccs1220/ccs/tools/compiler/gcc-arm-none-eabi-9-2019-q4-major/bin/../lib/gcc/arm-none-eabi/9.2.1/../../../../arm-none-eabi/lib/thumb/v7e-m/nofp\libc.a(lib_a-localeconv.o)
 .text          0x0002055c        0x0 c:/ti/ccs1220/ccs/tools/compiler/gcc-arm-none-eabi-9-2019-q4-major/bin/../lib/gcc/arm-none-eabi/9.2.1/../../../../arm-none-eabi/lib/thumb/v7e-m/nofp\libc.a(lib_a-lock.o)
 .text          0x0002055c        0x0 c:/ti/ccs1220/ccs/tools/compiler/gcc-arm-none-eabi-9-2019-q4-major/bin/../lib/gcc/arm-none-eabi/9.2.1/../../../../arm-none-eabi/lib/thumb/v7e-m/nofp\libc.a(lib_a-makebuf.o)
 .text          0x0002055c        0x0 c:/ti/ccs1220/ccs/tools/compiler/gcc-arm-none-eabi-9-2019-q4-major/bin/../lib/gcc/arm-none-eabi/9.2.1/../../../../arm-none-eabi/lib/thumb/v7e-m/nofp\libc.a(lib_a-mallocr.o)
 *fill*         0x0002055c        0x4 
 .text          0x00020560       0xa0 c:/ti/ccs1220/ccs/tools/compiler/gcc-arm-none-eabi-9-2019-q4-major/bin/../lib/gcc/arm-none-eabi/9.2.1/../../../../arm-none-eabi/lib/thumb/v7e-m/nofp\libc.a(lib_a-memchr.o)
                0x00020560                memchr
 .text          0x00020600        0x0 c:/ti/ccs1220/ccs/tools/compiler/gcc-arm-none-eabi-9-2019-q4-major/bin/../lib/gcc/arm-none-eabi/9.2.1/../../../../arm-none-eabi/lib/thumb/v7e-m/nofp\libc.a(lib_a-memmove.o)
 .text          0x00020600        0x0 c:/ti/ccs1220/ccs/tools/compiler/gcc-arm-none-eabi-9-2019-q4-major/bin/../lib/gcc/arm-none-eabi/9.2.1/../../../../arm-none-eabi/lib/thumb/v7e-m/nofp\libc.a(lib_a-mlock.o)
 .text          0x00020600        0x0 c:/ti/ccs1220/ccs/tools/compiler/gcc-arm-none-eabi-9-2019-q4-major/bin/../lib/gcc/arm-none-eabi/9.2.1/../../../../arm-none-eabi/lib/thumb/v7e-m/nofp\libc.a(lib_a-mprec.o)
 .text          0x00020600        0x0 c:/ti/ccs1220/ccs/tools/compiler/gcc-arm-none-eabi-9-2019-q4-major/bin/../lib/gcc/arm-none-eabi/9.2.1/../../../../arm-none-eabi/lib/thumb/v7e-m/nofp\libc.a(lib_a-reallocr.o)
 .text          0x00020600        0x0 c:/ti/ccs1220/ccs/tools/compiler/gcc-arm-none-eabi-9-2019-q4-major/bin/../lib/gcc/arm-none-eabi/9.2.1/../../../../arm-none-eabi/lib/thumb/v7e-m/nofp\libc.a(lib_a-s_frexp.o)
 .text          0x00020600        0x0 c:/ti/ccs1220/ccs/tools/compiler/gcc-arm-none-eabi-9-2019-q4-major/bin/../lib/gcc/arm-none-eabi/9.2.1/../../../../arm-none-eabi/lib/thumb/v7e-m/nofp\libc.a(lib_a-sbrkr.o)
 .text          0x00020600        0x0 c:/ti/ccs1220/ccs/tools/compiler/gcc-arm-none-eabi-9-2019-q4-major/bin/../lib/gcc/arm-none-eabi/9.2.1/../../../../arm-none-eabi/lib/thumb/v7e-m/nofp\libc.a(lib_a-stdio.o)
 .text          0x00020600        0x0 c:/ti/ccs1220/ccs/tools/compiler/gcc-arm-none-eabi-9-2019-q4-major/bin/../lib/gcc/arm-none-eabi/9.2.1/../../../../arm-none-eabi/lib/thumb/v7e-m/nofp\libc.a(lib_a-strncpy.o)
 .text          0x00020600        0x0 c:/ti/ccs1220/ccs/tools/compiler/gcc-arm-none-eabi-9-2019-q4-major/bin/../lib/gcc/arm-none-eabi/9.2.1/../../../../arm-none-eabi/lib/thumb/v7e-m/nofp\libc.a(lib_a-svfiprintf.o)
 .text          0x00020600        0x0 c:/ti/ccs1220/ccs/tools/compiler/gcc-arm-none-eabi-9-2019-q4-major/bin/../lib/gcc/arm-none-eabi/9.2.1/../../../../arm-none-eabi/lib/thumb/v7e-m/nofp\libc.a(lib_a-vfiprintf.o)
 .text          0x00020600        0x0 c:/ti/ccs1220/ccs/tools/compiler/gcc-arm-none-eabi-9-2019-q4-major/bin/../lib/gcc/arm-none-eabi/9.2.1/../../../../arm-none-eabi/lib/thumb/v7e-m/nofp\libc.a(lib_a-writer.o)
 .text          0x00020600        0x0 c:/ti/ccs1220/ccs/tools/compiler/gcc-arm-none-eabi-9-2019-q4-major/bin/../lib/gcc/arm-none-eabi/9.2.1/../../../../arm-none-eabi/lib/thumb/v7e-m/nofp\libc.a(lib_a-__atexit.o)
 .text          0x00020600        0x0 c:/ti/ccs1220/ccs/tools/compiler/gcc-arm-none-eabi-9-2019-q4-major/bin/../lib/gcc/arm-none-eabi/9.2.1/../../../../arm-none-eabi/lib/thumb/v7e-m/nofp\libc.a(lib_a-callocr.o)
 .text          0x00020600        0x0 c:/ti/ccs1220/ccs/tools/compiler/gcc-arm-none-eabi-9-2019-q4-major/bin/../lib/gcc/arm-none-eabi/9.2.1/../../../../arm-none-eabi/lib/thumb/v7e-m/nofp\libc.a(lib_a-closer.o)
 .text          0x00020600        0x0 c:/ti/ccs1220/ccs/tools/compiler/gcc-arm-none-eabi-9-2019-q4-major/bin/../lib/gcc/arm-none-eabi/9.2.1/../../../../arm-none-eabi/lib/thumb/v7e-m/nofp\libc.a(lib_a-fclose.o)
 .text          0x00020600        0x0 c:/ti/ccs1220/ccs/tools/compiler/gcc-arm-none-eabi-9-2019-q4-major/bin/../lib/gcc/arm-none-eabi/9.2.1/../../../../arm-none-eabi/lib/thumb/v7e-m/nofp\libc.a(lib_a-fputwc.o)
 .text          0x00020600        0x0 c:/ti/ccs1220/ccs/tools/compiler/gcc-arm-none-eabi-9-2019-q4-major/bin/../lib/gcc/arm-none-eabi/9.2.1/../../../../arm-none-eabi/lib/thumb/v7e-m/nofp\libc.a(lib_a-fstatr.o)
 .text          0x00020600        0x0 c:/ti/ccs1220/ccs/tools/compiler/gcc-arm-none-eabi-9-2019-q4-major/bin/../lib/gcc/arm-none-eabi/9.2.1/../../../../arm-none-eabi/lib/thumb/v7e-m/nofp\libc.a(lib_a-isattyr.o)
 .text          0x00020600        0x0 c:/ti/ccs1220/ccs/tools/compiler/gcc-arm-none-eabi-9-2019-q4-major/bin/../lib/gcc/arm-none-eabi/9.2.1/../../../../arm-none-eabi/lib/thumb/v7e-m/nofp\libc.a(lib_a-locale.o)
 .text          0x00020600        0x0 c:/ti/ccs1220/ccs/tools/compiler/gcc-arm-none-eabi-9-2019-q4-major/bin/../lib/gcc/arm-none-eabi/9.2.1/../../../../arm-none-eabi/lib/thumb/v7e-m/nofp\libc.a(lib_a-lseekr.o)
 .text          0x00020600        0x0 c:/ti/ccs1220/ccs/tools/compiler/gcc-arm-none-eabi-9-2019-q4-major/bin/../lib/gcc/arm-none-eabi/9.2.1/../../../../arm-none-eabi/lib/thumb/v7e-m/nofp\libc.a(lib_a-mbtowc_r.o)
 .text          0x00020600        0x0 c:/ti/ccs1220/ccs/tools/compiler/gcc-arm-none-eabi-9-2019-q4-major/bin/../lib/gcc/arm-none-eabi/9.2.1/../../../../arm-none-eabi/lib/thumb/v7e-m/nofp\libc.a(lib_a-readr.o)
 .text          0x00020600        0x0 c:/ti/ccs1220/ccs/tools/compiler/gcc-arm-none-eabi-9-2019-q4-major/bin/../lib/gcc/arm-none-eabi/9.2.1/../../../../arm-none-eabi/lib/thumb/v7e-m/nofp\libc.a(lib_a-reent.o)
 .text          0x00020600      0x2dc c:/ti/ccs1220/ccs/tools/compiler/gcc-arm-none-eabi-9-2019-q4-major/bin/../lib/gcc/arm-none-eabi/9.2.1/../../../../arm-none-eabi/lib/thumb/v7e-m/nofp\libc.a(lib_a-strcmp.o)
                0x00020608                strcmp
 .text          0x000208dc        0x0 c:/ti/ccs1220/ccs/tools/compiler/gcc-arm-none-eabi-9-2019-q4-major/bin/../lib/gcc/arm-none-eabi/9.2.1/../../../../arm-none-eabi/lib/thumb/v7e-m/nofp\libc.a(lib_a-wbuf.o)
 .text          0x000208dc        0x0 c:/ti/ccs1220/ccs/tools/compiler/gcc-arm-none-eabi-9-2019-q4-major/bin/../lib/gcc/arm-none-eabi/9.2.1/../../../../arm-none-eabi/lib/thumb/v7e-m/nofp\libc.a(lib_a-wcrtomb.o)
 .text          0x000208dc        0x0 c:/ti/ccs1220/ccs/tools/compiler/gcc-arm-none-eabi-9-2019-q4-major/bin/../lib/gcc/arm-none-eabi/9.2.1/../../../../arm-none-eabi/lib/thumb/v7e-m/nofp\libc.a(lib_a-wctomb_r.o)
 .text          0x000208dc        0x0 c:/ti/ccs1220/ccs/tools/compiler/gcc-arm-none-eabi-9-2019-q4-major/bin/../lib/gcc/arm-none-eabi/9.2.1/../../../../arm-none-eabi/lib/thumb/v7e-m/nofp\libc.a(lib_a-ctype_.o)
 .text          0x000208dc        0x0 c:/ti/ccs1220/ccs/tools/compiler/gcc-arm-none-eabi-9-2019-q4-major/bin/../lib/gcc/arm-none-eabi/9.2.1/../../../../arm-none-eabi/lib/thumb/v7e-m/nofp\libm.a(lib_a-s_cos.o)
 .text          0x000208dc        0x0 c:/ti/ccs1220/ccs/tools/compiler/gcc-arm-none-eabi-9-2019-q4-major/bin/../lib/gcc/arm-none-eabi/9.2.1/../../../../arm-none-eabi/lib/thumb/v7e-m/nofp\libm.a(lib_a-s_sin.o)
 .text          0x000208dc        0x0 c:/ti/ccs1220/ccs/tools/compiler/gcc-arm-none-eabi-9-2019-q4-major/bin/../lib/gcc/arm-none-eabi/9.2.1/../../../../arm-none-eabi/lib/thumb/v7e-m/nofp\libm.a(lib_a-w_atan2.o)
 .text          0x000208dc        0x0 c:/ti/ccs1220/ccs/tools/compiler/gcc-arm-none-eabi-9-2019-q4-major/bin/../lib/gcc/arm-none-eabi/9.2.1/../../../../arm-none-eabi/lib/thumb/v7e-m/nofp\libm.a(lib_a-w_sqrt.o)
 .text          0x000208dc        0x0 c:/ti/ccs1220/ccs/tools/compiler/gcc-arm-none-eabi-9-2019-q4-major/bin/../lib/gcc/arm-none-eabi/9.2.1/../../../../arm-none-eabi/lib/thumb/v7e-m/nofp\libm.a(lib_a-e_atan2.o)
 .text          0x000208dc        0x0 c:/ti/ccs1220/ccs/tools/compiler/gcc-arm-none-eabi-9-2019-q4-major/bin/../lib/gcc/arm-none-eabi/9.2.1/../../../../arm-none-eabi/lib/thumb/v7e-m/nofp\libm.a(lib_a-e_rem_pio2.o)
 .text          0x000208dc        0x0 c:/ti/ccs1220/ccs/tools/compiler/gcc-arm-none-eabi-9-2019-q4-major/bin/../lib/gcc/arm-none-eabi/9.2.1/../../../../arm-none-eabi/lib/thumb/v7e-m/nofp\libm.a(lib_a-e_sqrt.o)
 .text          0x000208dc        0x0 c:/ti/ccs1220/ccs/tools/compiler/gcc-arm-none-eabi-9-2019-q4-major/bin/../lib/gcc/arm-none-eabi/9.2.1/../../../../arm-none-eabi/lib/thumb/v7e-m/nofp\libm.a(lib_a-k_cos.o)
 .text          0x000208dc        0x0 c:/ti/ccs1220/ccs/tools/compiler/gcc-arm-none-eabi-9-2019-q4-major/bin/../lib/gcc/arm-none-eabi/9.2.1/../../../../arm-none-eabi/lib/thumb/v7e-m/nofp\libm.a(lib_a-k_rem_pio2.o)
 .text          0x000208dc        0x0 c:/ti/ccs1220/ccs/tools/compiler/gcc-arm-none-eabi-9-2019-q4-major/bin/../lib/gcc/arm-none-eabi/9.2.1/../../../../arm-none-eabi/lib/thumb/v7e-m/nofp\libm.a(lib_a-k_sin.o)
 .text          0x000208dc        0x0 c:/ti/ccs1220/ccs/tools/compiler/gcc-arm-none-eabi-9-2019-q4-major/bin/../lib/gcc/arm-none-eabi/9.2.1/../../../../arm-none-eabi/lib/thumb/v7e-m/nofp\libm.a(lib_a-s_atan.o)
 .text          0x000208dc        0x0 c:/ti/ccs1220/ccs/tools/compiler/gcc-arm-none-eabi-9-2019-q4-major/bin/../lib/gcc/arm-none-eabi/9.2.1/../../../../arm-none-eabi/lib/thumb/v7e-m/nofp\libm.a(lib_a-s_fabs.o)
 .text          0x000208dc        0x0 c:/ti/ccs1220/ccs/tools/compiler/gcc-arm-none-eabi-9-2019-q4-major/bin/../lib/gcc/arm-none-eabi/9.2.1/../../../../arm-none-eabi/lib/thumb/v7e-m/nofp\libm.a(lib_a-s_floor.o)
 .text          0x000208dc        0x0 c:/ti/ccs1220/ccs/tools/compiler/gcc-arm-none-eabi-9-2019-q4-major/bin/../lib/gcc/arm-none-eabi/9.2.1/../../../../arm-none-eabi/lib/thumb/v7e-m/nofp\libm.a(lib_a-s_lib_ver.o)
 .text          0x000208dc        0x0 c:/ti/ccs1220/ccs/tools/compiler/gcc-arm-none-eabi-9-2019-q4-major/bin/../lib/gcc/arm-none-eabi/9.2.1/../../../../arm-none-eabi/lib/thumb/v7e-m/nofp\libm.a(lib_a-s_matherr.o)
 .text          0x000208dc        0x0 c:/ti/ccs1220/ccs/tools/compiler/gcc-arm-none-eabi-9-2019-q4-major/bin/../lib/gcc/arm-none-eabi/9.2.1/../../../../arm-none-eabi/lib/thumb/v7e-m/nofp\libm.a(lib_a-s_scalbn.o)
 .text          0x000208dc      0x254 c:/ti/ccs1220/ccs/tools/compiler/gcc-arm-none-eabi-9-2019-q4-major/bin/../lib/gcc/arm-none-eabi/9.2.1/thumb/v7e-m/nofp\libgcc.a(_arm_muldf3.o)
 .text          0x00020b30      0x378 c:/ti/ccs1220/ccs/tools/compiler/gcc-arm-none-eabi-9-2019-q4-major/bin/../lib/gcc/arm-none-eabi/9.2.1/thumb/v7e-m/nofp\libgcc.a(_arm_addsubdf3.o)
                0x00020b30                __aeabi_drsub
                0x00020b38                __aeabi_dsub
                0x00020b38                __subdf3
                0x00020b3c                __aeabi_dadd
                0x00020b3c                __adddf3
                0x00020db4                __floatunsidf
                0x00020db4                __aeabi_ui2d
                0x00020dd4                __floatsidf
                0x00020dd4                __aeabi_i2d
                0x00020df8                __aeabi_f2d
                0x00020df8                __extendsfdf2
                0x00020e3c                __floatundidf
                0x00020e3c                __aeabi_ul2d
                0x00020e4c                __floatdidf
                0x00020e4c                __aeabi_l2d
 .text          0x00020ea8      0x424 c:/ti/ccs1220/ccs/tools/compiler/gcc-arm-none-eabi-9-2019-q4-major/bin/../lib/gcc/arm-none-eabi/9.2.1/thumb/v7e-m/nofp\libgcc.a(_arm_muldivdf3.o)
                0x00020ea8                __aeabi_dmul
                0x00020ea8                __muldf3
                0x000210fc                __divdf3
                0x000210fc                __aeabi_ddiv
 .text          0x000212cc      0x110 c:/ti/ccs1220/ccs/tools/compiler/gcc-arm-none-eabi-9-2019-q4-major/bin/../lib/gcc/arm-none-eabi/9.2.1/thumb/v7e-m/nofp\libgcc.a(_arm_cmpdf2.o)
                0x000212cc                __gtdf2
                0x000212cc                __gedf2
                0x000212d4                __ltdf2
                0x000212d4                __ledf2
                0x000212dc                __nedf2
                0x000212dc                __eqdf2
                0x000212dc                __cmpdf2
                0x00021358                __aeabi_cdrcmple
                0x00021368                __aeabi_cdcmpeq
                0x00021368                __aeabi_cdcmple
                0x00021378                __aeabi_dcmpeq
                0x0002138c                __aeabi_dcmplt
                0x000213a0                __aeabi_dcmple
                0x000213b4                __aeabi_dcmpge
                0x000213c8                __aeabi_dcmpgt
 .text          0x000213dc       0x2c c:/ti/ccs1220/ccs/tools/compiler/gcc-arm-none-eabi-9-2019-q4-major/bin/../lib/gcc/arm-none-eabi/9.2.1/thumb/v7e-m/nofp\libgcc.a(_arm_unorddf2.o)
                0x000213dc                __unorddf2
                0x000213dc                __aeabi_dcmpun
 .text          0x00021408       0x50 c:/ti/ccs1220/ccs/tools/compiler/gcc-arm-none-eabi-9-2019-q4-major/bin/../lib/gcc/arm-none-eabi/9.2.1/thumb/v7e-m/nofp\libgcc.a(_arm_fixdfsi.o)
                0x00021408                __aeabi_d2iz
                0x00021408                __fixdfsi
 .text          0x00021458       0xa0 c:/ti/ccs1220/ccs/tools/compiler/gcc-arm-none-eabi-9-2019-q4-major/bin/../lib/gcc/arm-none-eabi/9.2.1/thumb/v7e-m/nofp\libgcc.a(_arm_truncdfsf2.o)
                0x00021458                __truncdfsf2
                0x00021458                __aeabi_d2f
 .text          0x000214f8       0x30 c:/ti/ccs1220/ccs/tools/compiler/gcc-arm-none-eabi-9-2019-q4-major/bin/../lib/gcc/arm-none-eabi/9.2.1/thumb/v7e-m/nofp\libgcc.a(_aeabi_uldivmod.o)
                0x000214f8                __aeabi_uldivmod
 .text          0x00021528      0x2c0 c:/ti/ccs1220/ccs/tools/compiler/gcc-arm-none-eabi-9-2019-q4-major/bin/../lib/gcc/arm-none-eabi/9.2.1/thumb/v7e-m/nofp\libgcc.a(_udivmoddi4.o)
                0x00021528                __udivmoddi4
 .text          0x000217e8        0x4 c:/ti/ccs1220/ccs/tools/compiler/gcc-arm-none-eabi-9-2019-q4-major/bin/../lib/gcc/arm-none-eabi/9.2.1/thumb/v7e-m/nofp\libgcc.a(_dvmd_tls.o)
                0x000217e8                __aeabi_idiv0
                0x000217e8                __aeabi_ldiv0
 .text          0x000217ec        0x0 c:/ti/ccs1220/ccs/tools/compiler/gcc-arm-none-eabi-9-2019-q4-major/bin/../lib/gcc/arm-none-eabi/9.2.1/../../../../arm-none-eabi/lib/thumb/v7e-m/nofp\libc.a(lib_a-errno.o)
 .text          0x000217ec        0x0 c:/ti/ccs1220/ccs/tools/compiler/gcc-arm-none-eabi-9-2019-q4-major/bin/../lib/gcc/arm-none-eabi/9.2.1/../../../../arm-none-eabi/lib/thumb/v7e-m/nofp\libnosys.a(close.o)
 .text          0x000217ec        0x0 c:/ti/ccs1220/ccs/tools/compiler/gcc-arm-none-eabi-9-2019-q4-major/bin/../lib/gcc/arm-none-eabi/9.2.1/../../../../arm-none-eabi/lib/thumb/v7e-m/nofp\libnosys.a(fstat.o)
 .text          0x000217ec        0x0 c:/ti/ccs1220/ccs/tools/compiler/gcc-arm-none-eabi-9-2019-q4-major/bin/../lib/gcc/arm-none-eabi/9.2.1/../../../../arm-none-eabi/lib/thumb/v7e-m/nofp\libnosys.a(isatty.o)
 .text          0x000217ec        0x0 c:/ti/ccs1220/ccs/tools/compiler/gcc-arm-none-eabi-9-2019-q4-major/bin/../lib/gcc/arm-none-eabi/9.2.1/../../../../arm-none-eabi/lib/thumb/v7e-m/nofp\libnosys.a(lseek.o)
 .text          0x000217ec        0x0 c:/ti/ccs1220/ccs/tools/compiler/gcc-arm-none-eabi-9-2019-q4-major/bin/../lib/gcc/arm-none-eabi/9.2.1/../../../../arm-none-eabi/lib/thumb/v7e-m/nofp\libnosys.a(read.o)
 .text          0x000217ec        0x0 c:/ti/ccs1220/ccs/tools/compiler/gcc-arm-none-eabi-9-2019-q4-major/bin/../lib/gcc/arm-none-eabi/9.2.1/../../../../arm-none-eabi/lib/thumb/v7e-m/nofp\libnosys.a(sbrk.o)
 .text          0x000217ec        0x0 c:/ti/ccs1220/ccs/tools/compiler/gcc-arm-none-eabi-9-2019-q4-major/bin/../lib/gcc/arm-none-eabi/9.2.1/../../../../arm-none-eabi/lib/thumb/v7e-m/nofp\libnosys.a(write.o)
 .text          0x000217ec        0x0 c:/ti/ccs1220/ccs/tools/compiler/gcc-arm-none-eabi-9-2019-q4-major/bin/../lib/gcc/arm-none-eabi/9.2.1/../../../../arm-none-eabi/lib/thumb/v7e-m/nofp\libnosys.a(_exit.o)
 .text          0x000217ec        0x0 c:/ti/ccs1220/ccs/tools/compiler/gcc-arm-none-eabi-9-2019-q4-major/bin/../lib/gcc/arm-none-eabi/9.2.1/thumb/v7e-m/nofp/crtend.o
 .text          0x000217ec        0x0 c:/ti/ccs1220/ccs/tools/compiler/gcc-arm-none-eabi-9-2019-q4-major/bin/../lib/gcc/arm-none-eabi/9.2.1/thumb/v7e-m/nofp/crtn.o
 *(.text*)
 .text.main     0x000217ec       0xbc ./Source/App/Main/main.o
                0x000217ec                main
 .text.NVIC_SystemReset
                0x000218a8       0x30 ./Source/BSP/bsp.o
 .text.assert_failed
                0x000218d8        0x6 ./Source/BSP/bsp.o
                0x000218d8                assert_failed
 *fill*         0x000218de        0x2 
 .text.systick_init
                0x000218e0       0x28 ./Source/BSP/bsp.o
                0x000218e0                systick_init
 .text.BSP_init
                0x00021908        0xc ./Source/BSP/bsp.o
                0x00021908                BSP_init
 .text.fpu_init
                0x00021914       0x24 ./Source/BSP/bsp.o
                0x00021914                fpu_init
 .text.SystemInit
                0x00021938        0xc ./Source/BSP/bsp.o
                0x00021938                SystemInit
 .text.Reset_Handler
                0x00021944       0x78 ./Source/BSP/startup_tm4c_gnu.o
                0x00021944                Reset_Handler
 .text.NMI_Handler
                0x000219bc       0x18 ./Source/BSP/startup_tm4c_gnu.o
                0x000219bc                NMI_Handler
 .text.MemManage_Handler
                0x000219d4       0x1c ./Source/BSP/startup_tm4c_gnu.o
                0x000219d4                MemManage_Handler
 .text.HardFault_Handler
                0x000219f0       0x1c ./Source/BSP/startup_tm4c_gnu.o
                0x000219f0                HardFault_Handler
 .text.BusFault_Handler
                0x00021a0c       0x1c ./Source/BSP/startup_tm4c_gnu.o
                0x00021a0c                BusFault_Handler
 .text.UsageFault_Handler
                0x00021a28       0x20 ./Source/BSP/startup_tm4c_gnu.o
                0x00021a28                UsageFault_Handler
 .text.Default_Handler
                0x00021a48       0x1c ./Source/BSP/startup_tm4c_gnu.o
                0x00021a48                uDMAST_IRQHandler
                0x00021a48                GPIOPortP4_IRQHandler
                0x00021a48                PWM1Gen3_IRQHandler
                0x00021a48                WideTimer5B_IRQHandler
                0x00021a48                DebugMon_Handler
                0x00021a48                QEI2_IRQHandler
                0x00021a48                FlashCtrl_IRQHandler
                0x00021a48                GPIOPortP7_IRQHandler
                0x00021a48                Timer0B_IRQHandler
                0x00021a48                I2C0_IRQHandler
                0x00021a48                WideTimer4B_IRQHandler
                0x00021a48                I2C1_IRQHandler
                0x00021a48                GPIOPortP5_IRQHandler
                0x00021a48                PWMGen0_IRQHandler
                0x00021a48                UART1_IRQHandler
                0x00021a48                CAN1_IRQHandler
                0x00021a48                Timer1B_IRQHandler
                0x00021a48                Watchdog_IRQHandler
                0x00021a48                GPIOPortS_IRQHandler
                0x00021a48                GPIOPortQ7_IRQHandler
                0x00021a48                PWM1Gen2_IRQHandler
                0x00021a48                GPIOPortL_IRQHandler
                0x00021a48                SSI0_IRQHandler
                0x00021a48                GPIOPortM_IRQHandler
                0x00021a48                FPU_IRQHandler
                0x00021a48                ADCSeq1_IRQHandler
                0x00021a48                GPIOPortP0_IRQHandler
                0x00021a48                WideTimer0B_IRQHandler
                0x00021a48                PWMFault_IRQHandler
                0x00021a48                WideTimer1A_IRQHandler
                0x00021a48                I2C5_IRQHandler
                0x00021a48                I2C4_IRQHandler
                0x00021a48                GPIOPortQ5_IRQHandler
                0x00021a48                PWMGen1_IRQHandler
                0x00021a48                SSI1_IRQHandler
                0x00021a48                I2C2_IRQHandler
                0x00021a48                UART5_IRQHandler
                0x00021a48                GPIOPortC_IRQHandler
                0x00021a48                GPIOPortK_IRQHandler
                0x00021a48                ADCSeq2_IRQHandler
                0x00021a48                PWMGen2_IRQHandler
                0x00021a48                UART2_IRQHandler
                0x00021a48                GPIOPortP3_IRQHandler
                0x00021a48                ADC1Seq0_IRQHandler
                0x00021a48                UART4_IRQHandler
                0x00021a48                GPIOPortJ_IRQHandler
                0x00021a48                Default_Handler
                0x00021a48                WideTimer0A_IRQHandler
                0x00021a48                Timer5A_IRQHandler
                0x00021a48                WideTimer3B_IRQHandler
                0x00021a48                WideTimer2B_IRQHandler
                0x00021a48                WideTimer5A_IRQHandler
                0x00021a48                Timer4A_IRQHandler
                0x00021a48                QEI1_IRQHandler
                0x00021a48                PWM1Fault_IRQHandler
                0x00021a48                GPIOPortP6_IRQHandler
                0x00021a48                QEI0_IRQHandler
                0x00021a48                ADC1Seq2_IRQHandler
                0x00021a48                ADC1Seq1_IRQHandler
                0x00021a48                PWMGen3_IRQHandler
                0x00021a48                GPIOPortD_IRQHandler
                0x00021a48                USB0_IRQHandler
                0x00021a48                I2C3_IRQHandler
                0x00021a48                GPIOPortP2_IRQHandler
                0x00021a48                GPIOPortQ4_IRQHandler
                0x00021a48                Timer3B_IRQHandler
                0x00021a48                Timer3A_IRQHandler
                0x00021a48                GPIOPortA_IRQHandler
                0x00021a48                ADC1Seq3_IRQHandler
                0x00021a48                Timer0A_IRQHandler
                0x00021a48                GPIOPortP1_IRQHandler
                0x00021a48                ADCSeq0_IRQHandler
                0x00021a48                Timer1A_IRQHandler
                0x00021a48                GPIOPortG_IRQHandler
                0x00021a48                GPIOPortQ3_IRQHandler
                0x00021a48                GPIOPortQ1_IRQHandler
                0x00021a48                Timer5B_IRQHandler
                0x00021a48                ADCSeq3_IRQHandler
                0x00021a48                WideTimer4A_IRQHandler
                0x00021a48                GPIOPortE_IRQHandler
                0x00021a48                CAN0_IRQHandler
                0x00021a48                GPIOPortQ0_IRQHandler
                0x00021a48                Comp0_IRQHandler
                0x00021a48                Comp1_IRQHandler
                0x00021a48                Comp2_IRQHandler
                0x00021a48                GPIOPortQ6_IRQHandler
                0x00021a48                SSI2_IRQHandler
                0x00021a48                PWM1Gen0_IRQHandler
                0x00021a48                GPIOPortF_IRQHandler
                0x00021a48                UART7_IRQHandler
                0x00021a48                UART6_IRQHandler
                0x00021a48                WideTimer2A_IRQHandler
                0x00021a48                GPIOPortB_IRQHandler
                0x00021a48                WideTimer3A_IRQHandler
                0x00021a48                CAN2_IRQHandler
                0x00021a48                WideTimer1B_IRQHandler
                0x00021a48                GPIOPortH_IRQHandler
                0x00021a48                GPIOPortQ2_IRQHandler
                0x00021a48                GPIOPortR_IRQHandler
                0x00021a48                Timer4B_IRQHandler
                0x00021a48                Timer2A_IRQHandler
                0x00021a48                SSI3_IRQHandler
                0x00021a48                Timer2B_IRQHandler
                0x00021a48                uDMAError_IRQHandler
                0x00021a48                GPIOPortN_IRQHandler
                0x00021a48                UART3_IRQHandler
                0x00021a48                SysCtrl_IRQHandler
                0x00021a48                Hibernate_IRQHandler
                0x00021a48                PWM1Gen1_IRQHandler
 .text.ADC_Init
                0x00021a64       0x40 ./Source/Driver/ADC/ADC_Driver.o
                0x00021a64                ADC_Init
 .text.ADC_port_Init
                0x00021aa4       0x9c ./Source/Driver/ADC/ADC_Driver.o
 .text.ADC_SS_Init
                0x00021b40       0x4c ./Source/Driver/ADC/ADC_Driver.o
                0x00021b40                ADC_SS_Init
 .text.analogRead
                0x00021b8c      0x180 ./Source/Driver/ADC/ADC_Driver.o
                0x00021b8c                analogRead
 .text.CAN0_Driver
                0x00021d0c       0xc0 ./Source/Driver/CAN/CAN_Driver.o
                0x00021d0c                CAN0_Driver
 .text.CAN0_Init
                0x00021dcc       0xf8 ./Source/Driver/CAN/CAN_Driver.o
                0x00021dcc                CAN0_Init
 .text.CAN0_Transmit_Obj
                0x00021ec4       0xd4 ./Source/Driver/CAN/CAN_Driver.o
 .text.CAN0_Transmit_Data
                0x00021f98       0xc8 ./Source/Driver/CAN/CAN_Driver.o
 .text.GPIO_Init
                0x00022060       0x64 ./Source/Driver/GPIO/GPIOdriver.o
                0x00022060                GPIO_Init
 .text.DigitalWrite
                0x000220c4      0x16c ./Source/Driver/GPIO/GPIOdriver.o
                0x000220c4                DigitalWrite
 .text.DigitalRead
                0x00022230      0x1ac ./Source/Driver/GPIO/GPIOdriver.o
                0x00022230                DigitalRead
 .text.I2C_Init
                0x000223dc      0x2c0 ./Source/Driver/I2C/I2C.o
                0x000223dc                I2C_Init
 .text.Check_I2C_BUS_busy
                0x0002269c        0xe ./Source/Driver/I2C/I2C.o
 *fill*         0x000226aa        0x2 
 .text.Check_I2C_busy
                0x000226ac       0x38 ./Source/Driver/I2C/I2C.o
 .text.Check_I2C_error
                0x000226e4       0x88 ./Source/Driver/I2C/I2C.o
 .text.I2C_Write
                0x0002276c       0x34 ./Source/Driver/I2C/I2C.o
                0x0002276c                I2C_Write
 .text.I2C_Write_Memory
                0x000227a0       0x40 ./Source/Driver/I2C/I2C.o
                0x000227a0                I2C_Write_Memory
 .text.I2C_Write_Memory_Multiple
                0x000227e0       0x68 ./Source/Driver/I2C/I2C.o
                0x000227e0                I2C_Write_Memory_Multiple
 .text.I2C_Begin
                0x00022848       0x44 ./Source/Driver/I2C/I2C.o
 .text.I2C_Transmit
                0x0002288c       0xc0 ./Source/Driver/I2C/I2C.o
 .text.I2C_Transmit_start_byte
                0x0002294c       0x88 ./Source/Driver/I2C/I2C.o
 .text.I2C_Transmit_byte
                0x000229d4       0x80 ./Source/Driver/I2C/I2C.o
 .text.I2C_Transmit_end_byte
                0x00022a54       0x50 ./Source/Driver/I2C/I2C.o
 .text.I2C_End  0x00022aa4       0x2c ./Source/Driver/I2C/I2C.o
 .text.I2C_Read
                0x00022ad0       0x40 ./Source/Driver/I2C/I2C.o
                0x00022ad0                I2C_Read
 .text.I2C_Read_Multiple
                0x00022b10      0x198 ./Source/Driver/I2C/I2C.o
                0x00022b10                I2C_Read_Multiple
 .text.I2C_Read_Memory
                0x00022ca8       0x48 ./Source/Driver/I2C/I2C.o
                0x00022ca8                I2C_Read_Memory
 .text.I2C_Read_Memory_Multiple
                0x00022cf0       0x48 ./Source/Driver/I2C/I2C.o
                0x00022cf0                I2C_Read_Memory_Multiple
 .text.LCD_Setup
                0x00022d38       0x68 ./Source/Driver/LCD/LCD.o
                0x00022d38                LCD_Setup
 .text.LCD_Init
                0x00022da0       0x7a ./Source/Driver/LCD/LCD.o
                0x00022da0                LCD_Init
 .text.LCD_SetCursor
                0x00022e1a       0x96 ./Source/Driver/LCD/LCD.o
                0x00022e1a                LCD_SetCursor
 .text.LCD_Clear
                0x00022eb0        0xe ./Source/Driver/LCD/LCD.o
                0x00022eb0                LCD_Clear
 .text.LCD_Write
                0x00022ebe       0x3c ./Source/Driver/LCD/LCD.o
                0x00022ebe                LCD_Write
 *fill*         0x00022efa        0x2 
 .text.Data_Write
                0x00022efc       0x34 ./Source/Driver/LCD/LCD.o
 .text.Cmd_Write
                0x00022f30       0x34 ./Source/Driver/LCD/LCD.o
 .text.upper_nibble
                0x00022f64       0xac ./Source/Driver/LCD/LCD.o
 .text.lower_nibble
                0x00023010       0xac ./Source/Driver/LCD/LCD.o
 .text.toggle_enable_signal
                0x000230bc       0x30 ./Source/Driver/LCD/LCD.o
 .text.delay    0x000230ec       0x4a ./Source/Driver/LCD/LCD.o
 .text.LCD_nextline
                0x00023136        0xe ./Source/Driver/LCD/LCD.o
                0x00023136                LCD_nextline
 .text.SSI_2_Init
                0x00023144       0xd4 ./Source/Driver/SPI/SPI.o
                0x00023144                SSI_2_Init
 .text.SPI_Write
                0x00023218       0x58 ./Source/Driver/SPI/SPI.o
                0x00023218                SPI_Write
 .text.SPI_Read_Write
                0x00023270       0x58 ./Source/Driver/SPI/SPI.o
                0x00023270                SPI_Read_Write
 .text.Enable_Chip_Select
                0x000232c8       0x10 ./Source/Driver/SPI/SPI.o
                0x000232c8                Enable_Chip_Select
 .text.Disable_Chip_Select
                0x000232d8       0x10 ./Source/Driver/SPI/SPI.o
                0x000232d8                Disable_Chip_Select
 .text.Timer_Init
                0x000232e8       0x6c ./Source/Driver/Timer/Timer.o
                0x000232e8                Timer_Init
 .text.Start_Timer_0
                0x00023354       0x20 ./Source/Driver/Timer/Timer.o
 .text.Stop_Timer_0
                0x00023374       0x20 ./Source/Driver/Timer/Timer.o
                0x00023374                Stop_Timer_0
 .text.Refresh_Timer_0
                0x00023394       0x2c ./Source/Driver/Timer/Timer.o
                0x00023394                Refresh_Timer_0
 .text.Timer_scheduler
                0x000233c0      0x194 ./Source/Driver/Timer/Timer.o
                0x000233c0                Timer_scheduler
 .text.Clear_Timer_Flag
                0x00023554       0x64 ./Source/Driver/Timer/Timer.o
 .text.init_Timer_Counter
                0x000235b8       0x88 ./Source/Driver/Timer/timercnter.o
                0x000235b8                init_Timer_Counter
 .text.Start_Timer_counter
                0x00023640       0x28 ./Source/Driver/Timer/timercnter.o
                0x00023640                Start_Timer_counter
 .text.Stop_Timer_counter
                0x00023668       0x20 ./Source/Driver/Timer/timercnter.o
                0x00023668                Stop_Timer_counter
 .text.Refresh_Timer_counter
                0x00023688       0x2c ./Source/Driver/Timer/timercnter.o
                0x00023688                Refresh_Timer_counter
 .text.millis   0x000236b4       0x30 ./Source/Driver/Timer/timercnter.o
                0x000236b4                millis
 .text.micros   0x000236e4       0x80 ./Source/Driver/Timer/timercnter.o
                0x000236e4                micros
 .text.Delay_us
                0x00023764       0x42 ./Source/Driver/Timer/timercnter.o
                0x00023764                Delay_us
 .text.Delay_ms
                0x000237a6       0x52 ./Source/Driver/Timer/timercnter.o
                0x000237a6                Delay_ms
 .text.NVIC_EnableIRQ
                0x000237f8       0x34 ./Source/Driver/UART/UART.o
 .text.NVIC_SetPriority
                0x0002382c       0x54 ./Source/Driver/UART/UART.o
 .text.UART_init
                0x00023880      0x30c ./Source/Driver/UART/UART.o
                0x00023880                UART_init
 .text.uart_rx_irq_enable
                0x00023b8c       0xf4 ./Source/Driver/UART/UART.o
                0x00023b8c                uart_rx_irq_enable
 .text.UART0_IRQHandler
                0x00023c80       0x40 ./Source/Driver/UART/UART.o
                0x00023c80                UART0_IRQHandler
 .text.UART0_IRQHandler_temp
                0x00023cc0       0x16 ./Source/Driver/UART/UART.o
                0x00023cc0                UART0_IRQHandler_User
                0x00023cc0                UART0_IRQHandler_temp
 *fill*         0x00023cd6        0x2 
 .text.UART_print_int
                0x00023cd8       0x48 ./Source/Driver/UART/UART.o
                0x00023cd8                UART_print_int
 .text.UART_print_float
                0x00023d20       0x50 ./Source/Driver/UART/UART.o
                0x00023d20                UART_print_float
 .text.UART_print_ch
                0x00023d70       0x2a ./Source/Driver/UART/UART.o
                0x00023d70                UART_print_ch
 .text.UART_print
                0x00023d9a       0x32 ./Source/Driver/UART/UART.o
                0x00023d9a                UART_print
 .text.UART_println
                0x00023dcc       0x44 ./Source/Driver/UART/UART.o
                0x00023dcc                UART_println
 .text.UART_Transmit
                0x00023e10       0x50 ./Source/Driver/UART/UART.o
                0x00023e10                UART_Transmit
 .text.Delay    0x00023e60       0x2e ./Source/Driver/UART/UART.o
                0x00023e60                Delay
 *fill*         0x00023e8e        0x2 
 .text.UART_Receive
                0x00023e90       0x48 ./Source/Driver/UART/UART.o
                0x00023e90                UART_Receive
 .text.UART_RxReady
                0x00023ed8       0x40 ./Source/Driver/UART/UART.o
                0x00023ed8                UART_RxReady
 .text.xEventGroupCreate
                0x00023f18       0x2e ./Source/FreeRtos/event_groups.o
                0x00023f18                xEventGroupCreate
 *fill*         0x00023f46        0x2 
 .text.xEventGroupSync
                0x00023f48      0x15c ./Source/FreeRtos/event_groups.o
                0x00023f48                xEventGroupSync
 .text.xEventGroupWaitBits
                0x000240a4      0x19c ./Source/FreeRtos/event_groups.o
                0x000240a4                xEventGroupWaitBits
 .text.xEventGroupClearBits
                0x00024240       0x70 ./Source/FreeRtos/event_groups.o
                0x00024240                xEventGroupClearBits
 .text.xEventGroupGetBitsFromISR
                0x000242b0       0x48 ./Source/FreeRtos/event_groups.o
                0x000242b0                xEventGroupGetBitsFromISR
 .text.xEventGroupSetBits
                0x000242f8      0x116 ./Source/FreeRtos/event_groups.o
                0x000242f8                xEventGroupSetBits
 .text.vEventGroupDelete
                0x0002440e       0x7e ./Source/FreeRtos/event_groups.o
                0x0002440e                vEventGroupDelete
 .text.vEventGroupSetBitsCallback
                0x0002448c       0x1a ./Source/FreeRtos/event_groups.o
                0x0002448c                vEventGroupSetBitsCallback
 .text.vEventGroupClearBitsCallback
                0x000244a6       0x1a ./Source/FreeRtos/event_groups.o
                0x000244a6                vEventGroupClearBitsCallback
 .text.prvTestWaitCondition
                0x000244c0       0x44 ./Source/FreeRtos/event_groups.o
 .text.uxEventGroupGetNumber
                0x00024504       0x2c ./Source/FreeRtos/event_groups.o
                0x00024504                uxEventGroupGetNumber
 .text.vEventGroupSetNumber
                0x00024530       0x1c ./Source/FreeRtos/event_groups.o
                0x00024530                vEventGroupSetNumber
 .text.vListInitialise
                0x0002454c       0x40 ./Source/FreeRtos/list.o
                0x0002454c                vListInitialise
 .text.vListInitialiseItem
                0x0002458c       0x1a ./Source/FreeRtos/list.o
                0x0002458c                vListInitialiseItem
 .text.vListInsertEnd
                0x000245a6       0x48 ./Source/FreeRtos/list.o
                0x000245a6                vListInsertEnd
 .text.vListInsert
                0x000245ee       0x72 ./Source/FreeRtos/list.o
                0x000245ee                vListInsert
 .text.uxListRemove
                0x00024660       0x54 ./Source/FreeRtos/list.o
                0x00024660                uxListRemove
 .text.xQueueGenericReset
                0x000246b4      0x120 ./Source/FreeRtos/queue.o
                0x000246b4                xQueueGenericReset
 .text.xQueueGenericCreate
                0x000247d4       0x9c ./Source/FreeRtos/queue.o
                0x000247d4                xQueueGenericCreate
 .text.prvInitialiseNewQueue
                0x00024870       0x46 ./Source/FreeRtos/queue.o
 .text.prvInitialiseMutex
                0x000248b6       0x34 ./Source/FreeRtos/queue.o
 .text.xQueueCreateMutex
                0x000248ea       0x30 ./Source/FreeRtos/queue.o
                0x000248ea                xQueueCreateMutex
 .text.xQueueGiveMutexRecursive
                0x0002491a       0x68 ./Source/FreeRtos/queue.o
                0x0002491a                xQueueGiveMutexRecursive
 .text.xQueueTakeMutexRecursive
                0x00024982       0x6c ./Source/FreeRtos/queue.o
                0x00024982                xQueueTakeMutexRecursive
 .text.xQueueCreateCountingSemaphore
                0x000249ee       0x5c ./Source/FreeRtos/queue.o
                0x000249ee                xQueueCreateCountingSemaphore
 *fill*         0x00024a4a        0x2 
 .text.xQueueGenericSend
                0x00024a4c      0x1fc ./Source/FreeRtos/queue.o
                0x00024a4c                xQueueGenericSend
 .text.xQueueGenericSendFromISR
                0x00024c48      0x164 ./Source/FreeRtos/queue.o
                0x00024c48                xQueueGenericSendFromISR
 .text.xQueueGiveFromISR
                0x00024dac      0x148 ./Source/FreeRtos/queue.o
                0x00024dac                xQueueGiveFromISR
 .text.xQueueReceive
                0x00024ef4      0x1c0 ./Source/FreeRtos/queue.o
                0x00024ef4                xQueueReceive
 .text.xQueueSemaphoreTake
                0x000250b4      0x1fc ./Source/FreeRtos/queue.o
                0x000250b4                xQueueSemaphoreTake
 .text.xQueuePeek
                0x000252b0      0x1c4 ./Source/FreeRtos/queue.o
                0x000252b0                xQueuePeek
 .text.xQueueReceiveFromISR
                0x00025474      0x12e ./Source/FreeRtos/queue.o
                0x00025474                xQueueReceiveFromISR
 .text.xQueuePeekFromISR
                0x000255a2       0xd2 ./Source/FreeRtos/queue.o
                0x000255a2                xQueuePeekFromISR
 .text.uxQueueMessagesWaiting
                0x00025674       0x3c ./Source/FreeRtos/queue.o
                0x00025674                uxQueueMessagesWaiting
 .text.uxQueueSpacesAvailable
                0x000256b0       0x46 ./Source/FreeRtos/queue.o
                0x000256b0                uxQueueSpacesAvailable
 .text.uxQueueMessagesWaitingFromISR
                0x000256f6       0x3c ./Source/FreeRtos/queue.o
                0x000256f6                uxQueueMessagesWaitingFromISR
 .text.vQueueDelete
                0x00025732       0x3c ./Source/FreeRtos/queue.o
                0x00025732                vQueueDelete
 .text.uxQueueGetQueueNumber
                0x0002576e       0x18 ./Source/FreeRtos/queue.o
                0x0002576e                uxQueueGetQueueNumber
 .text.vQueueSetQueueNumber
                0x00025786       0x1c ./Source/FreeRtos/queue.o
                0x00025786                vQueueSetQueueNumber
 .text.ucQueueGetQueueType
                0x000257a2       0x1a ./Source/FreeRtos/queue.o
                0x000257a2                ucQueueGetQueueType
 .text.prvGetDisinheritPriorityAfterTimeout
                0x000257bc       0x30 ./Source/FreeRtos/queue.o
 .text.prvCopyDataToQueue
                0x000257ec       0xd4 ./Source/FreeRtos/queue.o
 .text.prvCopyDataFromQueue
                0x000258c0       0x4c ./Source/FreeRtos/queue.o
 .text.prvUnlockQueue
                0x0002590c       0xa4 ./Source/FreeRtos/queue.o
 .text.prvIsQueueEmpty
                0x000259b0       0x2c ./Source/FreeRtos/queue.o
 .text.xQueueIsQueueEmptyFromISR
                0x000259dc       0x48 ./Source/FreeRtos/queue.o
                0x000259dc                xQueueIsQueueEmptyFromISR
 .text.prvIsQueueFull
                0x00025a24       0x30 ./Source/FreeRtos/queue.o
 .text.xQueueIsQueueFullFromISR
                0x00025a54       0x4c ./Source/FreeRtos/queue.o
                0x00025a54                xQueueIsQueueFullFromISR
 .text.vQueueAddToRegistry
                0x00025aa0       0x9c ./Source/FreeRtos/queue.o
                0x00025aa0                vQueueAddToRegistry
 .text.pcQueueGetName
                0x00025b3c       0x68 ./Source/FreeRtos/queue.o
                0x00025b3c                pcQueueGetName
 .text.vQueueUnregisterQueue
                0x00025ba4       0x70 ./Source/FreeRtos/queue.o
                0x00025ba4                vQueueUnregisterQueue
 .text.vQueueWaitForMessageRestricted
                0x00025c14       0x68 ./Source/FreeRtos/queue.o
                0x00025c14                vQueueWaitForMessageRestricted
 .text.xStreamBufferGenericCreate
                0x00025c7c       0xce ./Source/FreeRtos/stream_buffer.o
                0x00025c7c                xStreamBufferGenericCreate
 .text.vStreamBufferDelete
                0x00025d4a       0x4e ./Source/FreeRtos/stream_buffer.o
                0x00025d4a                vStreamBufferDelete
 .text.xStreamBufferReset
                0x00025d98       0x8a ./Source/FreeRtos/stream_buffer.o
                0x00025d98                xStreamBufferReset
 .text.xStreamBufferSetTriggerLevel
                0x00025e22       0x5c ./Source/FreeRtos/stream_buffer.o
                0x00025e22                xStreamBufferSetTriggerLevel
 .text.xStreamBufferSpacesAvailable
                0x00025e7e       0x76 ./Source/FreeRtos/stream_buffer.o
                0x00025e7e                xStreamBufferSpacesAvailable
 .text.xStreamBufferBytesAvailable
                0x00025ef4       0x3a ./Source/FreeRtos/stream_buffer.o
                0x00025ef4                xStreamBufferBytesAvailable
 .text.xStreamBufferSend
                0x00025f2e      0x19a ./Source/FreeRtos/stream_buffer.o
                0x00025f2e                xStreamBufferSend
 .text.xStreamBufferSendFromISR
                0x000260c8       0xe6 ./Source/FreeRtos/stream_buffer.o
                0x000260c8                xStreamBufferSendFromISR
 .text.prvWriteMessageToBuffer
                0x000261ae       0x90 ./Source/FreeRtos/stream_buffer.o
 .text.xStreamBufferReceive
                0x0002623e      0x130 ./Source/FreeRtos/stream_buffer.o
                0x0002623e                xStreamBufferReceive
 .text.xStreamBufferNextMessageLengthBytes
                0x0002636e       0x88 ./Source/FreeRtos/stream_buffer.o
                0x0002636e                xStreamBufferNextMessageLengthBytes
 .text.xStreamBufferReceiveFromISR
                0x000263f6       0xde ./Source/FreeRtos/stream_buffer.o
                0x000263f6                xStreamBufferReceiveFromISR
 .text.prvReadMessageFromBuffer
                0x000264d4       0x7a ./Source/FreeRtos/stream_buffer.o
 .text.xStreamBufferIsEmpty
                0x0002654e       0x50 ./Source/FreeRtos/stream_buffer.o
                0x0002654e                xStreamBufferIsEmpty
 .text.xStreamBufferIsFull
                0x0002659e       0x60 ./Source/FreeRtos/stream_buffer.o
                0x0002659e                xStreamBufferIsFull
 .text.xStreamBufferSendCompletedFromISR
                0x000265fe       0x8a ./Source/FreeRtos/stream_buffer.o
                0x000265fe                xStreamBufferSendCompletedFromISR
 .text.xStreamBufferReceiveCompletedFromISR
                0x00026688       0x8a ./Source/FreeRtos/stream_buffer.o
                0x00026688                xStreamBufferReceiveCompletedFromISR
 .text.prvWriteBytesToBuffer
                0x00026712       0xda ./Source/FreeRtos/stream_buffer.o
 .text.prvReadBytesFromBuffer
                0x000267ec       0xd4 ./Source/FreeRtos/stream_buffer.o
 .text.prvBytesInBuffer
                0x000268c0       0x40 ./Source/FreeRtos/stream_buffer.o
 .text.prvInitialiseNewStreamBuffer
                0x00026900       0x66 ./Source/FreeRtos/stream_buffer.o
 .text.uxStreamBufferGetStreamBufferNumber
                0x00026966       0x18 ./Source/FreeRtos/stream_buffer.o
                0x00026966                uxStreamBufferGetStreamBufferNumber
 .text.vStreamBufferSetStreamBufferNumber
                0x0002697e       0x1c ./Source/FreeRtos/stream_buffer.o
                0x0002697e                vStreamBufferSetStreamBufferNumber
 .text.ucStreamBufferGetStreamBufferType
                0x0002699a       0x1e ./Source/FreeRtos/stream_buffer.o
                0x0002699a                ucStreamBufferGetStreamBufferType
 .text.xTaskCreate
                0x000269b8       0x8c ./Source/FreeRtos/tasks.o
                0x000269b8                xTaskCreate
 .text.prvInitialiseNewTask
                0x00026a44      0x11c ./Source/FreeRtos/tasks.o
 .text.prvAddNewTaskToReadyList
                0x00026b60      0x12c ./Source/FreeRtos/tasks.o
 .text.vTaskDelete
                0x00026c8c      0x128 ./Source/FreeRtos/tasks.o
                0x00026c8c                vTaskDelete
 .text.xTaskDelayUntil
                0x00026db4       0xfc ./Source/FreeRtos/tasks.o
                0x00026db4                xTaskDelayUntil
 .text.vTaskDelay
                0x00026eb0       0x68 ./Source/FreeRtos/tasks.o
                0x00026eb0                vTaskDelay
 .text.eTaskGetState
                0x00026f18       0xf4 ./Source/FreeRtos/tasks.o
                0x00026f18                eTaskGetState
 .text.uxTaskPriorityGet
                0x0002700c       0x34 ./Source/FreeRtos/tasks.o
                0x0002700c                uxTaskPriorityGet
 .text.uxTaskPriorityGetFromISR
                0x00027040       0x58 ./Source/FreeRtos/tasks.o
                0x00027040                uxTaskPriorityGetFromISR
 .text.vTaskPrioritySet
                0x00027098      0x1a4 ./Source/FreeRtos/tasks.o
                0x00027098                vTaskPrioritySet
 .text.vTaskSuspend
                0x0002723c      0x140 ./Source/FreeRtos/tasks.o
                0x0002723c                vTaskSuspend
 .text.prvTaskIsTaskSuspended
                0x0002737c       0x64 ./Source/FreeRtos/tasks.o
 .text.vTaskResume
                0x000273e0      0x10c ./Source/FreeRtos/tasks.o
                0x000273e0                vTaskResume
 .text.xTaskResumeFromISR
                0x000274ec      0x13c ./Source/FreeRtos/tasks.o
                0x000274ec                xTaskResumeFromISR
 .text.vTaskStartScheduler
                0x00027628       0xa4 ./Source/FreeRtos/tasks.o
                0x00027628                vTaskStartScheduler
 .text.vTaskEndScheduler
                0x000276cc       0x30 ./Source/FreeRtos/tasks.o
                0x000276cc                vTaskEndScheduler
 .text.vTaskSuspendAll
                0x000276fc       0x1c ./Source/FreeRtos/tasks.o
                0x000276fc                vTaskSuspendAll
 .text.xTaskResumeAll
                0x00027718      0x1f8 ./Source/FreeRtos/tasks.o
                0x00027718                xTaskResumeAll
 .text.xTaskGetTickCount
                0x00027910       0x20 ./Source/FreeRtos/tasks.o
                0x00027910                xTaskGetTickCount
 .text.xTaskGetTickCountFromISR
                0x00027930       0x24 ./Source/FreeRtos/tasks.o
                0x00027930                xTaskGetTickCountFromISR
 .text.uxTaskGetNumberOfTasks
                0x00027954       0x18 ./Source/FreeRtos/tasks.o
                0x00027954                uxTaskGetNumberOfTasks
 .text.pcTaskGetName
                0x0002796c       0x48 ./Source/FreeRtos/tasks.o
                0x0002796c                pcTaskGetName
 .text.uxTaskGetSystemState
                0x000279b4      0x11c ./Source/FreeRtos/tasks.o
                0x000279b4                uxTaskGetSystemState
 .text.xTaskCatchUpTicks
                0x00027ad0       0x58 ./Source/FreeRtos/tasks.o
                0x00027ad0                xTaskCatchUpTicks
 .text.xTaskIncrementTick
                0x00027b28      0x22c ./Source/FreeRtos/tasks.o
                0x00027b28                xTaskIncrementTick
 .text.vTaskSwitchContext
                0x00027d54      0x100 ./Source/FreeRtos/tasks.o
                0x00027d54                vTaskSwitchContext
 .text.vTaskPlaceOnEventList
                0x00027e54       0x48 ./Source/FreeRtos/tasks.o
                0x00027e54                vTaskPlaceOnEventList
 .text.vTaskPlaceOnUnorderedEventList
                0x00027e9c       0xac ./Source/FreeRtos/tasks.o
                0x00027e9c                vTaskPlaceOnUnorderedEventList
 .text.vTaskPlaceOnEventListRestricted
                0x00027f48       0x8c ./Source/FreeRtos/tasks.o
                0x00027f48                vTaskPlaceOnEventListRestricted
 .text.xTaskRemoveFromEventList
                0x00027fd4      0x1ac ./Source/FreeRtos/tasks.o
                0x00027fd4                xTaskRemoveFromEventList
 .text.vTaskRemoveFromUnorderedEventList
                0x00028180      0x180 ./Source/FreeRtos/tasks.o
                0x00028180                vTaskRemoveFromUnorderedEventList
 .text.vTaskSetTimeOutState
                0x00028300       0x4c ./Source/FreeRtos/tasks.o
                0x00028300                vTaskSetTimeOutState
 .text.vTaskInternalSetTimeOutState
                0x0002834c       0x2c ./Source/FreeRtos/tasks.o
                0x0002834c                vTaskInternalSetTimeOutState
 .text.xTaskCheckForTimeOut
                0x00028378       0xcc ./Source/FreeRtos/tasks.o
                0x00028378                xTaskCheckForTimeOut
 .text.vTaskMissedYield
                0x00028444       0x18 ./Source/FreeRtos/tasks.o
                0x00028444                vTaskMissedYield
 .text.uxTaskGetTaskNumber
                0x0002845c       0x2c ./Source/FreeRtos/tasks.o
                0x0002845c                uxTaskGetTaskNumber
 .text.vTaskSetTaskNumber
                0x00028488       0x26 ./Source/FreeRtos/tasks.o
                0x00028488                vTaskSetTaskNumber
 *fill*         0x000284ae        0x2 
 .text.prvIdleTask
                0x000284b0       0x30 ./Source/FreeRtos/tasks.o
 .text.prvInitialiseTaskLists
                0x000284e0       0x80 ./Source/FreeRtos/tasks.o
 .text.prvCheckTasksWaitingTermination
                0x00028560       0x5c ./Source/FreeRtos/tasks.o
 .text.vTaskGetInfo
                0x000285bc       0xcc ./Source/FreeRtos/tasks.o
                0x000285bc                vTaskGetInfo
 .text.prvListTasksWithinSingleList
                0x00028688       0xa4 ./Source/FreeRtos/tasks.o
 .text.prvTaskCheckFreeStackSpace
                0x0002872c       0x38 ./Source/FreeRtos/tasks.o
 .text.prvDeleteTCB
                0x00028764       0x20 ./Source/FreeRtos/tasks.o
 .text.prvResetNextTaskUnblockTime
                0x00028784       0x38 ./Source/FreeRtos/tasks.o
 .text.xTaskGetCurrentTaskHandle
                0x000287bc       0x20 ./Source/FreeRtos/tasks.o
                0x000287bc                xTaskGetCurrentTaskHandle
 .text.xTaskGetSchedulerState
                0x000287dc       0x3c ./Source/FreeRtos/tasks.o
                0x000287dc                xTaskGetSchedulerState
 .text.xTaskPriorityInherit
                0x00028818      0x13c ./Source/FreeRtos/tasks.o
                0x00028818                xTaskPriorityInherit
 .text.xTaskPriorityDisinherit
                0x00028954      0x148 ./Source/FreeRtos/tasks.o
                0x00028954                xTaskPriorityDisinherit
 .text.vTaskPriorityDisinheritAfterTimeout
                0x00028a9c      0x170 ./Source/FreeRtos/tasks.o
                0x00028a9c                vTaskPriorityDisinheritAfterTimeout
 .text.prvWriteNameToBuffer
                0x00028c0c       0x4a ./Source/FreeRtos/tasks.o
 *fill*         0x00028c56        0x2 
 .text.vTaskList
                0x00028c58      0x12c ./Source/FreeRtos/tasks.o
                0x00028c58                vTaskList
 .text.uxTaskResetEventItemValue
                0x00028d84       0x30 ./Source/FreeRtos/tasks.o
                0x00028d84                uxTaskResetEventItemValue
 .text.pvTaskIncrementMutexHeldCount
                0x00028db4       0x28 ./Source/FreeRtos/tasks.o
                0x00028db4                pvTaskIncrementMutexHeldCount
 .text.ulTaskGenericNotifyTake
                0x00028ddc       0xd0 ./Source/FreeRtos/tasks.o
                0x00028ddc                ulTaskGenericNotifyTake
 .text.xTaskGenericNotifyWait
                0x00028eac      0x100 ./Source/FreeRtos/tasks.o
                0x00028eac                xTaskGenericNotifyWait
 .text.xTaskGenericNotify
                0x00028fac      0x244 ./Source/FreeRtos/tasks.o
                0x00028fac                xTaskGenericNotify
 .text.xTaskGenericNotifyFromISR
                0x000291f0      0x2b8 ./Source/FreeRtos/tasks.o
                0x000291f0                xTaskGenericNotifyFromISR
 .text.vTaskGenericNotifyGiveFromISR
                0x000294a8      0x20c ./Source/FreeRtos/tasks.o
                0x000294a8                vTaskGenericNotifyGiveFromISR
 .text.xTaskGenericNotifyStateClear
                0x000296b4       0x74 ./Source/FreeRtos/tasks.o
                0x000296b4                xTaskGenericNotifyStateClear
 .text.ulTaskGenericNotifyValueClear
                0x00029728       0x5c ./Source/FreeRtos/tasks.o
                0x00029728                ulTaskGenericNotifyValueClear
 .text.prvAddCurrentTaskToDelayedList
                0x00029784      0x100 ./Source/FreeRtos/tasks.o
 .text.vApplicationMallocFailedHook
                0x00029884       0x28 ./Source/FreeRtos/tasks.o
                0x00029884                vApplicationMallocFailedHook
 .text.vApplicationStackOverflowHook
                0x000298ac       0x2c ./Source/FreeRtos/tasks.o
                0x000298ac                vApplicationStackOverflowHook
 .text.xTimerCreateTimerTask
                0x000298d8       0x64 ./Source/FreeRtos/timers.o
                0x000298d8                xTimerCreateTimerTask
 .text.xTimerCreate
                0x0002993c       0x42 ./Source/FreeRtos/timers.o
                0x0002993c                xTimerCreate
 .text.prvInitialiseNewTimer
                0x0002997e       0x70 ./Source/FreeRtos/timers.o
 *fill*         0x000299ee        0x2 
 .text.xTimerGenericCommand
                0x000299f0       0x9c ./Source/FreeRtos/timers.o
                0x000299f0                xTimerGenericCommand
 .text.xTimerGetTimerDaemonTaskHandle
                0x00029a8c       0x38 ./Source/FreeRtos/timers.o
                0x00029a8c                xTimerGetTimerDaemonTaskHandle
 .text.xTimerGetPeriod
                0x00029ac4       0x38 ./Source/FreeRtos/timers.o
                0x00029ac4                xTimerGetPeriod
 .text.vTimerSetReloadMode
                0x00029afc       0x66 ./Source/FreeRtos/timers.o
                0x00029afc                vTimerSetReloadMode
 .text.xTimerGetReloadMode
                0x00029b62       0x52 ./Source/FreeRtos/timers.o
                0x00029b62                xTimerGetReloadMode
 .text.uxTimerGetReloadMode
                0x00029bb4       0x18 ./Source/FreeRtos/timers.o
                0x00029bb4                uxTimerGetReloadMode
 .text.xTimerGetExpiryTime
                0x00029bcc       0x3c ./Source/FreeRtos/timers.o
                0x00029bcc                xTimerGetExpiryTime
 .text.pcTimerGetName
                0x00029c08       0x38 ./Source/FreeRtos/timers.o
                0x00029c08                pcTimerGetName
 .text.prvReloadTimer
                0x00029c40       0x42 ./Source/FreeRtos/timers.o
 *fill*         0x00029c82        0x2 
 .text.prvProcessExpiredTimer
                0x00029c84       0x60 ./Source/FreeRtos/timers.o
 .text.prvTimerTask
                0x00029ce4       0x24 ./Source/FreeRtos/timers.o
 .text.prvProcessTimerOrBlockTask
                0x00029d08       0x9c ./Source/FreeRtos/timers.o
 .text.prvGetNextExpireTime
                0x00029da4       0x48 ./Source/FreeRtos/timers.o
 .text.prvSampleTimeNow
                0x00029dec       0x40 ./Source/FreeRtos/timers.o
 .text.prvInsertTimerInActiveList
                0x00029e2c       0x84 ./Source/FreeRtos/timers.o
 .text.prvProcessReceivedCommands
                0x00029eb0      0x17c ./Source/FreeRtos/timers.o
 .text.prvSwitchTimerLists
                0x0002a02c       0x4c ./Source/FreeRtos/timers.o
 .text.prvCheckForValidListAndQueue
                0x0002a078       0x6c ./Source/FreeRtos/timers.o
 .text.xTimerIsTimerActive
                0x0002a0e4       0x52 ./Source/FreeRtos/timers.o
                0x0002a0e4                xTimerIsTimerActive
 .text.pvTimerGetTimerID
                0x0002a136       0x40 ./Source/FreeRtos/timers.o
                0x0002a136                pvTimerGetTimerID
 .text.vTimerSetTimerID
                0x0002a176       0x40 ./Source/FreeRtos/timers.o
                0x0002a176                vTimerSetTimerID
 .text.uxTimerGetTimerNumber
                0x0002a1b6       0x18 ./Source/FreeRtos/timers.o
                0x0002a1b6                uxTimerGetTimerNumber
 .text.vTimerSetTimerNumber
                0x0002a1ce       0x1c ./Source/FreeRtos/timers.o
                0x0002a1ce                vTimerSetTimerNumber
 *fill*         0x0002a1ea        0x2 
 .text.pxPortInitialiseStack
                0x0002a1ec       0x68 ./Source/FreeRtos/portable/GCC/ARM_CM4F/port.o
                0x0002a1ec                pxPortInitialiseStack
 .text.prvTaskExitError
                0x0002a254       0x58 ./Source/FreeRtos/portable/GCC/ARM_CM4F/port.o
 *fill*         0x0002a2ac        0x4 
 .text.SVC_Handler
                0x0002a2b0       0x28 ./Source/FreeRtos/portable/GCC/ARM_CM4F/port.o
                0x0002a2b0                SVC_Handler
 .text.prvPortStartFirstTask
                0x0002a2d8       0x2c ./Source/FreeRtos/portable/GCC/ARM_CM4F/port.o
 .text.xPortStartScheduler
                0x0002a304      0x140 ./Source/FreeRtos/portable/GCC/ARM_CM4F/port.o
                0x0002a304                xPortStartScheduler
 .text.vPortEndScheduler
                0x0002a444       0x38 ./Source/FreeRtos/portable/GCC/ARM_CM4F/port.o
                0x0002a444                vPortEndScheduler
 .text.vPortEnterCritical
                0x0002a47c       0x60 ./Source/FreeRtos/portable/GCC/ARM_CM4F/port.o
                0x0002a47c                vPortEnterCritical
 .text.vPortExitCritical
                0x0002a4dc       0x54 ./Source/FreeRtos/portable/GCC/ARM_CM4F/port.o
                0x0002a4dc                vPortExitCritical
 .text.PendSV_Handler
                0x0002a530       0x68 ./Source/FreeRtos/portable/GCC/ARM_CM4F/port.o
                0x0002a530                PendSV_Handler
 .text.SysTick_Handler
                0x0002a598       0x44 ./Source/FreeRtos/portable/GCC/ARM_CM4F/port.o
                0x0002a598                SysTick_Handler
 .text.vPortSetupTimerInterrupt
                0x0002a5dc       0x48 ./Source/FreeRtos/portable/GCC/ARM_CM4F/port.o
                0x0002a5dc                vPortSetupTimerInterrupt
 .text.vPortEnableVFP
                0x0002a624       0x18 ./Source/FreeRtos/portable/GCC/ARM_CM4F/port.o
 .text.vPortValidateInterruptPriority
                0x0002a63c       0x80 ./Source/FreeRtos/portable/GCC/ARM_CM4F/port.o
                0x0002a63c                vPortValidateInterruptPriority
 .text.pvPortMalloc
                0x0002a6bc      0x17c ./Source/FreeRtos/portable/MemMang/heap_4.o
                0x0002a6bc                pvPortMalloc
 .text.vPortFree
                0x0002a838       0xb8 ./Source/FreeRtos/portable/MemMang/heap_4.o
                0x0002a838                vPortFree
 .text.xPortGetFreeHeapSize
                0x0002a8f0       0x18 ./Source/FreeRtos/portable/MemMang/heap_4.o
                0x0002a8f0                xPortGetFreeHeapSize
 .text.xPortGetMinimumEverFreeHeapSize
                0x0002a908       0x18 ./Source/FreeRtos/portable/MemMang/heap_4.o
                0x0002a908                xPortGetMinimumEverFreeHeapSize
 .text.vPortInitialiseBlocks
                0x0002a920        0xe ./Source/FreeRtos/portable/MemMang/heap_4.o
                0x0002a920                vPortInitialiseBlocks
 .text.pvPortCalloc
                0x0002a92e       0x60 ./Source/FreeRtos/portable/MemMang/heap_4.o
                0x0002a92e                pvPortCalloc
 *fill*         0x0002a98e        0x2 
 .text.prvHeapInit
                0x0002a990       0xb8 ./Source/FreeRtos/portable/MemMang/heap_4.o
 .text.prvInsertBlockIntoFreeList
                0x0002aa48       0xb4 ./Source/FreeRtos/portable/MemMang/heap_4.o
 .text.vPortGetHeapStats
                0x0002aafc       0xbc ./Source/FreeRtos/portable/MemMang/heap_4.o
                0x0002aafc                vPortGetHeapStats
 .text.HCSR04_init
                0x0002abb8       0x3c ./Source/Middleware/HCSR04/HCSR04.o
                0x0002abb8                HCSR04_init
 .text.HCSR04_get_distance
                0x0002abf4       0xbc ./Source/Middleware/HCSR04/HCSR04.o
                0x0002abf4                HCSR04_get_distance
 .text.MCP3208  0x0002acb0      0x118 ./Source/Middleware/MCP3208/MCP3208.o
                0x0002acb0                MCP3208
 .text.Calculate_Compass_Heading
                0x0002adc8       0xcc ./Source/Middleware/MPU9250/Compas.o
                0x0002adc8                Calculate_Compass_Heading
 *fill*         0x0002ae94        0x4 
 .text.apply_gravity_compensation
                0x0002ae98      0x17c ./Source/Middleware/MPU9250/Complementary_filter.o
                0x0002ae98                apply_gravity_compensation
 *fill*         0x0002b014        0x4 
 .text.Complementary_Filter
                0x0002b018      0x29c ./Source/Middleware/MPU9250/Complementary_filter.o
                0x0002b018                Complementary_Filter
 .text.compute_alpha_lpf
                0x0002b2b4       0x34 ./Source/Middleware/MPU9250/Digital_filters.o
                0x0002b2b4                compute_alpha_lpf
 .text.compute_alpha_hpf
                0x0002b2e8       0x34 ./Source/Middleware/MPU9250/Digital_filters.o
                0x0002b2e8                compute_alpha_hpf
 .text.low_pass_filter
                0x0002b31c       0x40 ./Source/Middleware/MPU9250/Digital_filters.o
                0x0002b31c                low_pass_filter
 .text.high_pass_filter
                0x0002b35c       0x30 ./Source/Middleware/MPU9250/Digital_filters.o
                0x0002b35c                high_pass_filter
 .text.apply_low_pass_filter
                0x0002b38c      0x140 ./Source/Middleware/MPU9250/Digital_filters.o
                0x0002b38c                apply_low_pass_filter
 .text.apply_high_pass_filter
                0x0002b4cc      0x13c ./Source/Middleware/MPU9250/Digital_filters.o
                0x0002b4cc                apply_high_pass_filter
 .text.EKF_Init
                0x0002b608       0x64 ./Source/Middleware/MPU9250/Extended_Kelman_Filter.o
                0x0002b608                EKF_Init
 .text.EKF_Update
                0x0002b66c      0x25a ./Source/Middleware/MPU9250/Extended_Kelman_Filter.o
                0x0002b66c                EKF_Update
 *fill*         0x0002b8c6        0x2 
 .text.EKF_Filter_Angles
                0x0002b8c8      0x23c ./Source/Middleware/MPU9250/Extended_Kelman_Filter.o
                0x0002b8c8                EKF_Filter_Angles
 .text.Kalman_Init
                0x0002bb04       0x64 ./Source/Middleware/MPU9250/Kelman_filter.o
                0x0002bb04                Kalman_Init
 .text.Kalman_Update
                0x0002bb68      0x1e0 ./Source/Middleware/MPU9250/Kelman_filter.o
                0x0002bb68                Kalman_Update
 .text.Kalman_Filter_Angles
                0x0002bd48      0x1fc ./Source/Middleware/MPU9250/Kelman_filter.o
                0x0002bd48                Kalman_Filter_Angles
 .text.MPU9250_Init
                0x0002bf44       0xc4 ./Source/Middleware/MPU9250/MPU9250.o
                0x0002bf44                MPU9250_Init
 .text.MPU9250_Init_Magnetometer
                0x0002c008       0x54 ./Source/Middleware/MPU9250/MPU9250.o
                0x0002c008                MPU9250_Init_Magnetometer
 .text.MPU9250_INT_PIN_CFG_EN_BYPASS
                0x0002c05c       0x44 ./Source/Middleware/MPU9250/MPU9250.o
                0x0002c05c                MPU9250_INT_PIN_CFG_EN_BYPASS
 .text.Set_Accelerometer_Scale
                0x0002c0a0      0x104 ./Source/Middleware/MPU9250/MPU9250.o
                0x0002c0a0                Set_Accelerometer_Scale
 .text.Set_Gyroscope_Scale
                0x0002c1a4      0x10c ./Source/Middleware/MPU9250/MPU9250.o
                0x0002c1a4                Set_Gyroscope_Scale
 .text.Set_Magnetometer_Scale
                0x0002c2b0       0x74 ./Source/Middleware/MPU9250/MPU9250.o
                0x0002c2b0                Set_Magnetometer_Scale
 .text.Set_Accelerometer_Bandwidth
                0x0002c324       0x2c ./Source/Middleware/MPU9250/MPU9250.o
                0x0002c324                Set_Accelerometer_Bandwidth
 .text.Set_Gyroscope_Bandwidth
                0x0002c350       0x2c ./Source/Middleware/MPU9250/MPU9250.o
                0x0002c350                Set_Gyroscope_Bandwidth
 .text.Set_Magnetometer_Bandwidth
                0x0002c37c       0x54 ./Source/Middleware/MPU9250/MPU9250.o
                0x0002c37c                Set_Magnetometer_Bandwidth
 .text.Set_Magnetometer_Mode
                0x0002c3d0       0x54 ./Source/Middleware/MPU9250/MPU9250.o
                0x0002c3d0                Set_Magnetometer_Mode
 .text.Calculate_SMPLRT_DIV
                0x0002c424       0x26 ./Source/Middleware/MPU9250/MPU9250.o
                0x0002c424                Calculate_SMPLRT_DIV
 *fill*         0x0002c44a        0x2 
 .text.Set_Sample_Rate
                0x0002c44c       0x34 ./Source/Middleware/MPU9250/MPU9250.o
                0x0002c44c                Set_Sample_Rate
 .text.MPU9250_Read_Accelerometer
                0x0002c480       0x74 ./Source/Middleware/MPU9250/MPU9250.o
                0x0002c480                MPU9250_Read_Accelerometer
 .text.MPU9250_Read_Gyroscope
                0x0002c4f4       0x74 ./Source/Middleware/MPU9250/MPU9250.o
                0x0002c4f4                MPU9250_Read_Gyroscope
 .text.MPU9250_Read_Magnetometer
                0x0002c568       0x74 ./Source/Middleware/MPU9250/MPU9250.o
                0x0002c568                MPU9250_Read_Magnetometer
 .text.MPU9250_Read_Temperature
                0x0002c5dc       0x54 ./Source/Middleware/MPU9250/MPU9250.o
                0x0002c5dc                MPU9250_Read_Temperature
 .text.Convert_Accelerometer_To_Physical
                0x0002c630      0x108 ./Source/Middleware/MPU9250/MPU9250.o
                0x0002c630                Convert_Accelerometer_To_Physical
 .text.Convert_Gyroscope_To_Physical
                0x0002c738       0x6e ./Source/Middleware/MPU9250/MPU9250.o
                0x0002c738                Convert_Gyroscope_To_Physical
 .text.Convert_Magnetometer_To_Physical
                0x0002c7a6       0x6e ./Source/Middleware/MPU9250/MPU9250.o
                0x0002c7a6                Convert_Magnetometer_To_Physical
 *fill*         0x0002c814        0x4 
 .text.Convert_Temperature_To_Physical
                0x0002c818       0x64 ./Source/Middleware/MPU9250/MPU9250.o
                0x0002c818                Convert_Temperature_To_Physical
 .text.Apply_Offsets_accel
                0x0002c87c       0xf4 ./Source/Middleware/MPU9250/MPU9250.o
                0x0002c87c                Apply_Offsets_accel
 .text.Apply_Offsets_gyro
                0x0002c970       0x5c ./Source/Middleware/MPU9250/MPU9250.o
                0x0002c970                Apply_Offsets_gyro
 .text.Apply_Offsets
                0x0002c9cc       0x1c ./Source/Middleware/MPU9250/MPU9250.o
                0x0002c9cc                Apply_Offsets
 .text.MPU9250_set_accel_offset
                0x0002c9e8       0x2c ./Source/Middleware/MPU9250/MPU9250.o
                0x0002c9e8                MPU9250_set_accel_offset
 .text.MPU9250_set_gyro_offset
                0x0002ca14       0xc8 ./Source/Middleware/MPU9250/MPU9250.o
                0x0002ca14                MPU9250_set_gyro_offset
 .text.Read_MPU9250
                0x0002cadc       0x58 ./Source/Middleware/MPU9250/MPU9250.o
                0x0002cadc                Read_MPU9250
 .text.MPU9250_Get_Offset
                0x0002cb34      0x1bc ./Source/Middleware/MPU9250/MPU9250.o
                0x0002cb34                MPU9250_Get_Offset
 .text.ssd1306_init
                0x0002ccf0       0xe8 ./Source/Middleware/OLED_SSD1306/SSD1306.o
                0x0002ccf0                ssd1306_init
 .text.ssd1306_command
                0x0002cdd8       0x28 ./Source/Middleware/OLED_SSD1306/SSD1306.o
                0x0002cdd8                ssd1306_command
 .text.ssd1306_data
                0x0002ce00       0x28 ./Source/Middleware/OLED_SSD1306/SSD1306.o
                0x0002ce00                ssd1306_data
 .text.ssd1306_setcursor
                0x0002ce28       0x64 ./Source/Middleware/OLED_SSD1306/SSD1306.o
                0x0002ce28                ssd1306_setcursor
 .text.ssd1306_Print_String
                0x0002ce8c       0xe8 ./Source/Middleware/OLED_SSD1306/SSD1306.o
                0x0002ce8c                ssd1306_Print_String
 .text.ssd1306_clear
                0x0002cf74       0x34 ./Source/Middleware/OLED_SSD1306/SSD1306.o
                0x0002cf74                ssd1306_clear
 .text.ssd1306_clear_row
                0x0002cfa8       0x36 ./Source/Middleware/OLED_SSD1306/SSD1306.o
                0x0002cfa8                ssd1306_clear_row
 *fill*         0x0002cfde        0x2 
 .text.ssd1306_refresh
                0x0002cfe0       0x3c ./Source/Middleware/OLED_SSD1306/SSD1306.o
                0x0002cfe0                ssd1306_refresh
 .text.ssd1306_buffer_flush
                0x0002d01c       0x2c ./Source/Middleware/OLED_SSD1306/SSD1306.o
                0x0002d01c                ssd1306_buffer_flush
 .text.ssd1306_draw_pixel
                0x0002d048       0xa8 ./Source/Middleware/OLED_SSD1306/SSD1306.o
                0x0002d048                ssd1306_draw_pixel
 .text.ssd1306_draw_line
                0x0002d0f0      0x110 ./Source/Middleware/OLED_SSD1306/SSD1306.o
                0x0002d0f0                ssd1306_draw_line
 .text.ssd1306_set_text_size
                0x0002d200       0x34 ./Source/Middleware/OLED_SSD1306/SSD1306.o
                0x0002d200                ssd1306_set_text_size
 .text.ssd1306_fill_rect
                0x0002d234       0x78 ./Source/Middleware/OLED_SSD1306/SSD1306.o
                0x0002d234                ssd1306_fill_rect
 .text.ssd1306_DrawRect
                0x0002d2ac       0xa8 ./Source/Middleware/OLED_SSD1306/SSD1306.o
                0x0002d2ac                ssd1306_DrawRect
 .text.ssd1306_SetDrawWindow
                0x0002d354       0x5a ./Source/Middleware/OLED_SSD1306/SSD1306.o
                0x0002d354                ssd1306_SetDrawWindow
 .text.ssd1306_set_display_mode
                0x0002d3ae       0x40 ./Source/Middleware/OLED_SSD1306/SSD1306.o
                0x0002d3ae                ssd1306_set_display_mode
 .text.ssd1306_DrawCircle
                0x0002d3ee      0x182 ./Source/Middleware/OLED_SSD1306/SSD1306.o
                0x0002d3ee                ssd1306_DrawCircle
 .text.ssd1306_clear_refresh
                0x0002d570       0x4e ./Source/Middleware/OLED_SSD1306/SSD1306.o
                0x0002d570                ssd1306_clear_refresh
 *fill*         0x0002d5be        0x2 
 .text.ssd1306_shiva_logo
                0x0002d5c0       0x3c ./Source/Middleware/OLED_SSD1306/SSD1306.o
                0x0002d5c0                ssd1306_shiva_logo
 .text.ssd1306_snake_logo
                0x0002d5fc       0x3c ./Source/Middleware/OLED_SSD1306/SSD1306.o
                0x0002d5fc                ssd1306_snake_logo
 .text.ds3231_init
                0x0002d638       0x18 ./Source/Middleware/RTC_DS3231/DS3231.o
                0x0002d638                ds3231_init
 .text.process_get_data
                0x0002d650       0x26 ./Source/Middleware/RTC_DS3231/DS3231.o
 *fill*         0x0002d676        0x2 
 .text.process_set_data
                0x0002d678       0x34 ./Source/Middleware/RTC_DS3231/DS3231.o
 .text.ds3231_read_sec
                0x0002d6ac       0x34 ./Source/Middleware/RTC_DS3231/DS3231.o
                0x0002d6ac                ds3231_read_sec
 .text.ds3231_write_sec
                0x0002d6e0       0x34 ./Source/Middleware/RTC_DS3231/DS3231.o
                0x0002d6e0                ds3231_write_sec
 .text.ds3231_read_min
                0x0002d714       0x34 ./Source/Middleware/RTC_DS3231/DS3231.o
                0x0002d714                ds3231_read_min
 .text.ds3231_write_min
                0x0002d748       0x34 ./Source/Middleware/RTC_DS3231/DS3231.o
                0x0002d748                ds3231_write_min
 .text.ds3231_read_hrs
                0x0002d77c       0x34 ./Source/Middleware/RTC_DS3231/DS3231.o
                0x0002d77c                ds3231_read_hrs
 .text.ds3231_write_hrs
                0x0002d7b0       0x34 ./Source/Middleware/RTC_DS3231/DS3231.o
                0x0002d7b0                ds3231_write_hrs
 .text.exit     0x0002d7e4       0x20 c:/ti/ccs1220/ccs/tools/compiler/gcc-arm-none-eabi-9-2019-q4-major/bin/../lib/gcc/arm-none-eabi/9.2.1/../../../../arm-none-eabi/lib/thumb/v7e-m/nofp\libc.a(lib_a-exit.o)
                0x0002d7e4                exit
 .text.__libc_init_array
                0x0002d804       0x48 c:/ti/ccs1220/ccs/tools/compiler/gcc-arm-none-eabi-9-2019-q4-major/bin/../lib/gcc/arm-none-eabi/9.2.1/../../../../arm-none-eabi/lib/thumb/v7e-m/nofp\libc.a(lib_a-init.o)
                0x0002d804                __libc_init_array
 .text.memset   0x0002d84c       0xa0 c:/ti/ccs1220/ccs/tools/compiler/gcc-arm-none-eabi-9-2019-q4-major/bin/../lib/gcc/arm-none-eabi/9.2.1/../../../../arm-none-eabi/lib/thumb/v7e-m/nofp\libc.a(lib_a-memset.o)
                0x0002d84c                memset
 .text._printf_r
                0x0002d8ec       0x20 c:/ti/ccs1220/ccs/tools/compiler/gcc-arm-none-eabi-9-2019-q4-major/bin/../lib/gcc/arm-none-eabi/9.2.1/../../../../arm-none-eabi/lib/thumb/v7e-m/nofp\libc.a(lib_a-printf.o)
                0x0002d8ec                _printf_r
 .text.printf   0x0002d90c       0x28 c:/ti/ccs1220/ccs/tools/compiler/gcc-arm-none-eabi-9-2019-q4-major/bin/../lib/gcc/arm-none-eabi/9.2.1/../../../../arm-none-eabi/lib/thumb/v7e-m/nofp\libc.a(lib_a-printf.o)
                0x0002d90c                printf
 .text._puts_r  0x0002d934       0x9c c:/ti/ccs1220/ccs/tools/compiler/gcc-arm-none-eabi-9-2019-q4-major/bin/../lib/gcc/arm-none-eabi/9.2.1/../../../../arm-none-eabi/lib/thumb/v7e-m/nofp\libc.a(lib_a-puts.o)
                0x0002d934                _puts_r
 .text.puts     0x0002d9d0       0x10 c:/ti/ccs1220/ccs/tools/compiler/gcc-arm-none-eabi-9-2019-q4-major/bin/../lib/gcc/arm-none-eabi/9.2.1/../../../../arm-none-eabi/lib/thumb/v7e-m/nofp\libc.a(lib_a-puts.o)
                0x0002d9d0                puts
 .text._sprintf_r
                0x0002d9e0       0x38 c:/ti/ccs1220/ccs/tools/compiler/gcc-arm-none-eabi-9-2019-q4-major/bin/../lib/gcc/arm-none-eabi/9.2.1/../../../../arm-none-eabi/lib/thumb/v7e-m/nofp\libc.a(lib_a-sprintf.o)
                0x0002d9e0                _sprintf_r
 .text.sprintf  0x0002da18       0x44 c:/ti/ccs1220/ccs/tools/compiler/gcc-arm-none-eabi-9-2019-q4-major/bin/../lib/gcc/arm-none-eabi/9.2.1/../../../../arm-none-eabi/lib/thumb/v7e-m/nofp\libc.a(lib_a-sprintf.o)
                0x0002da18                sprintf
 .text.strcpy   0x0002da5c       0xbc c:/ti/ccs1220/ccs/tools/compiler/gcc-arm-none-eabi-9-2019-q4-major/bin/../lib/gcc/arm-none-eabi/9.2.1/../../../../arm-none-eabi/lib/thumb/v7e-m/nofp\libc.a(lib_a-strcpy.o)
                0x0002da5c                strcpy
 .text._svfprintf_r
                0x0002db18     0x1acc c:/ti/ccs1220/ccs/tools/compiler/gcc-arm-none-eabi-9-2019-q4-major/bin/../lib/gcc/arm-none-eabi/9.2.1/../../../../arm-none-eabi/lib/thumb/v7e-m/nofp\libc.a(lib_a-svfprintf.o)
                0x0002db18                _svfprintf_r
 .text._vfprintf_r
                0x0002f5e4     0x1b84 c:/ti/ccs1220/ccs/tools/compiler/gcc-arm-none-eabi-9-2019-q4-major/bin/../lib/gcc/arm-none-eabi/9.2.1/../../../../arm-none-eabi/lib/thumb/v7e-m/nofp\libc.a(lib_a-vfprintf.o)
                0x0002f5e4                _vfprintf_r
 .text.vfprintf
                0x00031168       0x18 c:/ti/ccs1220/ccs/tools/compiler/gcc-arm-none-eabi-9-2019-q4-major/bin/../lib/gcc/arm-none-eabi/9.2.1/../../../../arm-none-eabi/lib/thumb/v7e-m/nofp\libc.a(lib_a-vfprintf.o)
                0x00031168                vfprintf
 .text.__sbprintf
                0x00031180       0x84 c:/ti/ccs1220/ccs/tools/compiler/gcc-arm-none-eabi-9-2019-q4-major/bin/../lib/gcc/arm-none-eabi/9.2.1/../../../../arm-none-eabi/lib/thumb/v7e-m/nofp\libc.a(lib_a-vfprintf.o)
 .text.__swsetup_r
                0x00031204       0xd0 c:/ti/ccs1220/ccs/tools/compiler/gcc-arm-none-eabi-9-2019-q4-major/bin/../lib/gcc/arm-none-eabi/9.2.1/../../../../arm-none-eabi/lib/thumb/v7e-m/nofp\libc.a(lib_a-wsetup.o)
                0x00031204                __swsetup_r
 .text.startup.register_fini
                0x000312d4       0x14 c:/ti/ccs1220/ccs/tools/compiler/gcc-arm-none-eabi-9-2019-q4-major/bin/../lib/gcc/arm-none-eabi/9.2.1/../../../../arm-none-eabi/lib/thumb/v7e-m/nofp\libc.a(lib_a-__call_atexit.o)
 .text.__call_exitprocs
                0x000312e8       0xc4 c:/ti/ccs1220/ccs/tools/compiler/gcc-arm-none-eabi-9-2019-q4-major/bin/../lib/gcc/arm-none-eabi/9.2.1/../../../../arm-none-eabi/lib/thumb/v7e-m/nofp\libc.a(lib_a-__call_atexit.o)
                0x000312e8                __call_exitprocs
 .text.atexit   0x000313ac        0xc c:/ti/ccs1220/ccs/tools/compiler/gcc-arm-none-eabi-9-2019-q4-major/bin/../lib/gcc/arm-none-eabi/9.2.1/../../../../arm-none-eabi/lib/thumb/v7e-m/nofp\libc.a(lib_a-atexit.o)
                0x000313ac                atexit
 .text.quorem   0x000313b8      0x11c c:/ti/ccs1220/ccs/tools/compiler/gcc-arm-none-eabi-9-2019-q4-major/bin/../lib/gcc/arm-none-eabi/9.2.1/../../../../arm-none-eabi/lib/thumb/v7e-m/nofp\libc.a(lib_a-dtoa.o)
 *fill*         0x000314d4        0x4 
 .text._dtoa_r  0x000314d8      0xeb8 c:/ti/ccs1220/ccs/tools/compiler/gcc-arm-none-eabi-9-2019-q4-major/bin/../lib/gcc/arm-none-eabi/9.2.1/../../../../arm-none-eabi/lib/thumb/v7e-m/nofp\libc.a(lib_a-dtoa.o)
                0x000314d8                _dtoa_r
 .text.__sflush_r
                0x00032390      0x130 c:/ti/ccs1220/ccs/tools/compiler/gcc-arm-none-eabi-9-2019-q4-major/bin/../lib/gcc/arm-none-eabi/9.2.1/../../../../arm-none-eabi/lib/thumb/v7e-m/nofp\libc.a(lib_a-fflush.o)
                0x00032390                __sflush_r
 .text._fflush_r
                0x000324c0       0x5c c:/ti/ccs1220/ccs/tools/compiler/gcc-arm-none-eabi-9-2019-q4-major/bin/../lib/gcc/arm-none-eabi/9.2.1/../../../../arm-none-eabi/lib/thumb/v7e-m/nofp\libc.a(lib_a-fflush.o)
                0x000324c0                _fflush_r
 .text.fflush   0x0003251c       0x24 c:/ti/ccs1220/ccs/tools/compiler/gcc-arm-none-eabi-9-2019-q4-major/bin/../lib/gcc/arm-none-eabi/9.2.1/../../../../arm-none-eabi/lib/thumb/v7e-m/nofp\libc.a(lib_a-fflush.o)
                0x0003251c                fflush
 .text.std      0x00032540       0x50 c:/ti/ccs1220/ccs/tools/compiler/gcc-arm-none-eabi-9-2019-q4-major/bin/../lib/gcc/arm-none-eabi/9.2.1/../../../../arm-none-eabi/lib/thumb/v7e-m/nofp\libc.a(lib_a-findfp.o)
 .text._cleanup_r
                0x00032590        0xc c:/ti/ccs1220/ccs/tools/compiler/gcc-arm-none-eabi-9-2019-q4-major/bin/../lib/gcc/arm-none-eabi/9.2.1/../../../../arm-none-eabi/lib/thumb/v7e-m/nofp\libc.a(lib_a-findfp.o)
                0x00032590                _cleanup_r
 .text.__fp_lock
                0x0003259c       0x1c c:/ti/ccs1220/ccs/tools/compiler/gcc-arm-none-eabi-9-2019-q4-major/bin/../lib/gcc/arm-none-eabi/9.2.1/../../../../arm-none-eabi/lib/thumb/v7e-m/nofp\libc.a(lib_a-findfp.o)
 .text.__fp_unlock
                0x000325b8       0x1c c:/ti/ccs1220/ccs/tools/compiler/gcc-arm-none-eabi-9-2019-q4-major/bin/../lib/gcc/arm-none-eabi/9.2.1/../../../../arm-none-eabi/lib/thumb/v7e-m/nofp\libc.a(lib_a-findfp.o)
 .text.__sfmoreglue
                0x000325d4       0x30 c:/ti/ccs1220/ccs/tools/compiler/gcc-arm-none-eabi-9-2019-q4-major/bin/../lib/gcc/arm-none-eabi/9.2.1/../../../../arm-none-eabi/lib/thumb/v7e-m/nofp\libc.a(lib_a-findfp.o)
                0x000325d4                __sfmoreglue
 .text._cleanup
                0x00032604       0x14 c:/ti/ccs1220/ccs/tools/compiler/gcc-arm-none-eabi-9-2019-q4-major/bin/../lib/gcc/arm-none-eabi/9.2.1/../../../../arm-none-eabi/lib/thumb/v7e-m/nofp\libc.a(lib_a-findfp.o)
                0x00032604                _cleanup
 .text.__sinit  0x00032618       0x54 c:/ti/ccs1220/ccs/tools/compiler/gcc-arm-none-eabi-9-2019-q4-major/bin/../lib/gcc/arm-none-eabi/9.2.1/../../../../arm-none-eabi/lib/thumb/v7e-m/nofp\libc.a(lib_a-findfp.o)
                0x00032618                __sinit
 .text.__sfp    0x0003266c       0xa4 c:/ti/ccs1220/ccs/tools/compiler/gcc-arm-none-eabi-9-2019-q4-major/bin/../lib/gcc/arm-none-eabi/9.2.1/../../../../arm-none-eabi/lib/thumb/v7e-m/nofp\libc.a(lib_a-findfp.o)
                0x0003266c                __sfp
 .text.__sfp_lock_acquire
                0x00032710        0xc c:/ti/ccs1220/ccs/tools/compiler/gcc-arm-none-eabi-9-2019-q4-major/bin/../lib/gcc/arm-none-eabi/9.2.1/../../../../arm-none-eabi/lib/thumb/v7e-m/nofp\libc.a(lib_a-findfp.o)
                0x00032710                __sfp_lock_acquire
 .text.__sfp_lock_release